Archive member included to satisfy reference by file (symbol)

c:/users/дмитрий/appdata/roaming/xpacks/@gnu-mcu-eclipse/arm-none-eabi-gcc/8.2.1-1.7.1/.content/bin/../lib/gcc/arm-none-eabi/8.2.1/thumb/v7e-m/nofp\libgcc.a(unwind-arm.o)
                              ./System/Src/newlib/cxx.o (__aeabi_unwind_cpp_pr1)
c:/users/дмитрий/appdata/roaming/xpacks/@gnu-mcu-eclipse/arm-none-eabi-gcc/8.2.1-1.7.1/.content/bin/../lib/gcc/arm-none-eabi/8.2.1/thumb/v7e-m/nofp\libgcc.a(libunwind.o)
                              c:/users/дмитрий/appdata/roaming/xpacks/@gnu-mcu-eclipse/arm-none-eabi-gcc/8.2.1-1.7.1/.content/bin/../lib/gcc/arm-none-eabi/8.2.1/thumb/v7e-m/nofp\libgcc.a(unwind-arm.o) (restore_core_regs)
c:/users/дмитрий/appdata/roaming/xpacks/@gnu-mcu-eclipse/arm-none-eabi-gcc/8.2.1-1.7.1/.content/bin/../lib/gcc/arm-none-eabi/8.2.1/thumb/v7e-m/nofp\libgcc.a(pr-support.o)
                              c:/users/дмитрий/appdata/roaming/xpacks/@gnu-mcu-eclipse/arm-none-eabi-gcc/8.2.1-1.7.1/.content/bin/../lib/gcc/arm-none-eabi/8.2.1/thumb/v7e-m/nofp\libgcc.a(unwind-arm.o) (__gnu_unwind_execute)
c:/users/дмитрий/appdata/roaming/xpacks/@gnu-mcu-eclipse/arm-none-eabi-gcc/8.2.1-1.7.1/.content/bin/../lib/gcc/arm-none-eabi/8.2.1/../../../../arm-none-eabi/lib/thumb/v7e-m/nofp\libg_nano.a(lib_a-abs.o)
                              ./Src/ILI9341_GFX.o (abs)
c:/users/дмитрий/appdata/roaming/xpacks/@gnu-mcu-eclipse/arm-none-eabi-gcc/8.2.1-1.7.1/.content/bin/../lib/gcc/arm-none-eabi/8.2.1/../../../../arm-none-eabi/lib/thumb/v7e-m/nofp\libg_nano.a(lib_a-errno.o)
                              ./System/Src/newlib/sbrk.o (__errno)
c:/users/дмитрий/appdata/roaming/xpacks/@gnu-mcu-eclipse/arm-none-eabi-gcc/8.2.1-1.7.1/.content/bin/../lib/gcc/arm-none-eabi/8.2.1/../../../../arm-none-eabi/lib/thumb/v7e-m/nofp\libg_nano.a(lib_a-impure.o)
                              c:/users/дмитрий/appdata/roaming/xpacks/@gnu-mcu-eclipse/arm-none-eabi-gcc/8.2.1-1.7.1/.content/bin/../lib/gcc/arm-none-eabi/8.2.1/../../../../arm-none-eabi/lib/thumb/v7e-m/nofp\libg_nano.a(lib_a-errno.o) (_impure_ptr)
c:/users/дмитрий/appdata/roaming/xpacks/@gnu-mcu-eclipse/arm-none-eabi-gcc/8.2.1-1.7.1/.content/bin/../lib/gcc/arm-none-eabi/8.2.1/../../../../arm-none-eabi/lib/thumb/v7e-m/nofp\libg_nano.a(lib_a-memcpy-stub.o)
                              c:/users/дмитрий/appdata/roaming/xpacks/@gnu-mcu-eclipse/arm-none-eabi-gcc/8.2.1-1.7.1/.content/bin/../lib/gcc/arm-none-eabi/8.2.1/thumb/v7e-m/nofp\libgcc.a(unwind-arm.o) (memcpy)
c:/users/дмитрий/appdata/roaming/xpacks/@gnu-mcu-eclipse/arm-none-eabi-gcc/8.2.1-1.7.1/.content/bin/../lib/gcc/arm-none-eabi/8.2.1/../../../../arm-none-eabi/lib/thumb/v7e-m/nofp\libg_nano.a(lib_a-nano-vfprintf_float.o)
                              (_printf_float)
c:/users/дмитрий/appdata/roaming/xpacks/@gnu-mcu-eclipse/arm-none-eabi-gcc/8.2.1-1.7.1/.content/bin/../lib/gcc/arm-none-eabi/8.2.1/../../../../arm-none-eabi/lib/thumb/v7e-m/nofp\libg_nano.a(lib_a-nano-vfprintf_i.o)
                              c:/users/дмитрий/appdata/roaming/xpacks/@gnu-mcu-eclipse/arm-none-eabi-gcc/8.2.1-1.7.1/.content/bin/../lib/gcc/arm-none-eabi/8.2.1/../../../../arm-none-eabi/lib/thumb/v7e-m/nofp\libg_nano.a(lib_a-nano-vfprintf_float.o) (_printf_common)
c:/users/дмитрий/appdata/roaming/xpacks/@gnu-mcu-eclipse/arm-none-eabi-gcc/8.2.1-1.7.1/.content/bin/../lib/gcc/arm-none-eabi/8.2.1/../../../../arm-none-eabi/lib/thumb/v7e-m/nofp\libg_nano.a(lib_a-nano-vfscanf_float.o)
                              (_scanf_float)
c:/users/дмитрий/appdata/roaming/xpacks/@gnu-mcu-eclipse/arm-none-eabi-gcc/8.2.1-1.7.1/.content/bin/../lib/gcc/arm-none-eabi/8.2.1/../../../../arm-none-eabi/lib/thumb/v7e-m/nofp\libg_nano.a(lib_a-sf_nan.o)
                              c:/users/дмитрий/appdata/roaming/xpacks/@gnu-mcu-eclipse/arm-none-eabi-gcc/8.2.1-1.7.1/.content/bin/../lib/gcc/arm-none-eabi/8.2.1/../../../../arm-none-eabi/lib/thumb/v7e-m/nofp\libg_nano.a(lib_a-nano-vfscanf_float.o) (nanf)
c:/users/дмитрий/appdata/roaming/xpacks/@gnu-mcu-eclipse/arm-none-eabi-gcc/8.2.1-1.7.1/.content/bin/../lib/gcc/arm-none-eabi/8.2.1/../../../../arm-none-eabi/lib/thumb/v7e-m/nofp\libg_nano.a(lib_a-sprintf.o)
                              c:/users/дмитрий/appdata/roaming/xpacks/@gnu-mcu-eclipse/arm-none-eabi-gcc/8.2.1-1.7.1/.content/bin/../lib/gcc/arm-none-eabi/8.2.1/../../../../arm-none-eabi/lib/thumb/v7e-m/nofp\libg_nano.a(lib_a-nano-vfscanf_float.o) (sprintf)
c:/users/дмитрий/appdata/roaming/xpacks/@gnu-mcu-eclipse/arm-none-eabi-gcc/8.2.1-1.7.1/.content/bin/../lib/gcc/arm-none-eabi/8.2.1/../../../../arm-none-eabi/lib/thumb/v7e-m/nofp\libg_nano.a(lib_a-strlen.o)
                              ./System/Src/diag/trace.o (strlen)
c:/users/дмитрий/appdata/roaming/xpacks/@gnu-mcu-eclipse/arm-none-eabi-gcc/8.2.1-1.7.1/.content/bin/../lib/gcc/arm-none-eabi/8.2.1/../../../../arm-none-eabi/lib/thumb/v7e-m/nofp\libg_nano.a(lib_a-strtod.o)
[...]
Memory Configuration

Name             Origin             Length             Attributes
FLASH            0x0000000008000000 0x0000000000080000 xr
RAM              0x0000000020000000 0x0000000000030000 xrw
CCMRAM           0x0000000010000000 0x0000000000000000 xrw
FLASHB1          0x0000000000000000 0x0000000000000000 xr
EXTMEMB0         0x0000000000000000 0x0000000000000000 xr
EXTMEMB1         0x0000000000000000 0x0000000000000000 xr
EXTMEMB2         0x0000000000000000 0x0000000000000000 xr
EXTMEMB3         0x0000000000000000 0x0000000000000000 xr
*default*        0x0000000000000000 0xffffffffffffffff

Linker script and memory map

LOAD ./System/Src/newlib/assert.o
LOAD ./System/Src/newlib/cxx.o
LOAD ./System/Src/newlib/exit.o
LOAD ./System/Src/newlib/sbrk.o
LOAD ./System/Src/newlib/startup.o
LOAD ./System/Src/newlib/syscalls.o
LOAD ./System/Src/gd32f4xx/gd32f4xx_adc.o
LOAD ./System/Src/gd32f4xx/gd32f4xx_can.o
LOAD ./System/Src/gd32f4xx/gd32f4xx_crc.o
LOAD ./System/Src/gd32f4xx/gd32f4xx_ctc.o
LOAD ./System/Src/gd32f4xx/gd32f4xx_dac.o
LOAD ./System/Src/gd32f4xx/gd32f4xx_dbg.o
LOAD ./System/Src/gd32f4xx/gd32f4xx_dci.o
LOAD ./System/Src/gd32f4xx/gd32f4xx_dma.o
LOAD ./System/Src/gd32f4xx/gd32f4xx_enet.o
LOAD ./System/Src/gd32f4xx/gd32f4xx_exmc.o
LOAD ./System/Src/gd32f4xx/gd32f4xx_exti.o
LOAD ./System/Src/gd32f4xx/gd32f4xx_fmc.o
LOAD ./System/Src/gd32f4xx/gd32f4xx_fwdgt.o
LOAD ./System/Src/gd32f4xx/gd32f4xx_gpio.o
LOAD ./System/Src/gd32f4xx/gd32f4xx_i2c.o
LOAD ./System/Src/gd32f4xx/gd32f4xx_ipa.o
LOAD ./System/Src/gd32f4xx/gd32f4xx_iref.o
LOAD ./System/Src/gd32f4xx/gd32f4xx_misc.o
LOAD ./System/Src/gd32f4xx/gd32f4xx_pmu.o
LOAD ./System/Src/gd32f4xx/gd32f4xx_rcu.o
LOAD ./System/Src/gd32f4xx/gd32f4xx_rtc.o
LOAD ./System/Src/gd32f4xx/gd32f4xx_sdio.o
LOAD ./System/Src/gd32f4xx/gd32f4xx_spi.o
LOAD ./System/Src/gd32f4xx/gd32f4xx_syscfg.o
LOAD ./System/Src/gd32f4xx/gd32f4xx_timer.o
LOAD ./System/Src/gd32f4xx/gd32f4xx_tli.o
LOAD ./System/Src/gd32f4xx/gd32f4xx_trng.o
LOAD ./System/Src/gd32f4xx/gd32f4xx_usart.o
LOAD ./System/Src/gd32f4xx/gd32f4xx_wwdgt.o
LOAD ./System/Src/diag/trace-impl.o
LOAD ./System/Src/diag/trace.o
LOAD ./System/Src/cortexm/exception-handlers.o
LOAD ./System/Src/cortexm/initialize-hardware.o
LOAD ./System/Src/cortexm/reset-hardware.o
LOAD ./System/Src/CMSIS/system_gd32f4xx.o
LOAD ./System/Src/CMSIS/vectors_gd32f4xx.o
LOAD ./Src/ILI9341_GFX.o
LOAD ./Src/fonts.o
LOAD ./Src/main.o
LOAD ./Src/timer.o
LOAD ./Src/write.o
LOAD ./Src/xpt2046_touch.o
LOAD c:/users/дмитрий/appdata/roaming/xpacks/@gnu-mcu-eclipse/arm-none-eabi-gcc/8.2.1-1.7.1/.content/bin/../lib/gcc/arm-none-eabi/8.2.1/../../../../arm-none-eabi/lib/thumb/v7e-m/nofp\libstdc++_nano.a
LOAD c:/users/дмитрий/appdata/roaming/xpacks/@gnu-mcu-eclipse/arm-none-eabi-gcc/8.2.1-1.7.1/.content/bin/../lib/gcc/arm-none-eabi/8.2.1/../../../../arm-none-eabi/lib/thumb/v7e-m/nofp\libm.a
START GROUP
LOAD c:/users/дмитрий/appdata/roaming/xpacks/@gnu-mcu-eclipse/arm-none-eabi-gcc/8.2.1-1.7.1/.content/bin/../lib/gcc/arm-none-eabi/8.2.1/thumb/v7e-m/nofp\libgcc.a
LOAD c:/users/дмитрий/appdata/roaming/xpacks/@gnu-mcu-eclipse/arm-none-eabi-gcc/8.2.1-1.7.1/.content/bin/../lib/gcc/arm-none-eabi/8.2.1/../../../../arm-none-eabi/lib/thumb/v7e-m/nofp\libg_nano.a
LOAD c:/users/дмитрий/appdata/roaming/xpacks/@gnu-mcu-eclipse/arm-none-eabi-gcc/8.2.1-1.7.1/.content/bin/../lib/gcc/arm-none-eabi/8.2.1/../../../../arm-none-eabi/lib/thumb/v7e-m/nofp\libc_nano.a
END GROUP
START GROUP
LOAD c:/users/дмитрий/appdata/roaming/xpacks/@gnu-mcu-eclipse/arm-none-eabi-gcc/8.2.1-1.7.1/.content/bin/../lib/gcc/arm-none-eabi/8.2.1/thumb/v7e-m/nofp\libgcc.a
LOAD c:/users/дмитрий/appdata/roaming/xpacks/@gnu-mcu-eclipse/arm-none-eabi-gcc/8.2.1-1.7.1/.content/bin/../lib/gcc/arm-none-eabi/8.2.1/../../../../arm-none-eabi/lib/thumb/v7e-m/nofp\libc_nano.a
END GROUP
                0x0000000020030000                __stack = (ORIGIN (RAM) + LENGTH (RAM))
                0x0000000020030000                _estack = __stack
                0x0000000000000400                __Main_Stack_Size = 0x400
                [!provide]                        PROVIDE (_Main_Stack_Size = __Main_Stack_Size)
                0x000000002002fc00                __Main_Stack_Limit = (__stack - __Main_Stack_Size)
                [!provide]                        PROVIDE (_Main_Stack_Limit = __Main_Stack_Limit)
                0x0000000000000100                _Minimum_Stack_Size = 0x100
                0x0000000020000294                PROVIDE (_Heap_Begin = _end_noinit)
                0x000000002002fc00                PROVIDE (_Heap_Limit = (__stack - __Main_Stack_Size))

.isr_vector     0x0000000008000000      0x3ca
 FILL mask 0xff
                0x0000000008000000                __vectors_start = ABSOLUTE (.)
                0x0000000008000000                __vectors_start__ = ABSOLUTE (.)
 *(.isr_vector)
 .isr_vector    0x0000000008000000      0x188 ./System/Src/CMSIS/vectors_gd32f4xx.o
                0x0000000008000000                __isr_vectors
 *(.cfmconfig)
 *(.after_vectors .after_vectors.*)
 .after_vectors
                0x0000000008000188      0x114 ./System/Src/newlib/startup.o
                0x0000000008000188                _start
 .after_vectors
                0x000000000800029c      0x12c ./System/Src/cortexm/exception-handlers.o
                0x000000000800029c                Reset_Handler
                0x00000000080002a2                NMI_Handler
                0x00000000080002a6                HardFault_Handler
                0x00000000080002ba                HardFault_Handler_C
                0x0000000008000318                MemManage_Handler
                0x000000000800031c                BusFault_Handler
                0x0000000008000330                BusFault_Handler_C
                0x0000000008000364                UsageFault_Handler
                0x0000000008000378                UsageFault_Handler_C
                0x00000000080003ac                SVC_Handler
                0x00000000080003b0                DebugMon_Handler
                0x00000000080003b4                PendSV_Handler
 .after_vectors
                0x00000000080003c8        0x2 ./System/Src/CMSIS/vectors_gd32f4xx.o
                0x00000000080003c8                RTC_Alarm_IRQHandler
                0x00000000080003c8                EXTI2_IRQHandler
                0x00000000080003c8                TIMER2_IRQHandler
                0x00000000080003c8                LVD_IRQHandler
                0x00000000080003c8                CAN1_EWMC_IRQHandler
                0x00000000080003c8                TIMER7_UP_TIMER12_IRQHandler
                0x00000000080003c8                SDIO_IRQHandler
                0x00000000080003c8                EXTI3_IRQHandler
                0x00000000080003c8                DCI_IRQHandler
                0x00000000080003c8                USBFS_WKUP_IRQHandler
                0x00000000080003c8                USBHS_IRQHandler
                0x00000000080003c8                TIMER5_DAC_IRQHandler
                0x00000000080003c8                TIMER0_TRG_CMT_TIMER10_IRQHandler
                0x00000000080003c8                USBFS_IRQHandler
                0x00000000080003c8                TIMER3_IRQHandler
                0x00000000080003c8                DMA0_Channel6_IRQHandler
                0x00000000080003c8                I2C0_EV_IRQHandler
                0x00000000080003c8                EXTI0_IRQHandler
                0x00000000080003c8                I2C2_EV_IRQHandler
                0x00000000080003c8                CAN1_RX0_IRQHandler
                0x00000000080003c8                FPU_IRQHandler
                0x00000000080003c8                TIMER7_TRG_CMT_TIMER13_IRQHandler
                0x00000000080003c8                TIMER4_IRQHandler
                0x00000000080003c8                SPI1_IRQHandler
                0x00000000080003c8                DMA0_Channel0_IRQHandler
                0x00000000080003c8                USART5_IRQHandler
                0x00000000080003c8                TIMER0_BRK_TIMER8_IRQHandler
                0x00000000080003c8                DMA1_Channel0_IRQHandler
                0x00000000080003c8                TIMER7_BRK_TIMER11_IRQHandler
                0x00000000080003c8                TIMER6_IRQHandler
                0x00000000080003c8                DMA1_Channel4_IRQHandler
                0x00000000080003c8                DMA0_Channel3_IRQHandler
                0x00000000080003c8                I2C0_ER_IRQHandler
                0x00000000080003c8                TIMER0_UP_TIMER9_IRQHandler
                0x00000000080003c8                DMA1_Channel7_IRQHandler
                0x00000000080003c8                CAN1_RX1_IRQHandler
                0x00000000080003c8                DMA0_Channel2_IRQHandler
                0x00000000080003c8                USART0_IRQHandler
                0x00000000080003c8                TIMER1_IRQHandler
                0x00000000080003c8                I2C1_EV_IRQHandler
                0x00000000080003c8                DMA1_Channel6_IRQHandler
                0x00000000080003c8                UART4_IRQHandler
                0x00000000080003c8                EXTI10_15_IRQHandler
                0x00000000080003c8                DMA1_Channel1_IRQHandler
                0x00000000080003c8                Default_Handler
                0x00000000080003c8                TIMER7_Channel_IRQHandler
                0x00000000080003c8                ADC_IRQHandler
                0x00000000080003c8                DMA0_Channel7_IRQHandler
                0x00000000080003c8                CAN0_TX_IRQHandler
                0x00000000080003c8                WWDGT_IRQHandler
                0x00000000080003c8                TAMPER_STAMP_IRQHandler
                0x00000000080003c8                RTC_WKUP_IRQHandler
                0x00000000080003c8                SPI2_IRQHandler
                0x00000000080003c8                CAN1_TX_IRQHandler
                0x00000000080003c8                RCU_CTC_IRQHandler
                0x00000000080003c8                DMA1_Channel5_IRQHandler
                0x00000000080003c8                EXTI4_IRQHandler
                0x00000000080003c8                CAN0_RX1_IRQHandler
                0x00000000080003c8                DMA0_Channel5_IRQHandler
                0x00000000080003c8                DMA1_Channel3_IRQHandler
                0x00000000080003c8                EXTI5_9_IRQHandler
                0x00000000080003c8                DMA0_Channel1_IRQHandler
                0x00000000080003c8                TIMER0_Channel_IRQHandler
                0x00000000080003c8                EXTI1_IRQHandler
                0x00000000080003c8                USBHS_EP1_In_IRQHandler
                0x00000000080003c8                SPI0_IRQHandler
                0x00000000080003c8                USART2_IRQHandler
                0x00000000080003c8                CAN0_EWMC_IRQHandler
                0x00000000080003c8                CAN0_RX0_IRQHandler
                0x00000000080003c8                I2C2_ER_IRQHandler
                0x00000000080003c8                DMA1_Channel2_IRQHandler
                0x00000000080003c8                USART1_IRQHandler
                0x00000000080003c8                UART3_IRQHandler
                0x00000000080003c8                I2C1_ER_IRQHandler
                0x00000000080003c8                FMC_IRQHandler
                0x00000000080003c8                USBHS_WKUP_IRQHandler
                0x00000000080003c8                DMA0_Channel4_IRQHandler
                0x00000000080003c8                TRNG_IRQHandler
                0x00000000080003c8                USBHS_EP1_Out_IRQHandler

.inits          0x00000000080003cc       0x28
                0x00000000080003cc                __data_regions_array_start = .
                0x00000000080003cc        0x4 LONG 0x8005310 LOADADDR (.data)
                0x00000000080003d0        0x4 LONG 0x20000000 ADDR (.data)
                0x00000000080003d4        0x4 LONG 0x200001e8 (ADDR (.data) + SIZEOF (.data))
                0x00000000080003d8        0x4 LONG 0x8005310 LOADADDR (.data_CCMRAM)
                0x00000000080003dc        0x4 LONG 0x10000000 ADDR (.data_CCMRAM)
                0x00000000080003e0        0x4 LONG 0x10000000 (ADDR (.data_CCMRAM) + SIZEOF (.data_CCMRAM))
                0x00000000080003e4                __data_regions_array_end = .
                0x00000000080003e4                __bss_regions_array_start = .
                0x00000000080003e4        0x4 LONG 0x200001e8 ADDR (.bss)
                0x00000000080003e8        0x4 LONG 0x20000294 (ADDR (.bss) + SIZEOF (.bss))
                0x00000000080003ec        0x4 LONG 0x10000000 ADDR (.bss_CCMRAM)
                0x00000000080003f0        0x4 LONG 0x10000000 (ADDR (.bss_CCMRAM) + SIZEOF (.bss_CCMRAM))
                0x00000000080003f4                __bss_regions_array_end = .
 *(.init)
 *(.fini)
                0x00000000080003f4                . = ALIGN (0x4)
                0x00000000080003f4                PROVIDE (__preinit_array_start = .)
 *(.preinit_array_sysinit .preinit_array_sysinit.*)
 *(.preinit_array_platform .preinit_array_platform.*)
 *(.preinit_array .preinit_array.*)
                0x00000000080003f4                PROVIDE (__preinit_array_end = .)
                0x00000000080003f4                . = ALIGN (0x4)
                0x00000000080003f4                PROVIDE (__init_array_start = .)
 *(SORT_BY_NAME(.init_array.*))
 *(.init_array)
                0x00000000080003f4                PROVIDE (__init_array_end = .)
                0x00000000080003f4                . = ALIGN (0x4)
                0x00000000080003f4                PROVIDE (__fini_array_start = .)
 *(SORT_BY_NAME(.fini_array.*))
 *(.fini_array)
                0x00000000080003f4                PROVIDE (__fini_array_end = .)

.flashtext
 *(.flashtext .flashtext.*)

.text           0x0000000008000400     0x4f0d
 *(.text .text.*)
 .text._exit    0x0000000008000400        0x2 ./System/Src/newlib/exit.o
                0x0000000008000400                _exit
 *fill*         0x0000000008000402        0x2 
 .text._sbrk    0x0000000008000404       0x44 ./System/Src/newlib/sbrk.o
                0x0000000008000404                _sbrk
 .text.__initialize_args
                0x0000000008000448       0x10 ./System/Src/newlib/syscalls.o
                0x0000000008000448                __initialize_args
 .text._trace_write_semihosting_debug
                0x0000000008000458       0x60 ./System/Src/diag/trace-impl.o
 .text.trace_write
                0x00000000080004b8        0x8 ./System/Src/diag/trace-impl.o
                0x00000000080004b8                trace_write
 .text.trace_printf
                0x00000000080004c0       0x34 ./System/Src/diag/trace.o
                0x00000000080004c0                trace_printf
 .text.trace_puts
                0x00000000080004f4       0x20 ./System/Src/diag/trace.o
                0x00000000080004f4                trace_puts
 .text.dumpExceptionStack
                0x0000000008000514       0xf4 ./System/Src/cortexm/exception-handlers.o
                0x0000000008000514                dumpExceptionStack
 .text.isSemihosting
                0x0000000008000608       0x20 ./System/Src/cortexm/exception-handlers.o
                0x0000000008000608                isSemihosting
 .text.__initialize_hardware_early
                0x0000000008000628       0x18 ./System/Src/cortexm/initialize-hardware.o
                0x0000000008000628                __initialize_hardware_early
 .text.__initialize_hardware
                0x0000000008000640        0x8 ./System/Src/cortexm/initialize-hardware.o
                0x0000000008000640                __initialize_hardware
 .text.system_clock_168m_8m_hxtal
                0x0000000008000648       0xdc ./System/Src/CMSIS/system_gd32f4xx.o
 .text.system_clock_config
                0x0000000008000724        0x8 ./System/Src/CMSIS/system_gd32f4xx.o
 .text.SystemInit
                0x000000000800072c       0x9c ./System/Src/CMSIS/system_gd32f4xx.o
                0x000000000800072c                SystemInit
 .text.SystemCoreClockUpdate
                0x00000000080007c8       0xa4 ./System/Src/CMSIS/system_gd32f4xx.o
                0x00000000080007c8                SystemCoreClockUpdate
 .text.main     0x000000000800086c       0x3c ./Src/main.o
                0x000000000800086c                main
 .text.timer_start
                0x00000000080008a8       0x3c ./Src/timer.o
                0x00000000080008a8                timer_start
 .text.timer_sleep
                0x00000000080008e4       0x14 ./Src/timer.o
                0x00000000080008e4                timer_sleep
 .text.timer_tick
                0x00000000080008f8       0x14 ./Src/timer.o
                0x00000000080008f8                timer_tick
 .text.SysTick_Handler
                0x000000000800090c        0x8 ./Src/timer.o
                0x000000000800090c                SysTick_Handler
 .text.__errno  0x0000000008000914        0xc c:/users/дмитрий/appdata/roaming/xpacks/@gnu-mcu-eclipse/arm-none-eabi-gcc/8.2.1-1.7.1/.content/bin/../lib/gcc/arm-none-eabi/8.2.1/../../../../arm-none-eabi/lib/thumb/v7e-m/nofp\libg_nano.a(lib_a-errno.o)
                0x0000000008000914                __errno
 .text.memcpy   0x0000000008000920       0x1c c:/users/дмитрий/appdata/roaming/xpacks/@gnu-mcu-eclipse/arm-none-eabi-gcc/8.2.1-1.7.1/.content/bin/../lib/gcc/arm-none-eabi/8.2.1/../../../../arm-none-eabi/lib/thumb/v7e-m/nofp\libg_nano.a(lib_a-memcpy-stub.o)
                0x0000000008000920                memcpy
 .text.__cvt    0x000000000800093c       0xbc c:/users/дмитрий/appdata/roaming/xpacks/@gnu-mcu-eclipse/arm-none-eabi-gcc/8.2.1-1.7.1/.content/bin/../lib/gcc/arm-none-eabi/8.2.1/../../../../arm-none-eabi/lib/thumb/v7e-m/nofp\libg_nano.a(lib_a-nano-vfprintf_float.o)
                0x000000000800093c                __cvt
 .text.__exponent
                0x00000000080009f8       0x64 c:/users/дмитрий/appdata/roaming/xpacks/@gnu-mcu-eclipse/arm-none-eabi-gcc/8.2.1-1.7.1/.content/bin/../lib/gcc/arm-none-eabi/8.2.1/../../../../arm-none-eabi/lib/thumb/v7e-m/nofp\libg_nano.a(lib_a-nano-vfprintf_float.o)
                0x00000000080009f8                __exponent
 .text._printf_float
                0x0000000008000a5c      0x444 c:/users/дмитрий/appdata/roaming/xpacks/@gnu-mcu-eclipse/arm-none-eabi-gcc/8.2.1-1.7.1/.content/bin/../lib/gcc/arm-none-eabi/8.2.1/../../../../arm-none-eabi/lib/thumb/v7e-m/nofp\libg_nano.a(lib_a-nano-vfprintf_float.o)
                0x0000000008000a5c                _printf_float
 .text._printf_common
                0x0000000008000ea0       0xea c:/users/дмитрий/appdata/roaming/xpacks/@gnu-mcu-eclipse/arm-none-eabi-gcc/8.2.1-1.7.1/.content/bin/../lib/gcc/arm-none-eabi/8.2.1/../../../../arm-none-eabi/lib/thumb/v7e-m/nofp\libg_nano.a(lib_a-nano-vfprintf_i.o)
                0x0000000008000ea0                _printf_common
 *fill*         0x0000000008000f8a        0x2 
 .text._printf_i
                0x0000000008000f8c      0x228 c:/users/дмитрий/appdata/roaming/xpacks/@gnu-mcu-eclipse/arm-none-eabi-gcc/8.2.1-1.7.1/.content/bin/../lib/gcc/arm-none-eabi/8.2.1/../../../../arm-none-eabi/lib/thumb/v7e-m/nofp\libg_nano.a(lib_a-nano-vfprintf_i.o)
                0x0000000008000f8c                _printf_i
 .text._scanf_float
                0x00000000080011b4      0x3c0 c:/users/дмитрий/appdata/roaming/xpacks/@gnu-mcu-eclipse/arm-none-eabi-gcc/8.2.1-1.7.1/.content/bin/../lib/gcc/arm-none-eabi/8.2.1/../../../../arm-none-eabi/lib/thumb/v7e-m/nofp\libg_nano.a(lib_a-nano-vfscanf_float.o)
                0x00000000080011b4                _scanf_float
 .text.nanf     0x0000000008001574        0x8 c:/users/дмитрий/appdata/roaming/xpacks/@gnu-mcu-eclipse/arm-none-eabi-gcc/8.2.1-1.7.1/.content/bin/../lib/gcc/arm-none-eabi/8.2.1/../../../../arm-none-eabi/lib/thumb/v7e-m/nofp\libg_nano.a(lib_a-sf_nan.o)
                0x0000000008001574                nanf
 .text.sprintf  0x000000000800157c       0x40 c:/users/дмитрий/appdata/roaming/xpacks/@gnu-mcu-eclipse/arm-none-eabi-gcc/8.2.1-1.7.1/.content/bin/../lib/gcc/arm-none-eabi/8.2.1/../../../../arm-none-eabi/lib/thumb/v7e-m/nofp\libg_nano.a(lib_a-sprintf.o)
                0x000000000800157c                siprintf
                0x000000000800157c                sprintf
 .text          0x00000000080015bc       0x10 c:/users/дмитрий/appdata/roaming/xpacks/@gnu-mcu-eclipse/arm-none-eabi-gcc/8.2.1-1.7.1/.content/bin/../lib/gcc/arm-none-eabi/8.2.1/../../../../arm-none-eabi/lib/thumb/v7e-m/nofp\libg_nano.a(lib_a-strlen.o)
                0x00000000080015bc                strlen
 .text.sulp     0x00000000080015cc       0x42 c:/users/дмитрий/appdata/roaming/xpacks/@gnu-mcu-eclipse/arm-none-eabi-gcc/8.2.1-1.7.1/.content/bin/../lib/gcc/arm-none-eabi/8.2.1/../../../../arm-none-eabi/lib/thumb/v7e-m/nofp\libg_nano.a(lib_a-strtod.o)
 *fill*         0x000000000800160e        0x2 
 .text._strtod_l
                0x0000000008001610      0xbf0 c:/users/дмитрий/appdata/roaming/xpacks/@gnu-mcu-eclipse/arm-none-eabi-gcc/8.2.1-1.7.1/.content/bin/../lib/gcc/arm-none-eabi/8.2.1/../../../../arm-none-eabi/lib/thumb/v7e-m/nofp\libg_nano.a(lib_a-strtod.o)
                0x0000000008001610                _strtod_l
 .text._strtod_r
                0x0000000008002200        0xc c:/users/дмитрий/appdata/roaming/xpacks/@gnu-mcu-eclipse/arm-none-eabi-gcc/8.2.1-1.7.1/.content/bin/../lib/gcc/arm-none-eabi/8.2.1/../../../../arm-none-eabi/lib/thumb/v7e-m/nofp\libg_nano.a(lib_a-strtod.o)
                0x0000000008002200                _strtod_r
 .text._strtol_l.isra.0
                0x000000000800220c       0xf0 c:/users/дмитрий/appdata/roaming/xpacks/@gnu-mcu-eclipse/arm-none-eabi-gcc/8.2.1-1.7.1/.content/bin/../lib/gcc/arm-none-eabi/8.2.1/../../../../arm-none-eabi/lib/thumb/v7e-m/nofp\libg_nano.a(lib_a-strtol.o)
 .text._strtol_r
                0x00000000080022fc        0x4 c:/users/дмитрий/appdata/roaming/xpacks/@gnu-mcu-eclipse/arm-none-eabi-gcc/8.2.1-1.7.1/.content/bin/../lib/gcc/arm-none-eabi/8.2.1/../../../../arm-none-eabi/lib/thumb/v7e-m/nofp\libg_nano.a(lib_a-strtol.o)
                0x00000000080022fc                _strtol_r
 .text._vsnprintf_r
                0x0000000008002300       0x58 c:/users/дмитрий/appdata/roaming/xpacks/@gnu-mcu-eclipse/arm-none-eabi-gcc/8.2.1-1.7.1/.content/bin/../lib/gcc/arm-none-eabi/8.2.1/../../../../arm-none-eabi/lib/thumb/v7e-m/nofp\libg_nano.a(lib_a-vsnprintf.o)
                0x0000000008002300                _vsniprintf_r
                0x0000000008002300                _vsnprintf_r
 .text.vsnprintf
                0x0000000008002358       0x1c c:/users/дмитрий/appdata/roaming/xpacks/@gnu-mcu-eclipse/arm-none-eabi-gcc/8.2.1-1.7.1/.content/bin/../lib/gcc/arm-none-eabi/8.2.1/../../../../arm-none-eabi/lib/thumb/v7e-m/nofp\libg_nano.a(lib_a-vsnprintf.o)
                0x0000000008002358                vsniprintf
                0x0000000008002358                vsnprintf
 .text.quorem   0x0000000008002374      0x112 c:/users/дмитрий/appdata/roaming/xpacks/@gnu-mcu-eclipse/arm-none-eabi-gcc/8.2.1-1.7.1/.content/bin/../lib/gcc/arm-none-eabi/8.2.1/../../../../arm-none-eabi/lib/thumb/v7e-m/nofp\libg_nano.a(lib_a-dtoa.o)
 *fill*         0x0000000008002486        0x2 
 .text._dtoa_r  0x0000000008002488      0xb5c c:/users/дмитрий/appdata/roaming/xpacks/@gnu-mcu-eclipse/arm-none-eabi-gcc/8.2.1-1.7.1/.content/bin/../lib/gcc/arm-none-eabi/8.2.1/../../../../arm-none-eabi/lib/thumb/v7e-m/nofp\libg_nano.a(lib_a-dtoa.o)
                0x0000000008002488                _dtoa_r
 .text.rshift   0x0000000008002fe4       0x74 c:/users/дмитрий/appdata/roaming/xpacks/@gnu-mcu-eclipse/arm-none-eabi-gcc/8.2.1-1.7.1/.content/bin/../lib/gcc/arm-none-eabi/8.2.1/../../../../arm-none-eabi/lib/thumb/v7e-m/nofp\libg_nano.a(lib_a-gdtoa-gethex.o)
 .text.__hexdig_fun
                0x0000000008003058       0x2a c:/users/дмитрий/appdata/roaming/xpacks/@gnu-mcu-eclipse/arm-none-eabi-gcc/8.2.1-1.7.1/.content/bin/../lib/gcc/arm-none-eabi/8.2.1/../../../../arm-none-eabi/lib/thumb/v7e-m/nofp\libg_nano.a(lib_a-gdtoa-gethex.o)
                0x0000000008003058                __hexdig_fun
 *fill*         0x0000000008003082        0x2 
 .text.__gethex
                0x0000000008003084      0x448 c:/users/дмитрий/appdata/roaming/xpacks/@gnu-mcu-eclipse/arm-none-eabi-gcc/8.2.1-1.7.1/.content/bin/../lib/gcc/arm-none-eabi/8.2.1/../../../../arm-none-eabi/lib/thumb/v7e-m/nofp\libg_nano.a(lib_a-gdtoa-gethex.o)
                0x0000000008003084                __gethex
 .text.L_shift  0x00000000080034cc       0x24 c:/users/дмитрий/appdata/roaming/xpacks/@gnu-mcu-eclipse/arm-none-eabi-gcc/8.2.1-1.7.1/.content/bin/../lib/gcc/arm-none-eabi/8.2.1/../../../../arm-none-eabi/lib/thumb/v7e-m/nofp\libg_nano.a(lib_a-gdtoa-hexnan.o)
 .text.__match  0x00000000080034f0       0x28 c:/users/дмитрий/appdata/roaming/xpacks/@gnu-mcu-eclipse/arm-none-eabi-gcc/8.2.1-1.7.1/.content/bin/../lib/gcc/arm-none-eabi/8.2.1/../../../../arm-none-eabi/lib/thumb/v7e-m/nofp\libg_nano.a(lib_a-gdtoa-hexnan.o)
                0x00000000080034f0                __match
 .text.__hexnan
                0x0000000008003518      0x120 c:/users/дмитрий/appdata/roaming/xpacks/@gnu-mcu-eclipse/arm-none-eabi-gcc/8.2.1-1.7.1/.content/bin/../lib/gcc/arm-none-eabi/8.2.1/../../../../arm-none-eabi/lib/thumb/v7e-m/nofp\libg_nano.a(lib_a-gdtoa-hexnan.o)
                0x0000000008003518                __hexnan
 .text._localeconv_r
                0x0000000008003638        0x8 c:/users/дмитрий/appdata/roaming/xpacks/@gnu-mcu-eclipse/arm-none-eabi-gcc/8.2.1-1.7.1/.content/bin/../lib/gcc/arm-none-eabi/8.2.1/../../../../arm-none-eabi/lib/thumb/v7e-m/nofp\libg_nano.a(lib_a-localeconv.o)
                0x0000000008003638                _localeconv_r
 .text.malloc   0x0000000008003640       0x10 c:/users/дмитрий/appdata/roaming/xpacks/@gnu-mcu-eclipse/arm-none-eabi-gcc/8.2.1-1.7.1/.content/bin/../lib/gcc/arm-none-eabi/8.2.1/../../../../arm-none-eabi/lib/thumb/v7e-m/nofp\libg_nano.a(lib_a-malloc.o)
                0x0000000008003640                malloc
 .text.__ascii_mbtowc
                0x0000000008003650       0x24 c:/users/дмитрий/appdata/roaming/xpacks/@gnu-mcu-eclipse/arm-none-eabi-gcc/8.2.1-1.7.1/.content/bin/../lib/gcc/arm-none-eabi/8.2.1/../../../../arm-none-eabi/lib/thumb/v7e-m/nofp\libg_nano.a(lib_a-mbtowc_r.o)
                0x0000000008003650                __ascii_mbtowc
 *fill*         0x0000000008003674        0xc 
 .text          0x0000000008003680       0xa0 c:/users/дмитрий/appdata/roaming/xpacks/@gnu-mcu-eclipse/arm-none-eabi-gcc/8.2.1-1.7.1/.content/bin/../lib/gcc/arm-none-eabi/8.2.1/../../../../arm-none-eabi/lib/thumb/v7e-m/nofp\libg_nano.a(lib_a-memchr.o)
                0x0000000008003680                memchr
 .text._Balloc  0x0000000008003720       0x68 c:/users/дмитрий/appdata/roaming/xpacks/@gnu-mcu-eclipse/arm-none-eabi-gcc/8.2.1-1.7.1/.content/bin/../lib/gcc/arm-none-eabi/8.2.1/../../../../arm-none-eabi/lib/thumb/v7e-m/nofp\libg_nano.a(lib_a-mprec.o)
                0x0000000008003720                _Balloc
 .text._Bfree   0x0000000008003788       0x2e c:/users/дмитрий/appdata/roaming/xpacks/@gnu-mcu-eclipse/arm-none-eabi-gcc/8.2.1-1.7.1/.content/bin/../lib/gcc/arm-none-eabi/8.2.1/../../../../arm-none-eabi/lib/thumb/v7e-m/nofp\libg_nano.a(lib_a-mprec.o)
                0x0000000008003788                _Bfree
 .text.__multadd
                0x00000000080037b6       0x76 c:/users/дмитрий/appdata/roaming/xpacks/@gnu-mcu-eclipse/arm-none-eabi-gcc/8.2.1-1.7.1/.content/bin/../lib/gcc/arm-none-eabi/8.2.1/../../../../arm-none-eabi/lib/thumb/v7e-m/nofp\libg_nano.a(lib_a-mprec.o)
                0x00000000080037b6                __multadd
 .text.__s2b    0x000000000800382c       0x7c c:/users/дмитрий/appdata/roaming/xpacks/@gnu-mcu-eclipse/arm-none-eabi-gcc/8.2.1-1.7.1/.content/bin/../lib/gcc/arm-none-eabi/8.2.1/../../../../arm-none-eabi/lib/thumb/v7e-m/nofp\libg_nano.a(lib_a-mprec.o)
                0x000000000800382c                __s2b
 .text.__hi0bits
                0x00000000080038a8       0x40 c:/users/дмитрий/appdata/roaming/xpacks/@gnu-mcu-eclipse/arm-none-eabi-gcc/8.2.1-1.7.1/.content/bin/../lib/gcc/arm-none-eabi/8.2.1/../../../../arm-none-eabi/lib/thumb/v7e-m/nofp\libg_nano.a(lib_a-mprec.o)
                0x00000000080038a8                __hi0bits
 .text.__lo0bits
                0x00000000080038e8       0x60 c:/users/дмитрий/appdata/roaming/xpacks/@gnu-mcu-eclipse/arm-none-eabi-gcc/8.2.1-1.7.1/.content/bin/../lib/gcc/arm-none-eabi/8.2.1/../../../../arm-none-eabi/lib/thumb/v7e-m/nofp\libg_nano.a(lib_a-mprec.o)
                0x00000000080038e8                __lo0bits
 .text.__i2b    0x0000000008003948       0x12 c:/users/дмитрий/appdata/roaming/xpacks/@gnu-mcu-eclipse/arm-none-eabi-gcc/8.2.1-1.7.1/.content/bin/../lib/gcc/arm-none-eabi/8.2.1/../../../../arm-none-eabi/lib/thumb/v7e-m/nofp\libg_nano.a(lib_a-mprec.o)
                0x0000000008003948                __i2b
 .text.__multiply
                0x000000000800395a      0x120 c:/users/дмитрий/appdata/roaming/xpacks/@gnu-mcu-eclipse/arm-none-eabi-gcc/8.2.1-1.7.1/.content/bin/../lib/gcc/arm-none-eabi/8.2.1/../../../../arm-none-eabi/lib/thumb/v7e-m/nofp\libg_nano.a(lib_a-mprec.o)
                0x000000000800395a                __multiply
 *fill*         0x0000000008003a7a        0x2 
 .text.__pow5mult
                0x0000000008003a7c       0x9c c:/users/дмитрий/appdata/roaming/xpacks/@gnu-mcu-eclipse/arm-none-eabi-gcc/8.2.1-1.7.1/.content/bin/../lib/gcc/arm-none-eabi/8.2.1/../../../../arm-none-eabi/lib/thumb/v7e-m/nofp\libg_nano.a(lib_a-mprec.o)
                0x0000000008003a7c                __pow5mult
 .text.__lshift
                0x0000000008003b18       0xa6 c:/users/дмитрий/appdata/roaming/xpacks/@gnu-mcu-eclipse/arm-none-eabi-gcc/8.2.1-1.7.1/.content/bin/../lib/gcc/arm-none-eabi/8.2.1/../../../../arm-none-eabi/lib/thumb/v7e-m/nofp\libg_nano.a(lib_a-mprec.o)
                0x0000000008003b18                __lshift
 .text.__mcmp   0x0000000008003bbe       0x34 c:/users/дмитрий/appdata/roaming/xpacks/@gnu-mcu-eclipse/arm-none-eabi-gcc/8.2.1-1.7.1/.content/bin/../lib/gcc/arm-none-eabi/8.2.1/../../../../arm-none-eabi/lib/thumb/v7e-m/nofp\libg_nano.a(lib_a-mprec.o)
                0x0000000008003bbe                __mcmp
 .text.__mdiff  0x0000000008003bf2       0xba c:/users/дмитрий/appdata/roaming/xpacks/@gnu-mcu-eclipse/arm-none-eabi-gcc/8.2.1-1.7.1/.content/bin/../lib/gcc/arm-none-eabi/8.2.1/../../../../arm-none-eabi/lib/thumb/v7e-m/nofp\libg_nano.a(lib_a-mprec.o)
                0x0000000008003bf2                __mdiff
 .text.__ulp    0x0000000008003cac       0x44 c:/users/дмитрий/appdata/roaming/xpacks/@gnu-mcu-eclipse/arm-none-eabi-gcc/8.2.1-1.7.1/.content/bin/../lib/gcc/arm-none-eabi/8.2.1/../../../../arm-none-eabi/lib/thumb/v7e-m/nofp\libg_nano.a(lib_a-mprec.o)
                0x0000000008003cac                __ulp
 .text.__b2d    0x0000000008003cf0       0xa8 c:/users/дмитрий/appdata/roaming/xpacks/@gnu-mcu-eclipse/arm-none-eabi-gcc/8.2.1-1.7.1/.content/bin/../lib/gcc/arm-none-eabi/8.2.1/../../../../arm-none-eabi/lib/thumb/v7e-m/nofp\libg_nano.a(lib_a-mprec.o)
                0x0000000008003cf0                __b2d
 .text.__d2b    0x0000000008003d98       0x9c c:/users/дмитрий/appdata/roaming/xpacks/@gnu-mcu-eclipse/arm-none-eabi-gcc/8.2.1-1.7.1/.content/bin/../lib/gcc/arm-none-eabi/8.2.1/../../../../arm-none-eabi/lib/thumb/v7e-m/nofp\libg_nano.a(lib_a-mprec.o)
                0x0000000008003d98                __d2b
 .text.__ratio  0x0000000008003e34       0x5c c:/users/дмитрий/appdata/roaming/xpacks/@gnu-mcu-eclipse/arm-none-eabi-gcc/8.2.1-1.7.1/.content/bin/../lib/gcc/arm-none-eabi/8.2.1/../../../../arm-none-eabi/lib/thumb/v7e-m/nofp\libg_nano.a(lib_a-mprec.o)
                0x0000000008003e34                __ratio
 .text.__copybits
                0x0000000008003e90       0x34 c:/users/дмитрий/appdata/roaming/xpacks/@gnu-mcu-eclipse/arm-none-eabi-gcc/8.2.1-1.7.1/.content/bin/../lib/gcc/arm-none-eabi/8.2.1/../../../../arm-none-eabi/lib/thumb/v7e-m/nofp\libg_nano.a(lib_a-mprec.o)
                0x0000000008003e90                __copybits
 .text.__any_on
                0x0000000008003ec4       0x42 c:/users/дмитрий/appdata/roaming/xpacks/@gnu-mcu-eclipse/arm-none-eabi-gcc/8.2.1-1.7.1/.content/bin/../lib/gcc/arm-none-eabi/8.2.1/../../../../arm-none-eabi/lib/thumb/v7e-m/nofp\libg_nano.a(lib_a-mprec.o)
                0x0000000008003ec4                __any_on
 .text._calloc_r
                0x0000000008003f06       0x1c c:/users/дмитрий/appdata/roaming/xpacks/@gnu-mcu-eclipse/arm-none-eabi-gcc/8.2.1-1.7.1/.content/bin/../lib/gcc/arm-none-eabi/8.2.1/../../../../arm-none-eabi/lib/thumb/v7e-m/nofp\libg_nano.a(lib_a-nano-callocr.o)
                0x0000000008003f06                _calloc_r
 *fill*         0x0000000008003f22        0x2 
 .text._free_r  0x0000000008003f24       0x9c c:/users/дмитрий/appdata/roaming/xpacks/@gnu-mcu-eclipse/arm-none-eabi-gcc/8.2.1-1.7.1/.content/bin/../lib/gcc/arm-none-eabi/8.2.1/../../../../arm-none-eabi/lib/thumb/v7e-m/nofp\libg_nano.a(lib_a-nano-freer.o)
                0x0000000008003f24                _free_r
 .text._malloc_r
                0x0000000008003fc0       0xb4 c:/users/дмитрий/appdata/roaming/xpacks/@gnu-mcu-eclipse/arm-none-eabi-gcc/8.2.1-1.7.1/.content/bin/../lib/gcc/arm-none-eabi/8.2.1/../../../../arm-none-eabi/lib/thumb/v7e-m/nofp\libg_nano.a(lib_a-nano-mallocr.o)
                0x0000000008003fc0                _malloc_r
 .text.__ssputs_r
                0x0000000008004074       0xb6 c:/users/дмитрий/appdata/roaming/xpacks/@gnu-mcu-eclipse/arm-none-eabi-gcc/8.2.1-1.7.1/.content/bin/../lib/gcc/arm-none-eabi/8.2.1/../../../../arm-none-eabi/lib/thumb/v7e-m/nofp\libg_nano.a(lib_a-nano-svfprintf.o)
                0x0000000008004074                __ssputs_r
 *fill*         0x000000000800412a        0x2 
 .text._svfprintf_r
                0x000000000800412c      0x1f0 c:/users/дмитрий/appdata/roaming/xpacks/@gnu-mcu-eclipse/arm-none-eabi-gcc/8.2.1-1.7.1/.content/bin/../lib/gcc/arm-none-eabi/8.2.1/../../../../arm-none-eabi/lib/thumb/v7e-m/nofp\libg_nano.a(lib_a-nano-svfprintf.o)
                0x000000000800412c                _svfiprintf_r
                0x000000000800412c                _svfprintf_r
 .text.nan      0x000000000800431c        0xc c:/users/дмитрий/appdata/roaming/xpacks/@gnu-mcu-eclipse/arm-none-eabi-gcc/8.2.1-1.7.1/.content/bin/../lib/gcc/arm-none-eabi/8.2.1/../../../../arm-none-eabi/lib/thumb/v7e-m/nofp\libg_nano.a(lib_a-s_nan.o)
                0x000000000800431c                nan
 .text._sbrk_r  0x0000000008004328       0x20 c:/users/дмитрий/appdata/roaming/xpacks/@gnu-mcu-eclipse/arm-none-eabi-gcc/8.2.1-1.7.1/.content/bin/../lib/gcc/arm-none-eabi/8.2.1/../../../../arm-none-eabi/lib/thumb/v7e-m/nofp\libg_nano.a(lib_a-sbrkr.o)
                0x0000000008004328                _sbrk_r
 .text.strncmp  0x0000000008004348       0x24 c:/users/дмитрий/appdata/roaming/xpacks/@gnu-mcu-eclipse/arm-none-eabi-gcc/8.2.1-1.7.1/.content/bin/../lib/gcc/arm-none-eabi/8.2.1/../../../../arm-none-eabi/lib/thumb/v7e-m/nofp\libg_nano.a(lib_a-strncmp.o)
                0x0000000008004348                strncmp
 .text.__ascii_wctomb
                0x000000000800436c       0x1a c:/users/дмитрий/appdata/roaming/xpacks/@gnu-mcu-eclipse/arm-none-eabi-gcc/8.2.1-1.7.1/.content/bin/../lib/gcc/arm-none-eabi/8.2.1/../../../../arm-none-eabi/lib/thumb/v7e-m/nofp\libg_nano.a(lib_a-wctomb_r.o)
                0x000000000800436c                __ascii_wctomb
 .text.memmove  0x0000000008004386       0x34 c:/users/дмитрий/appdata/roaming/xpacks/@gnu-mcu-eclipse/arm-none-eabi-gcc/8.2.1-1.7.1/.content/bin/../lib/gcc/arm-none-eabi/8.2.1/../../../../arm-none-eabi/lib/thumb/v7e-m/nofp\libg_nano.a(lib_a-memmove.o)
                0x0000000008004386                memmove
 .text.memset   0x00000000080043ba       0x10 c:/users/дмитрий/appdata/roaming/xpacks/@gnu-mcu-eclipse/arm-none-eabi-gcc/8.2.1-1.7.1/.content/bin/../lib/gcc/arm-none-eabi/8.2.1/../../../../arm-none-eabi/lib/thumb/v7e-m/nofp\libg_nano.a(lib_a-memset.o)
                0x00000000080043ba                memset
 *fill*         0x00000000080043ca        0x2 
 .text.__malloc_lock
                0x00000000080043cc        0xc c:/users/дмитрий/appdata/roaming/xpacks/@gnu-mcu-eclipse/arm-none-eabi-gcc/8.2.1-1.7.1/.content/bin/../lib/gcc/arm-none-eabi/8.2.1/../../../../arm-none-eabi/lib/thumb/v7e-m/nofp\libg_nano.a(lib_a-mlock.o)
                0x00000000080043cc                __malloc_lock
 .text.__malloc_unlock
                0x00000000080043d8        0xc c:/users/дмитрий/appdata/roaming/xpacks/@gnu-mcu-eclipse/arm-none-eabi-gcc/8.2.1-1.7.1/.content/bin/../lib/gcc/arm-none-eabi/8.2.1/../../../../arm-none-eabi/lib/thumb/v7e-m/nofp\libg_nano.a(lib_a-mlock.o)
                0x00000000080043d8                __malloc_unlock
 .text._realloc_r
                0x00000000080043e4       0x4c c:/users/дмитрий/appdata/roaming/xpacks/@gnu-mcu-eclipse/arm-none-eabi-gcc/8.2.1-1.7.1/.content/bin/../lib/gcc/arm-none-eabi/8.2.1/../../../../arm-none-eabi/lib/thumb/v7e-m/nofp\libg_nano.a(lib_a-nano-reallocr.o)
                0x00000000080043e4                _realloc_r
 .text.__retarget_lock_acquire_recursive
                0x0000000008004430        0x2 c:/users/дмитрий/appdata/roaming/xpacks/@gnu-mcu-eclipse/arm-none-eabi-gcc/8.2.1-1.7.1/.content/bin/../lib/gcc/arm-none-eabi/8.2.1/../../../../arm-none-eabi/lib/thumb/v7e-m/nofp\libg_nano.a(lib_a-lock.o)
                0x0000000008004430                __retarget_lock_acquire_recursive
 .text.__retarget_lock_release_recursive
                0x0000000008004432        0x2 c:/users/дмитрий/appdata/roaming/xpacks/@gnu-mcu-eclipse/arm-none-eabi-gcc/8.2.1-1.7.1/.content/bin/../lib/gcc/arm-none-eabi/8.2.1/../../../../arm-none-eabi/lib/thumb/v7e-m/nofp\libg_nano.a(lib_a-lock.o)
                0x0000000008004432                __retarget_lock_release_recursive
 .text._malloc_usable_size_r
                0x0000000008004434       0x10 c:/users/дмитрий/appdata/roaming/xpacks/@gnu-mcu-eclipse/arm-none-eabi-gcc/8.2.1-1.7.1/.content/bin/../lib/gcc/arm-none-eabi/8.2.1/../../../../arm-none-eabi/lib/thumb/v7e-m/nofp\libg_nano.a(lib_a-nano-msizer.o)
                0x0000000008004434                _malloc_usable_size_r
 .text          0x0000000008004444      0x378 c:/users/дмитрий/appdata/roaming/xpacks/@gnu-mcu-eclipse/arm-none-eabi-gcc/8.2.1-1.7.1/.content/bin/../lib/gcc/arm-none-eabi/8.2.1/thumb/v7e-m/nofp\libgcc.a(_arm_addsubdf3.o)
                0x0000000008004444                __aeabi_drsub
                0x000000000800444c                __aeabi_dsub
                0x000000000800444c                __subdf3
                0x0000000008004450                __aeabi_dadd
                0x0000000008004450                __adddf3
                0x00000000080046c8                __floatunsidf
                0x00000000080046c8                __aeabi_ui2d
                0x00000000080046e8                __floatsidf
                0x00000000080046e8                __aeabi_i2d
                0x000000000800470c                __aeabi_f2d
                0x000000000800470c                __extendsfdf2
                0x0000000008004750                __floatundidf
                0x0000000008004750                __aeabi_ul2d
                0x0000000008004760                __floatdidf
                0x0000000008004760                __aeabi_l2d
 .text          0x00000000080047bc      0x424 c:/users/дмитрий/appdata/roaming/xpacks/@gnu-mcu-eclipse/arm-none-eabi-gcc/8.2.1-1.7.1/.content/bin/../lib/gcc/arm-none-eabi/8.2.1/thumb/v7e-m/nofp\libgcc.a(_arm_muldivdf3.o)
                0x00000000080047bc                __aeabi_dmul
                0x00000000080047bc                __muldf3
                0x0000000008004a10                __divdf3
                0x0000000008004a10                __aeabi_ddiv
 .text          0x0000000008004be0      0x110 c:/users/дмитрий/appdata/roaming/xpacks/@gnu-mcu-eclipse/arm-none-eabi-gcc/8.2.1-1.7.1/.content/bin/../lib/gcc/arm-none-eabi/8.2.1/thumb/v7e-m/nofp\libgcc.a(_arm_cmpdf2.o)
                0x0000000008004be0                __gtdf2
                0x0000000008004be0                __gedf2
                0x0000000008004be8                __ltdf2
                0x0000000008004be8                __ledf2
                0x0000000008004bf0                __nedf2
                0x0000000008004bf0                __eqdf2
                0x0000000008004bf0                __cmpdf2
                0x0000000008004c6c                __aeabi_cdrcmple
                0x0000000008004c7c                __aeabi_cdcmpeq
                0x0000000008004c7c                __aeabi_cdcmple
                0x0000000008004c8c                __aeabi_dcmpeq
                0x0000000008004ca0                __aeabi_dcmplt
                0x0000000008004cb4                __aeabi_dcmple
                0x0000000008004cc8                __aeabi_dcmpge
                0x0000000008004cdc                __aeabi_dcmpgt
 .text          0x0000000008004cf0       0x2c c:/users/дмитрий/appdata/roaming/xpacks/@gnu-mcu-eclipse/arm-none-eabi-gcc/8.2.1-1.7.1/.content/bin/../lib/gcc/arm-none-eabi/8.2.1/thumb/v7e-m/nofp\libgcc.a(_arm_unorddf2.o)
                0x0000000008004cf0                __unorddf2
                0x0000000008004cf0                __aeabi_dcmpun
 .text          0x0000000008004d1c       0x50 c:/users/дмитрий/appdata/roaming/xpacks/@gnu-mcu-eclipse/arm-none-eabi-gcc/8.2.1-1.7.1/.content/bin/../lib/gcc/arm-none-eabi/8.2.1/thumb/v7e-m/nofp\libgcc.a(_arm_fixdfsi.o)
                0x0000000008004d1c                __aeabi_d2iz
                0x0000000008004d1c                __fixdfsi
 .text          0x0000000008004d6c       0x40 c:/users/дмитрий/appdata/roaming/xpacks/@gnu-mcu-eclipse/arm-none-eabi-gcc/8.2.1-1.7.1/.content/bin/../lib/gcc/arm-none-eabi/8.2.1/thumb/v7e-m/nofp\libgcc.a(_arm_fixunsdfsi.o)
                0x0000000008004d6c                __aeabi_d2uiz
                0x0000000008004d6c                __fixunsdfsi
 .text          0x0000000008004dac       0xa0 c:/users/дмитрий/appdata/roaming/xpacks/@gnu-mcu-eclipse/arm-none-eabi-gcc/8.2.1-1.7.1/.content/bin/../lib/gcc/arm-none-eabi/8.2.1/thumb/v7e-m/nofp\libgcc.a(_arm_truncdfsf2.o)
                0x0000000008004dac                __truncdfsf2
                0x0000000008004dac                __aeabi_d2f
 .text.__fixdfdi
                0x0000000008004e4c       0x34 c:/users/дмитрий/appdata/roaming/xpacks/@gnu-mcu-eclipse/arm-none-eabi-gcc/8.2.1-1.7.1/.content/bin/../lib/gcc/arm-none-eabi/8.2.1/thumb/v7e-m/nofp\libgcc.a(_fixdfdi.o)
                0x0000000008004e4c                __fixdfdi
                0x0000000008004e4c                __aeabi_d2lz
 .text.__fixunsdfdi
                0x0000000008004e80       0x3c c:/users/дмитрий/appdata/roaming/xpacks/@gnu-mcu-eclipse/arm-none-eabi-gcc/8.2.1-1.7.1/.content/bin/../lib/gcc/arm-none-eabi/8.2.1/thumb/v7e-m/nofp\libgcc.a(_fixunsdfdi.o)
                0x0000000008004e80                __fixunsdfdi
                0x0000000008004e80                __aeabi_d2ulz
 *(.rodata .rodata.* .constdata .constdata.*)
 .rodata.trace_puts.str1.4
                0x0000000008004ebc        0x0 ./System/Src/diag/trace.o
                                          0x2 (size before relaxing)
 .rodata.dumpExceptionStack.str1.4
                0x0000000008004ebc      0x11a ./System/Src/cortexm/exception-handlers.o
 *fill*         0x0000000008004fd6        0x2 
 .rodata.str1.4
                0x0000000008004fd8       0x2a ./System/Src/cortexm/exception-handlers.o
 *fill*         0x0000000008005002        0x2 
 .rodata        0x0000000008005004       0x10 ./System/Src/CMSIS/system_gd32f4xx.o
 .rodata.main.str1.4
                0x0000000008005014       0x38 ./Src/main.o
                                         0x37 (size before relaxing)
 .rodata._printf_float.str1.1
                0x000000000800504c       0x12 c:/users/дмитрий/appdata/roaming/xpacks/@gnu-mcu-eclipse/arm-none-eabi-gcc/8.2.1-1.7.1/.content/bin/../lib/gcc/arm-none-eabi/8.2.1/../../../../arm-none-eabi/lib/thumb/v7e-m/nofp\libg_nano.a(lib_a-nano-vfprintf_float.o)
 .rodata._printf_i.str1.1
                0x000000000800505e       0x22 c:/users/дмитрий/appdata/roaming/xpacks/@gnu-mcu-eclipse/arm-none-eabi-gcc/8.2.1-1.7.1/.content/bin/../lib/gcc/arm-none-eabi/8.2.1/../../../../arm-none-eabi/lib/thumb/v7e-m/nofp\libg_nano.a(lib_a-nano-vfprintf_i.o)
 .rodata._scanf_float.str1.1
                0x0000000008005080        0x5 c:/users/дмитрий/appdata/roaming/xpacks/@gnu-mcu-eclipse/arm-none-eabi-gcc/8.2.1-1.7.1/.content/bin/../lib/gcc/arm-none-eabi/8.2.1/../../../../arm-none-eabi/lib/thumb/v7e-m/nofp\libg_nano.a(lib_a-nano-vfscanf_float.o)
                                          0x6 (size before relaxing)
 .rodata._strtod_l.str1.1
                0x0000000008005085        0x5 c:/users/дмитрий/appdata/roaming/xpacks/@gnu-mcu-eclipse/arm-none-eabi-gcc/8.2.1-1.7.1/.content/bin/../lib/gcc/arm-none-eabi/8.2.1/../../../../arm-none-eabi/lib/thumb/v7e-m/nofp\libg_nano.a(lib_a-strtod.o)
                                          0xd (size before relaxing)
 *fill*         0x0000000008005085        0x3 
 .rodata.fpi.6223
                0x0000000008005088       0x14 c:/users/дмитрий/appdata/roaming/xpacks/@gnu-mcu-eclipse/arm-none-eabi-gcc/8.2.1-1.7.1/.content/bin/../lib/gcc/arm-none-eabi/8.2.1/../../../../arm-none-eabi/lib/thumb/v7e-m/nofp\libg_nano.a(lib_a-strtod.o)
 .rodata.fpinan.6259
                0x000000000800509c       0x14 c:/users/дмитрий/appdata/roaming/xpacks/@gnu-mcu-eclipse/arm-none-eabi-gcc/8.2.1-1.7.1/.content/bin/../lib/gcc/arm-none-eabi/8.2.1/../../../../arm-none-eabi/lib/thumb/v7e-m/nofp\libg_nano.a(lib_a-strtod.o)
 .rodata.tinytens
                0x00000000080050b0       0x28 c:/users/дмитрий/appdata/roaming/xpacks/@gnu-mcu-eclipse/arm-none-eabi-gcc/8.2.1-1.7.1/.content/bin/../lib/gcc/arm-none-eabi/8.2.1/../../../../arm-none-eabi/lib/thumb/v7e-m/nofp\libg_nano.a(lib_a-strtod.o)
 .rodata._ctype_
                0x00000000080050d8      0x101 c:/users/дмитрий/appdata/roaming/xpacks/@gnu-mcu-eclipse/arm-none-eabi-gcc/8.2.1-1.7.1/.content/bin/../lib/gcc/arm-none-eabi/8.2.1/../../../../arm-none-eabi/lib/thumb/v7e-m/nofp\libg_nano.a(lib_a-ctype_.o)
                0x00000000080050d8                _ctype_
 .rodata._dtoa_r.str1.1
                0x00000000080051d9        0xd c:/users/дмитрий/appdata/roaming/xpacks/@gnu-mcu-eclipse/arm-none-eabi-gcc/8.2.1-1.7.1/.content/bin/../lib/gcc/arm-none-eabi/8.2.1/../../../../arm-none-eabi/lib/thumb/v7e-m/nofp\libg_nano.a(lib_a-dtoa.o)
                                          0xf (size before relaxing)
 *fill*         0x00000000080051e6        0x2 
 .rodata._C_numeric_locale
                0x00000000080051e8        0xc c:/users/дмитрий/appdata/roaming/xpacks/@gnu-mcu-eclipse/arm-none-eabi-gcc/8.2.1-1.7.1/.content/bin/../lib/gcc/arm-none-eabi/8.2.1/../../../../arm-none-eabi/lib/thumb/v7e-m/nofp\libg_nano.a(lib_a-lnumeric.o)
                0x00000000080051e8                _C_numeric_locale
 .rodata.str1.1
                0x00000000080051f4        0x2 c:/users/дмитрий/appdata/roaming/xpacks/@gnu-mcu-eclipse/arm-none-eabi-gcc/8.2.1-1.7.1/.content/bin/../lib/gcc/arm-none-eabi/8.2.1/../../../../arm-none-eabi/lib/thumb/v7e-m/nofp\libg_nano.a(lib_a-lnumeric.o)
                                          0x3 (size before relaxing)
 .rodata._setlocale_r.str1.1
                0x00000000080051f6        0x8 c:/users/дмитрий/appdata/roaming/xpacks/@gnu-mcu-eclipse/arm-none-eabi-gcc/8.2.1-1.7.1/.content/bin/../lib/gcc/arm-none-eabi/8.2.1/../../../../arm-none-eabi/lib/thumb/v7e-m/nofp\libg_nano.a(lib_a-locale.o)
                                          0x9 (size before relaxing)
 .rodata.str1.1
                0x00000000080051fe        0x2 c:/users/дмитрий/appdata/roaming/xpacks/@gnu-mcu-eclipse/arm-none-eabi-gcc/8.2.1-1.7.1/.content/bin/../lib/gcc/arm-none-eabi/8.2.1/../../../../arm-none-eabi/lib/thumb/v7e-m/nofp\libg_nano.a(lib_a-locale.o)
 *fill*         0x00000000080051fe        0x2 
 .rodata.__mprec_bigtens
                0x0000000008005200       0x28 c:/users/дмитрий/appdata/roaming/xpacks/@gnu-mcu-eclipse/arm-none-eabi-gcc/8.2.1-1.7.1/.content/bin/../lib/gcc/arm-none-eabi/8.2.1/../../../../arm-none-eabi/lib/thumb/v7e-m/nofp\libg_nano.a(lib_a-mprec.o)
                0x0000000008005200                __mprec_bigtens
 .rodata.__mprec_tens
                0x0000000008005228       0xc8 c:/users/дмитрий/appdata/roaming/xpacks/@gnu-mcu-eclipse/arm-none-eabi-gcc/8.2.1-1.7.1/.content/bin/../lib/gcc/arm-none-eabi/8.2.1/../../../../arm-none-eabi/lib/thumb/v7e-m/nofp\libg_nano.a(lib_a-mprec.o)
                0x0000000008005228                __mprec_tens
 .rodata.p05.6147
                0x00000000080052f0        0xc c:/users/дмитрий/appdata/roaming/xpacks/@gnu-mcu-eclipse/arm-none-eabi-gcc/8.2.1-1.7.1/.content/bin/../lib/gcc/arm-none-eabi/8.2.1/../../../../arm-none-eabi/lib/thumb/v7e-m/nofp\libg_nano.a(lib_a-mprec.o)
 .rodata._svfprintf_r.str1.1
                0x00000000080052fc       0x11 c:/users/дмитрий/appdata/roaming/xpacks/@gnu-mcu-eclipse/arm-none-eabi-gcc/8.2.1-1.7.1/.content/bin/../lib/gcc/arm-none-eabi/8.2.1/../../../../arm-none-eabi/lib/thumb/v7e-m/nofp\libg_nano.a(lib_a-nano-svfprintf.o)
 *(vtable)
 *(.eh_frame*)
 *(.glue_7)
 .glue_7        0x000000000800530d        0x0 linker stubs
 *(.glue_7t)
 .glue_7t       0x000000000800530d        0x0 linker stubs

.vfp11_veneer   0x0000000008005310        0x0
 .vfp11_veneer  0x0000000008005310        0x0 linker stubs

.v4_bx          0x0000000008005310        0x0
 .v4_bx         0x0000000008005310        0x0 linker stubs

.iplt           0x0000000008005310        0x0
 .iplt          0x0000000008005310        0x0 ./System/Src/newlib/exit.o

.rel.dyn        0x0000000008005310        0x0
 .rel.iplt      0x0000000008005310        0x0 ./System/Src/newlib/exit.o

.ARM.extab
 *(.ARM.extab* .gnu.linkonce.armextab.*)
                0x0000000008005310                . = ALIGN (0x4)
                0x0000000008005310                __exidx_start = .

.ARM.exidx
 *(.ARM.exidx* .gnu.linkonce.armexidx.*)
                0x0000000008005310                __exidx_end = .
                0x0000000008005310                . = ALIGN (0x4)
                0x0000000008005310                _etext = .
                0x0000000008005310                __etext = .

.data_CCMRAM    0x0000000010000000        0x0 load address 0x0000000008005310
 FILL mask 0xff
 *(.data.CCMRAM .data.CCMRAM.*)
                0x0000000010000000                . = ALIGN (0x4)
                0x0000000008005310                _sidata = LOADADDR (.data)

.data           0x0000000020000000      0x1e8 load address 0x0000000008005310
 FILL mask 0xff
                0x0000000020000000                _sdata = .
                0x0000000020000000                __data_start__ = .
 *(.data_begin .data_begin.*)
 .data_begin    0x0000000020000000        0x4 ./System/Src/newlib/startup.o
 *(.data .data.*)
 .data.argv.4374
                0x0000000020000004        0x8 ./System/Src/newlib/syscalls.o
 .data.SystemCoreClock
                0x000000002000000c        0x4 ./System/Src/CMSIS/system_gd32f4xx.o
                0x000000002000000c                SystemCoreClock
 .data._impure_ptr
                0x0000000020000010        0x4 c:/users/дмитрий/appdata/roaming/xpacks/@gnu-mcu-eclipse/arm-none-eabi-gcc/8.2.1-1.7.1/.content/bin/../lib/gcc/arm-none-eabi/8.2.1/../../../../arm-none-eabi/lib/thumb/v7e-m/nofp\libg_nano.a(lib_a-impure.o)
                0x0000000020000010                _impure_ptr
 .data.impure_data
                0x0000000020000014       0x60 c:/users/дмитрий/appdata/roaming/xpacks/@gnu-mcu-eclipse/arm-none-eabi-gcc/8.2.1-1.7.1/.content/bin/../lib/gcc/arm-none-eabi/8.2.1/../../../../arm-none-eabi/lib/thumb/v7e-m/nofp\libg_nano.a(lib_a-impure.o)
 .data.numempty
                0x0000000020000074        0x2 c:/users/дмитрий/appdata/roaming/xpacks/@gnu-mcu-eclipse/arm-none-eabi-gcc/8.2.1-1.7.1/.content/bin/../lib/gcc/arm-none-eabi/8.2.1/../../../../arm-none-eabi/lib/thumb/v7e-m/nofp\libg_nano.a(lib_a-lnumeric.o)
 *fill*         0x0000000020000076        0x2 ff
 .data.__global_locale
                0x0000000020000078      0x16c c:/users/дмитрий/appdata/roaming/xpacks/@gnu-mcu-eclipse/arm-none-eabi-gcc/8.2.1-1.7.1/.content/bin/../lib/gcc/arm-none-eabi/8.2.1/../../../../arm-none-eabi/lib/thumb/v7e-m/nofp\libg_nano.a(lib_a-locale.o)
                0x0000000020000078                __global_locale
 *(.data_end .data_end.*)
 .data_end      0x00000000200001e4        0x4 ./System/Src/newlib/startup.o
                0x00000000200001e8                . = ALIGN (0x4)
                0x00000000200001e8                _edata = .
                0x00000000200001e8                __data_end__ = .

.igot.plt       0x00000000200001e8        0x0 load address 0x00000000080054f8
 .igot.plt      0x00000000200001e8        0x0 ./System/Src/newlib/exit.o

.bss_CCMRAM     0x0000000010000000        0x0
 *(.bss.CCMRAM .bss.CCMRAM.*)

.bss            0x00000000200001e8       0xac
                0x00000000200001e8                __bss_start__ = .
                0x00000000200001e8                _sbss = .
 *(.bss_begin .bss_begin.*)
 .bss_begin     0x00000000200001e8        0x4 ./System/Src/newlib/startup.o
 *(.bss .bss.*)
 .bss.current_heap_end.4004
                0x00000000200001ec        0x4 ./System/Src/newlib/sbrk.o
 .bss.name.4373
                0x00000000200001f0        0x1 ./System/Src/newlib/syscalls.o
 *fill*         0x00000000200001f1        0x3 
 .bss.buf.5248  0x00000000200001f4       0x80 ./System/Src/diag/trace.o
 .bss.__malloc_free_list
                0x0000000020000274        0x4 c:/users/дмитрий/appdata/roaming/xpacks/@gnu-mcu-eclipse/arm-none-eabi-gcc/8.2.1-1.7.1/.content/bin/../lib/gcc/arm-none-eabi/8.2.1/../../../../arm-none-eabi/lib/thumb/v7e-m/nofp\libg_nano.a(lib_a-nano-mallocr.o)
                0x0000000020000274                __malloc_free_list
 .bss.__malloc_sbrk_start
                0x0000000020000278        0x4 c:/users/дмитрий/appdata/roaming/xpacks/@gnu-mcu-eclipse/arm-none-eabi-gcc/8.2.1-1.7.1/.content/bin/../lib/gcc/arm-none-eabi/8.2.1/../../../../arm-none-eabi/lib/thumb/v7e-m/nofp\libg_nano.a(lib_a-nano-mallocr.o)
                0x0000000020000278                __malloc_sbrk_start
 *(COMMON)
 COMMON         0x000000002000027c        0x4 ./System/Src/newlib/syscalls.o
                0x000000002000027c                errno
 COMMON         0x0000000020000280        0x4 ./Src/timer.o
                0x0000000020000280                timer_delayCount
 COMMON         0x0000000020000284        0x9 c:/users/дмитрий/appdata/roaming/xpacks/@gnu-mcu-eclipse/arm-none-eabi-gcc/8.2.1-1.7.1/.content/bin/../lib/gcc/arm-none-eabi/8.2.1/../../../../arm-none-eabi/lib/thumb/v7e-m/nofp\libg_nano.a(lib_a-lock.o)
                0x0000000020000284                __lock___atexit_recursive_mutex
                0x0000000020000285                __lock___arc4random_mutex
                0x0000000020000286                __lock___env_recursive_mutex
                0x0000000020000287                __lock___sinit_recursive_mutex
                0x0000000020000288                __lock___malloc_recursive_mutex
                0x0000000020000289                __lock___at_quick_exit_mutex
                0x000000002000028a                __lock___dd_hash_mutex
                0x000000002000028b                __lock___tz_mutex
                0x000000002000028c                __lock___sfp_recursive_mutex
 *(.bss_end .bss_end.*)
 *fill*         0x000000002000028d        0x3 
 .bss_end       0x0000000020000290        0x4 ./System/Src/newlib/startup.o
                0x0000000020000294                . = ALIGN (0x4)
                0x0000000020000294                __bss_end__ = .
                0x0000000020000294                _ebss = .

.noinit_CCMRAM
 *(.noinit.CCMRAM .noinit.CCMRAM.*)

.noinit         0x0000000020000294        0x0
                0x0000000020000294                _noinit = .
 *(.noinit .noinit.*)
                0x0000000020000294                . = ALIGN (0x4)
                0x0000000020000294                _end_noinit = .
                [!provide]                        PROVIDE (end = _end_noinit)
                [!provide]                        PROVIDE (_end = _end_noinit)
                [!provide]                        PROVIDE (__end = _end_noinit)
                [!provide]                        PROVIDE (__end__ = _end_noinit)

._check_stack   0x0000000020000294      0x100
                0x0000000020000394                . = (. + _Minimum_Stack_Size)
 *fill*         0x0000000020000294      0x100 

.b1text
 *(.b1text)
 *(.b1rodata)
 *(.b1rodata.*)

.eb0text
 *(.eb0text)
 *(.eb0rodata)
 *(.eb0rodata.*)

.eb1text
 *(.eb1text)
 *(.eb1rodata)
 *(.eb1rodata.*)

.eb2text
 *(.eb2text)
 *(.eb2rodata)
 *(.eb2rodata.*)

.eb3text
 *(.eb3text)
 *(.eb3rodata)
 *(.eb3rodata.*)

.stab
 *(.stab)

.stabstr
 *(.stabstr)

.stab.excl
 *(.stab.excl)

.stab.exclstr
 *(.stab.exclstr)

.stab.index
 *(.stab.index)

.stab.indexstr
 *(.stab.indexstr)

.comment        0x0000000000000000       0x68
 *(.comment)
 .comment       0x0000000000000000       0x68 ./System/Src/newlib/exit.o
                                         0x69 (size before relaxing)
 .comment       0x0000000000000068       0x69 ./System/Src/newlib/sbrk.o
 .comment       0x0000000000000068       0x69 ./System/Src/newlib/startup.o
 .comment       0x0000000000000068       0x69 ./System/Src/newlib/syscalls.o
 .comment       0x0000000000000068       0x69 ./System/Src/diag/trace-impl.o
 .comment       0x0000000000000068       0x69 ./System/Src/diag/trace.o
 .comment       0x0000000000000068       0x69 ./System/Src/cortexm/exception-handlers.o
 .comment       0x0000000000000068       0x69 ./System/Src/cortexm/initialize-hardware.o
 .comment       0x0000000000000068       0x69 ./System/Src/CMSIS/system_gd32f4xx.o
 .comment       0x0000000000000068       0x69 ./System/Src/CMSIS/vectors_gd32f4xx.o
 .comment       0x0000000000000068       0x69 ./Src/main.o
 .comment       0x0000000000000068       0x69 ./Src/timer.o

.ARM.attributes
                0x0000000000000000       0x2c
 .ARM.attributes
                0x0000000000000000       0x2e ./System/Src/newlib/exit.o
 .ARM.attributes
                0x000000000000002e       0x2e ./System/Src/newlib/sbrk.o
 .ARM.attributes
                0x000000000000005c       0x2e ./System/Src/newlib/startup.o
 .ARM.attributes
                0x000000000000008a       0x2e ./System/Src/newlib/syscalls.o
 .ARM.attributes
                0x00000000000000b8       0x2e ./System/Src/diag/trace-impl.o
 .ARM.attributes
                0x00000000000000e6       0x2e ./System/Src/diag/trace.o
 .ARM.attributes
                0x0000000000000114       0x2e ./System/Src/cortexm/exception-handlers.o
 .ARM.attributes
                0x0000000000000142       0x2e ./System/Src/cortexm/initialize-hardware.o
 .ARM.attributes
                0x0000000000000170       0x2e ./System/Src/CMSIS/system_gd32f4xx.o
 .ARM.attributes
                0x000000000000019e       0x2e ./System/Src/CMSIS/vectors_gd32f4xx.o
 .ARM.attributes
                0x00000000000001cc       0x2e ./Src/main.o
 .ARM.attributes
                0x00000000000001fa       0x2e ./Src/timer.o
 .ARM.attributes
                0x0000000000000228       0x2e c:/users/дмитрий/appdata/roaming/xpacks/@gnu-mcu-eclipse/arm-none-eabi-gcc/8.2.1-1.7.1/.content/bin/../lib/gcc/arm-none-eabi/8.2.1/../../../../arm-none-eabi/lib/thumb/v7e-m/nofp\libg_nano.a(lib_a-errno.o)
 .ARM.attributes
                0x0000000000000256       0x2e c:/users/дмитрий/appdata/roaming/xpacks/@gnu-mcu-eclipse/arm-none-eabi-gcc/8.2.1-1.7.1/.content/bin/../lib/gcc/arm-none-eabi/8.2.1/../../../../arm-none-eabi/lib/thumb/v7e-m/nofp\libg_nano.a(lib_a-impure.o)
 .ARM.attributes
                0x0000000000000284       0x2e c:/users/дмитрий/appdata/roaming/xpacks/@gnu-mcu-eclipse/arm-none-eabi-gcc/8.2.1-1.7.1/.content/bin/../lib/gcc/arm-none-eabi/8.2.1/../../../../arm-none-eabi/lib/thumb/v7e-m/nofp\libg_nano.a(lib_a-memcpy-stub.o)
 .ARM.attributes
                0x00000000000002b2       0x2e c:/users/дмитрий/appdata/roaming/xpacks/@gnu-mcu-eclipse/arm-none-eabi-gcc/8.2.1-1.7.1/.content/bin/../lib/gcc/arm-none-eabi/8.2.1/../../../../arm-none-eabi/lib/thumb/v7e-m/nofp\libg_nano.a(lib_a-nano-vfprintf_float.o)
 .ARM.attributes
                0x00000000000002e0       0x2e c:/users/дмитрий/appdata/roaming/xpacks/@gnu-mcu-eclipse/arm-none-eabi-gcc/8.2.1-1.7.1/.content/bin/../lib/gcc/arm-none-eabi/8.2.1/../../../../arm-none-eabi/lib/thumb/v7e-m/nofp\libg_nano.a(lib_a-nano-vfprintf_i.o)
 .ARM.attributes
                0x000000000000030e       0x2e c:/users/дмитрий/appdata/roaming/xpacks/@gnu-mcu-eclipse/arm-none-eabi-gcc/8.2.1-1.7.1/.content/bin/../lib/gcc/arm-none-eabi/8.2.1/../../../../arm-none-eabi/lib/thumb/v7e-m/nofp\libg_nano.a(lib_a-nano-vfscanf_float.o)
 .ARM.attributes
                0x000000000000033c       0x2e c:/users/дмитрий/appdata/roaming/xpacks/@gnu-mcu-eclipse/arm-none-eabi-gcc/8.2.1-1.7.1/.content/bin/../lib/gcc/arm-none-eabi/8.2.1/../../../../arm-none-eabi/lib/thumb/v7e-m/nofp\libg_nano.a(lib_a-sf_nan.o)
 .ARM.attributes
                0x000000000000036a       0x2e c:/users/дмитрий/appdata/roaming/xpacks/@gnu-mcu-eclipse/arm-none-eabi-gcc/8.2.1-1.7.1/.content/bin/../lib/gcc/arm-none-eabi/8.2.1/../../../../arm-none-eabi/lib/thumb/v7e-m/nofp\libg_nano.a(lib_a-sprintf.o)
 .ARM.attributes
                0x0000000000000398       0x17 c:/users/дмитрий/appdata/roaming/xpacks/@gnu-mcu-eclipse/arm-none-eabi-gcc/8.2.1-1.7.1/.content/bin/../lib/gcc/arm-none-eabi/8.2.1/../../../../arm-none-eabi/lib/thumb/v7e-m/nofp\libg_nano.a(lib_a-strlen.o)
 .ARM.attributes
                0x00000000000003af       0x2e c:/users/дмитрий/appdata/roaming/xpacks/@gnu-mcu-eclipse/arm-none-eabi-gcc/8.2.1-1.7.1/.content/bin/../lib/gcc/arm-none-eabi/8.2.1/../../../../arm-none-eabi/lib/thumb/v7e-m/nofp\libg_nano.a(lib_a-strtod.o)
 .ARM.attributes
                0x00000000000003dd       0x2e c:/users/дмитрий/appdata/roaming/xpacks/@gnu-mcu-eclipse/arm-none-eabi-gcc/8.2.1-1.7.1/.content/bin/../lib/gcc/arm-none-eabi/8.2.1/../../../../arm-none-eabi/lib/thumb/v7e-m/nofp\libg_nano.a(lib_a-strtol.o)
 .ARM.attributes
                0x000000000000040b       0x2e c:/users/дмитрий/appdata/roaming/xpacks/@gnu-mcu-eclipse/arm-none-eabi-gcc/8.2.1-1.7.1/.content/bin/../lib/gcc/arm-none-eabi/8.2.1/../../../../arm-none-eabi/lib/thumb/v7e-m/nofp\libg_nano.a(lib_a-vsnprintf.o)
 .ARM.attributes
                0x0000000000000439       0x2e c:/users/дмитрий/appdata/roaming/xpacks/@gnu-mcu-eclipse/arm-none-eabi-gcc/8.2.1-1.7.1/.content/bin/../lib/gcc/arm-none-eabi/8.2.1/../../../../arm-none-eabi/lib/thumb/v7e-m/nofp\libg_nano.a(lib_a-ctype_.o)
 .ARM.attributes
                0x0000000000000467       0x2e c:/users/дмитрий/appdata/roaming/xpacks/@gnu-mcu-eclipse/arm-none-eabi-gcc/8.2.1-1.7.1/.content/bin/../lib/gcc/arm-none-eabi/8.2.1/../../../../arm-none-eabi/lib/thumb/v7e-m/nofp\libg_nano.a(lib_a-dtoa.o)
 .ARM.attributes
                0x0000000000000495       0x2e c:/users/дмитрий/appdata/roaming/xpacks/@gnu-mcu-eclipse/arm-none-eabi-gcc/8.2.1-1.7.1/.content/bin/../lib/gcc/arm-none-eabi/8.2.1/../../../../arm-none-eabi/lib/thumb/v7e-m/nofp\libg_nano.a(lib_a-gdtoa-gethex.o)
 .ARM.attributes
                0x00000000000004c3       0x2e c:/users/дмитрий/appdata/roaming/xpacks/@gnu-mcu-eclipse/arm-none-eabi-gcc/8.2.1-1.7.1/.content/bin/../lib/gcc/arm-none-eabi/8.2.1/../../../../arm-none-eabi/lib/thumb/v7e-m/nofp\libg_nano.a(lib_a-gdtoa-hexnan.o)
 .ARM.attributes
                0x00000000000004f1       0x2e c:/users/дмитрий/appdata/roaming/xpacks/@gnu-mcu-eclipse/arm-none-eabi-gcc/8.2.1-1.7.1/.content/bin/../lib/gcc/arm-none-eabi/8.2.1/../../../../arm-none-eabi/lib/thumb/v7e-m/nofp\libg_nano.a(lib_a-lnumeric.o)
 .ARM.attributes
                0x000000000000051f       0x2e c:/users/дмитрий/appdata/roaming/xpacks/@gnu-mcu-eclipse/arm-none-eabi-gcc/8.2.1-1.7.1/.content/bin/../lib/gcc/arm-none-eabi/8.2.1/../../../../arm-none-eabi/lib/thumb/v7e-m/nofp\libg_nano.a(lib_a-locale.o)
 .ARM.attributes
                0x000000000000054d       0x2e c:/users/дмитрий/appdata/roaming/xpacks/@gnu-mcu-eclipse/arm-none-eabi-gcc/8.2.1-1.7.1/.content/bin/../lib/gcc/arm-none-eabi/8.2.1/../../../../arm-none-eabi/lib/thumb/v7e-m/nofp\libg_nano.a(lib_a-localeconv.o)
 .ARM.attributes
                0x000000000000057b       0x2e c:/users/дмитрий/appdata/roaming/xpacks/@gnu-mcu-eclipse/arm-none-eabi-gcc/8.2.1-1.7.1/.content/bin/../lib/gcc/arm-none-eabi/8.2.1/../../../../arm-none-eabi/lib/thumb/v7e-m/nofp\libg_nano.a(lib_a-malloc.o)
 .ARM.attributes
                0x00000000000005a9       0x2e c:/users/дмитрий/appdata/roaming/xpacks/@gnu-mcu-eclipse/arm-none-eabi-gcc/8.2.1-1.7.1/.content/bin/../lib/gcc/arm-none-eabi/8.2.1/../../../../arm-none-eabi/lib/thumb/v7e-m/nofp\libg_nano.a(lib_a-mbtowc_r.o)
 .ARM.attributes
                0x00000000000005d7       0x1c c:/users/дмитрий/appdata/roaming/xpacks/@gnu-mcu-eclipse/arm-none-eabi-gcc/8.2.1-1.7.1/.content/bin/../lib/gcc/arm-none-eabi/8.2.1/../../../../arm-none-eabi/lib/thumb/v7e-m/nofp\libg_nano.a(lib_a-memchr.o)
 .ARM.attributes
                0x00000000000005f3       0x2e c:/users/дмитрий/appdata/roaming/xpacks/@gnu-mcu-eclipse/arm-none-eabi-gcc/8.2.1-1.7.1/.content/bin/../lib/gcc/arm-none-eabi/8.2.1/../../../../arm-none-eabi/lib/thumb/v7e-m/nofp\libg_nano.a(lib_a-mprec.o)
 .ARM.attributes
                0x0000000000000621       0x2e c:/users/дмитрий/appdata/roaming/xpacks/@gnu-mcu-eclipse/arm-none-eabi-gcc/8.2.1-1.7.1/.content/bin/../lib/gcc/arm-none-eabi/8.2.1/../../../../arm-none-eabi/lib/thumb/v7e-m/nofp\libg_nano.a(lib_a-nano-callocr.o)
 .ARM.attributes
                0x000000000000064f       0x2e c:/users/дмитрий/appdata/roaming/xpacks/@gnu-mcu-eclipse/arm-none-eabi-gcc/8.2.1-1.7.1/.content/bin/../lib/gcc/arm-none-eabi/8.2.1/../../../../arm-none-eabi/lib/thumb/v7e-m/nofp\libg_nano.a(lib_a-nano-freer.o)
 .ARM.attributes
                0x000000000000067d       0x2e c:/users/дмитрий/appdata/roaming/xpacks/@gnu-mcu-eclipse/arm-none-eabi-gcc/8.2.1-1.7.1/.content/bin/../lib/gcc/arm-none-eabi/8.2.1/../../../../arm-none-eabi/lib/thumb/v7e-m/nofp\libg_nano.a(lib_a-nano-mallocr.o)
 .ARM.attributes
                0x00000000000006ab       0x2e c:/users/дмитрий/appdata/roaming/xpacks/@gnu-mcu-eclipse/arm-none-eabi-gcc/8.2.1-1.7.1/.content/bin/../lib/gcc/arm-none-eabi/8.2.1/../../../../arm-none-eabi/lib/thumb/v7e-m/nofp\libg_nano.a(lib_a-nano-svfprintf.o)
 .ARM.attributes
                0x00000000000006d9       0x2e c:/users/дмитрий/appdata/roaming/xpacks/@gnu-mcu-eclipse/arm-none-eabi-gcc/8.2.1-1.7.1/.content/bin/../lib/gcc/arm-none-eabi/8.2.1/../../../../arm-none-eabi/lib/thumb/v7e-m/nofp\libg_nano.a(lib_a-s_nan.o)
 .ARM.attributes
                0x0000000000000707       0x2e c:/users/дмитрий/appdata/roaming/xpacks/@gnu-mcu-eclipse/arm-none-eabi-gcc/8.2.1-1.7.1/.content/bin/../lib/gcc/arm-none-eabi/8.2.1/../../../../arm-none-eabi/lib/thumb/v7e-m/nofp\libg_nano.a(lib_a-sbrkr.o)
 .ARM.attributes
                0x0000000000000735       0x2e c:/users/дмитрий/appdata/roaming/xpacks/@gnu-mcu-eclipse/arm-none-eabi-gcc/8.2.1-1.7.1/.content/bin/../lib/gcc/arm-none-eabi/8.2.1/../../../../arm-none-eabi/lib/thumb/v7e-m/nofp\libg_nano.a(lib_a-strncmp.o)
 .ARM.attributes
                0x0000000000000763       0x2e c:/users/дмитрий/appdata/roaming/xpacks/@gnu-mcu-eclipse/arm-none-eabi-gcc/8.2.1-1.7.1/.content/bin/../lib/gcc/arm-none-eabi/8.2.1/../../../../arm-none-eabi/lib/thumb/v7e-m/nofp\libg_nano.a(lib_a-wctomb_r.o)
 .ARM.attributes
                0x0000000000000791       0x2e c:/users/дмитрий/appdata/roaming/xpacks/@gnu-mcu-eclipse/arm-none-eabi-gcc/8.2.1-1.7.1/.content/bin/../lib/gcc/arm-none-eabi/8.2.1/../../../../arm-none-eabi/lib/thumb/v7e-m/nofp\libg_nano.a(lib_a-memmove.o)
 .ARM.attributes
                0x00000000000007bf       0x2e c:/users/дмитрий/appdata/roaming/xpacks/@gnu-mcu-eclipse/arm-none-eabi-gcc/8.2.1-1.7.1/.content/bin/../lib/gcc/arm-none-eabi/8.2.1/../../../../arm-none-eabi/lib/thumb/v7e-m/nofp\libg_nano.a(lib_a-memset.o)
 .ARM.attributes
                0x00000000000007ed       0x2e c:/users/дмитрий/appdata/roaming/xpacks/@gnu-mcu-eclipse/arm-none-eabi-gcc/8.2.1-1.7.1/.content/bin/../lib/gcc/arm-none-eabi/8.2.1/../../../../arm-none-eabi/lib/thumb/v7e-m/nofp\libg_nano.a(lib_a-mlock.o)
 .ARM.attributes
                0x000000000000081b       0x2e c:/users/дмитрий/appdata/roaming/xpacks/@gnu-mcu-eclipse/arm-none-eabi-gcc/8.2.1-1.7.1/.content/bin/../lib/gcc/arm-none-eabi/8.2.1/../../../../arm-none-eabi/lib/thumb/v7e-m/nofp\libg_nano.a(lib_a-nano-reallocr.o)
 .ARM.attributes
                0x0000000000000849       0x2e c:/users/дмитрий/appdata/roaming/xpacks/@gnu-mcu-eclipse/arm-none-eabi-gcc/8.2.1-1.7.1/.content/bin/../lib/gcc/arm-none-eabi/8.2.1/../../../../arm-none-eabi/lib/thumb/v7e-m/nofp\libg_nano.a(lib_a-lock.o)
 .ARM.attributes
                0x0000000000000877       0x2e c:/users/дмитрий/appdata/roaming/xpacks/@gnu-mcu-eclipse/arm-none-eabi-gcc/8.2.1-1.7.1/.content/bin/../lib/gcc/arm-none-eabi/8.2.1/../../../../arm-none-eabi/lib/thumb/v7e-m/nofp\libg_nano.a(lib_a-nano-msizer.o)
 .ARM.attributes
                0x00000000000008a5       0x1e c:/users/дмитрий/appdata/roaming/xpacks/@gnu-mcu-eclipse/arm-none-eabi-gcc/8.2.1-1.7.1/.content/bin/../lib/gcc/arm-none-eabi/8.2.1/thumb/v7e-m/nofp\libgcc.a(_arm_addsubdf3.o)
 .ARM.attributes
                0x00000000000008c3       0x1e c:/users/дмитрий/appdata/roaming/xpacks/@gnu-mcu-eclipse/arm-none-eabi-gcc/8.2.1-1.7.1/.content/bin/../lib/gcc/arm-none-eabi/8.2.1/thumb/v7e-m/nofp\libgcc.a(_arm_muldivdf3.o)
 .ARM.attributes
                0x00000000000008e1       0x1e c:/users/дмитрий/appdata/roaming/xpacks/@gnu-mcu-eclipse/arm-none-eabi-gcc/8.2.1-1.7.1/.content/bin/../lib/gcc/arm-none-eabi/8.2.1/thumb/v7e-m/nofp\libgcc.a(_arm_cmpdf2.o)
 .ARM.attributes
                0x00000000000008ff       0x1e c:/users/дмитрий/appdata/roaming/xpacks/@gnu-mcu-eclipse/arm-none-eabi-gcc/8.2.1-1.7.1/.content/bin/../lib/gcc/arm-none-eabi/8.2.1/thumb/v7e-m/nofp\libgcc.a(_arm_unorddf2.o)
 .ARM.attributes
                0x000000000000091d       0x1e c:/users/дмитрий/appdata/roaming/xpacks/@gnu-mcu-eclipse/arm-none-eabi-gcc/8.2.1-1.7.1/.content/bin/../lib/gcc/arm-none-eabi/8.2.1/thumb/v7e-m/nofp\libgcc.a(_arm_fixdfsi.o)
 .ARM.attributes
                0x000000000000093b       0x1e c:/users/дмитрий/appdata/roaming/xpacks/@gnu-mcu-eclipse/arm-none-eabi-gcc/8.2.1-1.7.1/.content/bin/../lib/gcc/arm-none-eabi/8.2.1/thumb/v7e-m/nofp\libgcc.a(_arm_fixunsdfsi.o)
 .ARM.attributes
                0x0000000000000959       0x1e c:/users/дмитрий/appdata/roaming/xpacks/@gnu-mcu-eclipse/arm-none-eabi-gcc/8.2.1-1.7.1/.content/bin/../lib/gcc/arm-none-eabi/8.2.1/thumb/v7e-m/nofp\libgcc.a(_arm_truncdfsf2.o)
 .ARM.attributes
                0x0000000000000977       0x2e c:/users/дмитрий/appdata/roaming/xpacks/@gnu-mcu-eclipse/arm-none-eabi-gcc/8.2.1-1.7.1/.content/bin/../lib/gcc/arm-none-eabi/8.2.1/thumb/v7e-m/nofp\libgcc.a(_fixdfdi.o)
 .ARM.attributes
                0x00000000000009a5       0x2e c:/users/дмитрий/appdata/roaming/xpacks/@gnu-mcu-eclipse/arm-none-eabi-gcc/8.2.1-1.7.1/.content/bin/../lib/gcc/arm-none-eabi/8.2.1/thumb/v7e-m/nofp\libgcc.a(_fixunsdfdi.o)

.debug
 *(.debug)

.line
 *(.line)

.debug_srcinfo
 *(.debug_srcinfo)

.debug_sfnames
 *(.debug_sfnames)

.debug_aranges  0x0000000000000000      0x288
 *(.debug_aranges)
 .debug_aranges
                0x0000000000000000       0x28 ./System/Src/newlib/exit.o
 .debug_aranges
                0x0000000000000028       0x20 ./System/Src/newlib/sbrk.o
 .debug_aranges
                0x0000000000000048       0x40 ./System/Src/newlib/startup.o
 .debug_aranges
                0x0000000000000088       0x30 ./System/Src/newlib/syscalls.o
 .debug_aranges
                0x00000000000000b8       0x30 ./System/Src/diag/trace-impl.o
 .debug_aranges
                0x00000000000000e8       0x38 ./System/Src/diag/trace.o
 .debug_aranges
                0x0000000000000120       0x90 ./System/Src/cortexm/exception-handlers.o
 .debug_aranges
                0x00000000000001b0       0x28 ./System/Src/cortexm/initialize-hardware.o
 .debug_aranges
                0x00000000000001d8       0x38 ./System/Src/CMSIS/system_gd32f4xx.o
 .debug_aranges
                0x0000000000000210       0x20 ./System/Src/CMSIS/vectors_gd32f4xx.o
 .debug_aranges
                0x0000000000000230       0x20 ./Src/main.o
 .debug_aranges
                0x0000000000000250       0x38 ./Src/timer.o

.debug_pubnames
 *(.debug_pubnames)

.debug_info     0x0000000000000000     0x5db5
 *(.debug_info .gnu.linkonce.wi.*)
 .debug_info    0x0000000000000000      0x9e7 ./System/Src/newlib/exit.o
 .debug_info    0x00000000000009e7      0x9d4 ./System/Src/newlib/sbrk.o
 .debug_info    0x00000000000013bb      0x4ce ./System/Src/newlib/startup.o
 .debug_info    0x0000000000001889      0xab9 ./System/Src/newlib/syscalls.o
 .debug_info    0x0000000000002342      0x3be ./System/Src/diag/trace-impl.o
 .debug_info    0x0000000000002700      0xbdb ./System/Src/diag/trace.o
 .debug_info    0x00000000000032db     0x1296 ./System/Src/cortexm/exception-handlers.o
 .debug_info    0x0000000000004571      0x2d6 ./System/Src/cortexm/initialize-hardware.o
 .debug_info    0x0000000000004847      0x264 ./System/Src/CMSIS/system_gd32f4xx.o
 .debug_info    0x0000000000004aab       0xd1 ./System/Src/CMSIS/vectors_gd32f4xx.o
 .debug_info    0x0000000000004b7c      0xaca ./Src/main.o
 .debug_info    0x0000000000005646      0x76f ./Src/timer.o

.debug_abbrev   0x0000000000000000     0x1843
 *(.debug_abbrev)
 .debug_abbrev  0x0000000000000000      0x222 ./System/Src/newlib/exit.o
 .debug_abbrev  0x0000000000000222      0x232 ./System/Src/newlib/sbrk.o
 .debug_abbrev  0x0000000000000454      0x1d7 ./System/Src/newlib/startup.o
 .debug_abbrev  0x000000000000062b      0x26d ./System/Src/newlib/syscalls.o
 .debug_abbrev  0x0000000000000898      0x221 ./System/Src/diag/trace-impl.o
 .debug_abbrev  0x0000000000000ab9      0x2c6 ./System/Src/diag/trace.o
 .debug_abbrev  0x0000000000000d7f      0x372 ./System/Src/cortexm/exception-handlers.o
 .debug_abbrev  0x00000000000010f1       0xfc ./System/Src/cortexm/initialize-hardware.o
 .debug_abbrev  0x00000000000011ed      0x179 ./System/Src/CMSIS/system_gd32f4xx.o
 .debug_abbrev  0x0000000000001366       0xa5 ./System/Src/CMSIS/vectors_gd32f4xx.o
 .debug_abbrev  0x000000000000140b      0x247 ./Src/main.o
 .debug_abbrev  0x0000000000001652      0x1f1 ./Src/timer.o

.debug_line     0x0000000000000000     0x3f4c
 *(.debug_line)
 .debug_line    0x0000000000000000      0x405 ./System/Src/newlib/exit.o
 .debug_line    0x0000000000000405      0x3fa ./System/Src/newlib/sbrk.o
 .debug_line    0x00000000000007ff      0x61b ./System/Src/newlib/startup.o
 .debug_line    0x0000000000000e1a      0x509 ./System/Src/newlib/syscalls.o
 .debug_line    0x0000000000001323      0x766 ./System/Src/diag/trace-impl.o
 .debug_line    0x0000000000001a89      0x4e2 ./System/Src/diag/trace.o
 .debug_line    0x0000000000001f6b      0x950 ./System/Src/cortexm/exception-handlers.o
 .debug_line    0x00000000000028bb      0x3be ./System/Src/cortexm/initialize-hardware.o
 .debug_line    0x0000000000002c79      0x62a ./System/Src/CMSIS/system_gd32f4xx.o
 .debug_line    0x00000000000032a3      0x135 ./System/Src/CMSIS/vectors_gd32f4xx.o
 .debug_line    0x00000000000033d8      0x6f3 ./Src/main.o
 .debug_line    0x0000000000003acb      0x481 ./Src/timer.o

.debug_frame    0x0000000000000000     0x132c
 *(.debug_frame)
 .debug_frame   0x0000000000000000       0x38 ./System/Src/newlib/exit.o
 .debug_frame   0x0000000000000038       0x28 ./System/Src/newlib/sbrk.o
 .debug_frame   0x0000000000000060       0x7c ./System/Src/newlib/startup.o
 .debug_frame   0x00000000000000dc       0x50 ./System/Src/newlib/syscalls.o
 .debug_frame   0x000000000000012c       0x64 ./System/Src/diag/trace-impl.o
 .debug_frame   0x0000000000000190       0x94 ./System/Src/diag/trace.o
 .debug_frame   0x0000000000000224      0x158 ./System/Src/cortexm/exception-handlers.o
 .debug_frame   0x000000000000037c       0x40 ./System/Src/cortexm/initialize-hardware.o
 .debug_frame   0x00000000000003bc       0x70 ./System/Src/CMSIS/system_gd32f4xx.o
 .debug_frame   0x000000000000042c       0x20 ./System/Src/CMSIS/vectors_gd32f4xx.o
 .debug_frame   0x000000000000044c       0x28 ./Src/main.o
 .debug_frame   0x0000000000000474       0x58 ./Src/timer.o
 .debug_frame   0x00000000000004cc       0x20 c:/users/дмитрий/appdata/roaming/xpacks/@gnu-mcu-eclipse/arm-none-eabi-gcc/8.2.1-1.7.1/.content/bin/../lib/gcc/arm-none-eabi/8.2.1/../../../../arm-none-eabi/lib/thumb/v7e-m/nofp\libg_nano.a(lib_a-errno.o)
 .debug_frame   0x00000000000004ec       0x28 c:/users/дмитрий/appdata/roaming/xpacks/@gnu-mcu-eclipse/arm-none-eabi-gcc/8.2.1-1.7.1/.content/bin/../lib/gcc/arm-none-eabi/8.2.1/../../../../arm-none-eabi/lib/thumb/v7e-m/nofp\libg_nano.a(lib_a-memcpy-stub.o)
 .debug_frame   0x0000000000000514       0x94 c:/users/дмитрий/appdata/roaming/xpacks/@gnu-mcu-eclipse/arm-none-eabi-gcc/8.2.1-1.7.1/.content/bin/../lib/gcc/arm-none-eabi/8.2.1/../../../../arm-none-eabi/lib/thumb/v7e-m/nofp\libg_nano.a(lib_a-nano-vfprintf_float.o)
 .debug_frame   0x00000000000005a8       0x60 c:/users/дмитрий/appdata/roaming/xpacks/@gnu-mcu-eclipse/arm-none-eabi-gcc/8.2.1-1.7.1/.content/bin/../lib/gcc/arm-none-eabi/8.2.1/../../../../arm-none-eabi/lib/thumb/v7e-m/nofp\libg_nano.a(lib_a-nano-vfprintf_i.o)
 .debug_frame   0x0000000000000608       0x40 c:/users/дмитрий/appdata/roaming/xpacks/@gnu-mcu-eclipse/arm-none-eabi-gcc/8.2.1-1.7.1/.content/bin/../lib/gcc/arm-none-eabi/8.2.1/../../../../arm-none-eabi/lib/thumb/v7e-m/nofp\libg_nano.a(lib_a-nano-vfscanf_float.o)
 .debug_frame   0x0000000000000648       0x20 c:/users/дмитрий/appdata/roaming/xpacks/@gnu-mcu-eclipse/arm-none-eabi-gcc/8.2.1-1.7.1/.content/bin/../lib/gcc/arm-none-eabi/8.2.1/../../../../arm-none-eabi/lib/thumb/v7e-m/nofp\libg_nano.a(lib_a-sf_nan.o)
 .debug_frame   0x0000000000000668       0x6c c:/users/дмитрий/appdata/roaming/xpacks/@gnu-mcu-eclipse/arm-none-eabi-gcc/8.2.1-1.7.1/.content/bin/../lib/gcc/arm-none-eabi/8.2.1/../../../../arm-none-eabi/lib/thumb/v7e-m/nofp\libg_nano.a(lib_a-sprintf.o)
 .debug_frame   0x00000000000006d4       0xe8 c:/users/дмитрий/appdata/roaming/xpacks/@gnu-mcu-eclipse/arm-none-eabi-gcc/8.2.1-1.7.1/.content/bin/../lib/gcc/arm-none-eabi/8.2.1/../../../../arm-none-eabi/lib/thumb/v7e-m/nofp\libg_nano.a(lib_a-strtod.o)
 .debug_frame   0x00000000000007bc       0x64 c:/users/дмитрий/appdata/roaming/xpacks/@gnu-mcu-eclipse/arm-none-eabi-gcc/8.2.1-1.7.1/.content/bin/../lib/gcc/arm-none-eabi/8.2.1/../../../../arm-none-eabi/lib/thumb/v7e-m/nofp\libg_nano.a(lib_a-strtol.o)
 .debug_frame   0x0000000000000820       0x4c c:/users/дмитрий/appdata/roaming/xpacks/@gnu-mcu-eclipse/arm-none-eabi-gcc/8.2.1-1.7.1/.content/bin/../lib/gcc/arm-none-eabi/8.2.1/../../../../arm-none-eabi/lib/thumb/v7e-m/nofp\libg_nano.a(lib_a-vsnprintf.o)
 .debug_frame   0x000000000000086c       0x6c c:/users/дмитрий/appdata/roaming/xpacks/@gnu-mcu-eclipse/arm-none-eabi-gcc/8.2.1-1.7.1/.content/bin/../lib/gcc/arm-none-eabi/8.2.1/../../../../arm-none-eabi/lib/thumb/v7e-m/nofp\libg_nano.a(lib_a-dtoa.o)
 .debug_frame   0x00000000000008d8       0x70 c:/users/дмитрий/appdata/roaming/xpacks/@gnu-mcu-eclipse/arm-none-eabi-gcc/8.2.1-1.7.1/.content/bin/../lib/gcc/arm-none-eabi/8.2.1/../../../../arm-none-eabi/lib/thumb/v7e-m/nofp\libg_nano.a(lib_a-gdtoa-gethex.o)
 .debug_frame   0x0000000000000948       0x74 c:/users/дмитрий/appdata/roaming/xpacks/@gnu-mcu-eclipse/arm-none-eabi-gcc/8.2.1-1.7.1/.content/bin/../lib/gcc/arm-none-eabi/8.2.1/../../../../arm-none-eabi/lib/thumb/v7e-m/nofp\libg_nano.a(lib_a-gdtoa-hexnan.o)
 .debug_frame   0x00000000000009bc       0x20 c:/users/дмитрий/appdata/roaming/xpacks/@gnu-mcu-eclipse/arm-none-eabi-gcc/8.2.1-1.7.1/.content/bin/../lib/gcc/arm-none-eabi/8.2.1/../../../../arm-none-eabi/lib/thumb/v7e-m/nofp\libg_nano.a(lib_a-lnumeric.o)
 .debug_frame   0x00000000000009dc       0x48 c:/users/дмитрий/appdata/roaming/xpacks/@gnu-mcu-eclipse/arm-none-eabi-gcc/8.2.1-1.7.1/.content/bin/../lib/gcc/arm-none-eabi/8.2.1/../../../../arm-none-eabi/lib/thumb/v7e-m/nofp\libg_nano.a(lib_a-locale.o)
 .debug_frame   0x0000000000000a24       0x40 c:/users/дмитрий/appdata/roaming/xpacks/@gnu-mcu-eclipse/arm-none-eabi-gcc/8.2.1-1.7.1/.content/bin/../lib/gcc/arm-none-eabi/8.2.1/../../../../arm-none-eabi/lib/thumb/v7e-m/nofp\libg_nano.a(lib_a-localeconv.o)
 .debug_frame   0x0000000000000a64       0x30 c:/users/дмитрий/appdata/roaming/xpacks/@gnu-mcu-eclipse/arm-none-eabi-gcc/8.2.1-1.7.1/.content/bin/../lib/gcc/arm-none-eabi/8.2.1/../../../../arm-none-eabi/lib/thumb/v7e-m/nofp\libg_nano.a(lib_a-malloc.o)
 .debug_frame   0x0000000000000a94       0x48 c:/users/дмитрий/appdata/roaming/xpacks/@gnu-mcu-eclipse/arm-none-eabi-gcc/8.2.1-1.7.1/.content/bin/../lib/gcc/arm-none-eabi/8.2.1/../../../../arm-none-eabi/lib/thumb/v7e-m/nofp\libg_nano.a(lib_a-mbtowc_r.o)
 .debug_frame   0x0000000000000adc      0x248 c:/users/дмитрий/appdata/roaming/xpacks/@gnu-mcu-eclipse/arm-none-eabi-gcc/8.2.1-1.7.1/.content/bin/../lib/gcc/arm-none-eabi/8.2.1/../../../../arm-none-eabi/lib/thumb/v7e-m/nofp\libg_nano.a(lib_a-mprec.o)
 .debug_frame   0x0000000000000d24       0x2c c:/users/дмитрий/appdata/roaming/xpacks/@gnu-mcu-eclipse/arm-none-eabi-gcc/8.2.1-1.7.1/.content/bin/../lib/gcc/arm-none-eabi/8.2.1/../../../../arm-none-eabi/lib/thumb/v7e-m/nofp\libg_nano.a(lib_a-nano-callocr.o)
 .debug_frame   0x0000000000000d50       0x38 c:/users/дмитрий/appdata/roaming/xpacks/@gnu-mcu-eclipse/arm-none-eabi-gcc/8.2.1-1.7.1/.content/bin/../lib/gcc/arm-none-eabi/8.2.1/../../../../arm-none-eabi/lib/thumb/v7e-m/nofp\libg_nano.a(lib_a-nano-freer.o)
 .debug_frame   0x0000000000000d88       0x30 c:/users/дмитрий/appdata/roaming/xpacks/@gnu-mcu-eclipse/arm-none-eabi-gcc/8.2.1-1.7.1/.content/bin/../lib/gcc/arm-none-eabi/8.2.1/../../../../arm-none-eabi/lib/thumb/v7e-m/nofp\libg_nano.a(lib_a-nano-mallocr.o)
 .debug_frame   0x0000000000000db8       0x90 c:/users/дмитрий/appdata/roaming/xpacks/@gnu-mcu-eclipse/arm-none-eabi-gcc/8.2.1-1.7.1/.content/bin/../lib/gcc/arm-none-eabi/8.2.1/../../../../arm-none-eabi/lib/thumb/v7e-m/nofp\libg_nano.a(lib_a-nano-svfprintf.o)
 .debug_frame   0x0000000000000e48       0x20 c:/users/дмитрий/appdata/roaming/xpacks/@gnu-mcu-eclipse/arm-none-eabi-gcc/8.2.1-1.7.1/.content/bin/../lib/gcc/arm-none-eabi/8.2.1/../../../../arm-none-eabi/lib/thumb/v7e-m/nofp\libg_nano.a(lib_a-s_nan.o)
 .debug_frame   0x0000000000000e68       0x2c c:/users/дмитрий/appdata/roaming/xpacks/@gnu-mcu-eclipse/arm-none-eabi-gcc/8.2.1-1.7.1/.content/bin/../lib/gcc/arm-none-eabi/8.2.1/../../../../arm-none-eabi/lib/thumb/v7e-m/nofp\libg_nano.a(lib_a-sbrkr.o)
 .debug_frame   0x0000000000000e94       0x28 c:/users/дмитрий/appdata/roaming/xpacks/@gnu-mcu-eclipse/arm-none-eabi-gcc/8.2.1-1.7.1/.content/bin/../lib/gcc/arm-none-eabi/8.2.1/../../../../arm-none-eabi/lib/thumb/v7e-m/nofp\libg_nano.a(lib_a-strncmp.o)
 .debug_frame   0x0000000000000ebc       0x3c c:/users/дмитрий/appdata/roaming/xpacks/@gnu-mcu-eclipse/arm-none-eabi-gcc/8.2.1-1.7.1/.content/bin/../lib/gcc/arm-none-eabi/8.2.1/../../../../arm-none-eabi/lib/thumb/v7e-m/nofp\libg_nano.a(lib_a-wctomb_r.o)
 .debug_frame   0x0000000000000ef8       0x28 c:/users/дмитрий/appdata/roaming/xpacks/@gnu-mcu-eclipse/arm-none-eabi-gcc/8.2.1-1.7.1/.content/bin/../lib/gcc/arm-none-eabi/8.2.1/../../../../arm-none-eabi/lib/thumb/v7e-m/nofp\libg_nano.a(lib_a-memmove.o)
 .debug_frame   0x0000000000000f20       0x20 c:/users/дмитрий/appdata/roaming/xpacks/@gnu-mcu-eclipse/arm-none-eabi-gcc/8.2.1-1.7.1/.content/bin/../lib/gcc/arm-none-eabi/8.2.1/../../../../arm-none-eabi/lib/thumb/v7e-m/nofp\libg_nano.a(lib_a-memset.o)
 .debug_frame   0x0000000000000f40       0x30 c:/users/дмитрий/appdata/roaming/xpacks/@gnu-mcu-eclipse/arm-none-eabi-gcc/8.2.1-1.7.1/.content/bin/../lib/gcc/arm-none-eabi/8.2.1/../../../../arm-none-eabi/lib/thumb/v7e-m/nofp\libg_nano.a(lib_a-mlock.o)
 .debug_frame   0x0000000000000f70       0x3c c:/users/дмитрий/appdata/roaming/xpacks/@gnu-mcu-eclipse/arm-none-eabi-gcc/8.2.1-1.7.1/.content/bin/../lib/gcc/arm-none-eabi/8.2.1/../../../../arm-none-eabi/lib/thumb/v7e-m/nofp\libg_nano.a(lib_a-nano-reallocr.o)
 .debug_frame   0x0000000000000fac       0xb0 c:/users/дмитрий/appdata/roaming/xpacks/@gnu-mcu-eclipse/arm-none-eabi-gcc/8.2.1-1.7.1/.content/bin/../lib/gcc/arm-none-eabi/8.2.1/../../../../arm-none-eabi/lib/thumb/v7e-m/nofp\libg_nano.a(lib_a-lock.o)
 .debug_frame   0x000000000000105c       0x20 c:/users/дмитрий/appdata/roaming/xpacks/@gnu-mcu-eclipse/arm-none-eabi-gcc/8.2.1-1.7.1/.content/bin/../lib/gcc/arm-none-eabi/8.2.1/../../../../arm-none-eabi/lib/thumb/v7e-m/nofp\libg_nano.a(lib_a-nano-msizer.o)
 .debug_frame   0x000000000000107c       0xac c:/users/дмитрий/appdata/roaming/xpacks/@gnu-mcu-eclipse/arm-none-eabi-gcc/8.2.1-1.7.1/.content/bin/../lib/gcc/arm-none-eabi/8.2.1/thumb/v7e-m/nofp\libgcc.a(_arm_addsubdf3.o)
 .debug_frame   0x0000000000001128       0x50 c:/users/дмитрий/appdata/roaming/xpacks/@gnu-mcu-eclipse/arm-none-eabi-gcc/8.2.1-1.7.1/.content/bin/../lib/gcc/arm-none-eabi/8.2.1/thumb/v7e-m/nofp\libgcc.a(_arm_muldivdf3.o)
 .debug_frame   0x0000000000001178       0xc4 c:/users/дмитрий/appdata/roaming/xpacks/@gnu-mcu-eclipse/arm-none-eabi-gcc/8.2.1-1.7.1/.content/bin/../lib/gcc/arm-none-eabi/8.2.1/thumb/v7e-m/nofp\libgcc.a(_arm_cmpdf2.o)
 .debug_frame   0x000000000000123c       0x20 c:/users/дмитрий/appdata/roaming/xpacks/@gnu-mcu-eclipse/arm-none-eabi-gcc/8.2.1-1.7.1/.content/bin/../lib/gcc/arm-none-eabi/8.2.1/thumb/v7e-m/nofp\libgcc.a(_arm_unorddf2.o)
 .debug_frame   0x000000000000125c       0x24 c:/users/дмитрий/appdata/roaming/xpacks/@gnu-mcu-eclipse/arm-none-eabi-gcc/8.2.1-1.7.1/.content/bin/../lib/gcc/arm-none-eabi/8.2.1/thumb/v7e-m/nofp\libgcc.a(_arm_fixdfsi.o)
 .debug_frame   0x0000000000001280       0x24 c:/users/дмитрий/appdata/roaming/xpacks/@gnu-mcu-eclipse/arm-none-eabi-gcc/8.2.1-1.7.1/.content/bin/../lib/gcc/arm-none-eabi/8.2.1/thumb/v7e-m/nofp\libgcc.a(_arm_fixunsdfsi.o)
 .debug_frame   0x00000000000012a4       0x24 c:/users/дмитрий/appdata/roaming/xpacks/@gnu-mcu-eclipse/arm-none-eabi-gcc/8.2.1-1.7.1/.content/bin/../lib/gcc/arm-none-eabi/8.2.1/thumb/v7e-m/nofp\libgcc.a(_arm_truncdfsf2.o)
 .debug_frame   0x00000000000012c8       0x38 c:/users/дмитрий/appdata/roaming/xpacks/@gnu-mcu-eclipse/arm-none-eabi-gcc/8.2.1-1.7.1/.content/bin/../lib/gcc/arm-none-eabi/8.2.1/thumb/v7e-m/nofp\libgcc.a(_fixdfdi.o)
 .debug_frame   0x0000000000001300       0x2c c:/users/дмитрий/appdata/roaming/xpacks/@gnu-mcu-eclipse/arm-none-eabi-gcc/8.2.1-1.7.1/.content/bin/../lib/gcc/arm-none-eabi/8.2.1/thumb/v7e-m/nofp\libgcc.a(_fixunsdfdi.o)

.debug_str      0x0000000000000000    0x33019
 *(.debug_str)
 .debug_str     0x0000000000000000     0x7ca9 ./System/Src/newlib/exit.o
                                       0x7e70 (size before relaxing)
 .debug_str     0x0000000000007ca9      0x4f4 ./System/Src/newlib/sbrk.o
                                       0x7222 (size before relaxing)
 .debug_str     0x000000000000819d      0xbb3 ./System/Src/newlib/startup.o
                                       0x695d (size before relaxing)
 .debug_str     0x0000000000008d50      0xdee ./System/Src/newlib/syscalls.o
                                       0x806e (size before relaxing)
 .debug_str     0x0000000000009b3e    0x28097 ./System/Src/diag/trace-impl.o
                                      0x2f79a (size before relaxing)
 .debug_str     0x0000000000031bd5      0x81a ./System/Src/diag/trace.o
                                       0x85e9 (size before relaxing)
 .debug_str     0x00000000000323ef      0x20c ./System/Src/cortexm/exception-handlers.o
                                      0x309bf (size before relaxing)
 .debug_str     0x00000000000325fb       0x5d ./System/Src/cortexm/initialize-hardware.o
                                      0x2b690 (size before relaxing)
 .debug_str     0x0000000000032658      0x230 ./System/Src/CMSIS/system_gd32f4xx.o
                                      0x2b7f2 (size before relaxing)
 .debug_str     0x0000000000032888       0x56 ./System/Src/CMSIS/vectors_gd32f4xx.o
                                       0x38f1 (size before relaxing)
 .debug_str     0x00000000000328de      0x174 ./Src/main.o
                                      0x30dda (size before relaxing)
 .debug_str     0x0000000000032a52      0x5c7 ./Src/timer.o
                                      0x2bcc5 (size before relaxing)

.debug_loc      0x0000000000000000      0xbe5
 *(.debug_loc)
 .debug_loc     0x0000000000000000       0x15 ./System/Src/newlib/exit.o
 .debug_loc     0x0000000000000015       0x97 ./System/Src/newlib/sbrk.o
 .debug_loc     0x00000000000000ac      0x2a6 ./System/Src/newlib/startup.o
 .debug_loc     0x0000000000000352       0x6f ./System/Src/newlib/syscalls.o
 .debug_loc     0x00000000000003c1      0x1a1 ./System/Src/diag/trace-impl.o
 .debug_loc     0x0000000000000562      0x118 ./System/Src/diag/trace.o
 .debug_loc     0x000000000000067a      0x35c ./System/Src/cortexm/exception-handlers.o
 .debug_loc     0x00000000000009d6      0x13f ./System/Src/CMSIS/system_gd32f4xx.o
 .debug_loc     0x0000000000000b15       0x6d ./Src/main.o
 .debug_loc     0x0000000000000b82       0x63 ./Src/timer.o

.debug_macinfo
 *(.debug_macinfo)

.debug_weaknames
 *(.debug_weaknames)

.debug_funcnames
 *(.debug_funcnames)

.debug_typenames
 *(.debug_typenames)

.debug_varnames
 *(.debug_varnames)
OUTPUT(gd32f405_template.elf elf32-littlearm)

.debug_ranges   0x0000000000000000      0x210
 .debug_ranges  0x0000000000000000       0x18 ./System/Src/newlib/exit.o
 .debug_ranges  0x0000000000000018       0x10 ./System/Src/newlib/sbrk.o
 .debug_ranges  0x0000000000000028       0x48 ./System/Src/newlib/startup.o
 .debug_ranges  0x0000000000000070       0x20 ./System/Src/newlib/syscalls.o
 .debug_ranges  0x0000000000000090       0x38 ./System/Src/diag/trace-impl.o
 .debug_ranges  0x00000000000000c8       0x28 ./System/Src/diag/trace.o
 .debug_ranges  0x00000000000000f0       0x98 ./System/Src/cortexm/exception-handlers.o
 .debug_ranges  0x0000000000000188       0x18 ./System/Src/cortexm/initialize-hardware.o
 .debug_ranges  0x00000000000001a0       0x28 ./System/Src/CMSIS/system_gd32f4xx.o
 .debug_ranges  0x00000000000001c8       0x10 ./System/Src/CMSIS/vectors_gd32f4xx.o
 .debug_ranges  0x00000000000001d8       0x10 ./Src/main.o
 .debug_ranges  0x00000000000001e8       0x28 ./Src/timer.o

.debug_macro    0x0000000000000000     0x2650
 .debug_macro   0x0000000000000000      0x1b4 ./System/Src/newlib/exit.o
 .debug_macro   0x00000000000001b4      0x169 ./System/Src/newlib/sbrk.o
 .debug_macro   0x000000000000031d      0x174 ./System/Src/newlib/sbrk.o
 .debug_macro   0x0000000000000491       0x10 ./System/Src/newlib/sbrk.o
 .debug_macro   0x00000000000004a1      0x23b ./System/Src/newlib/sbrk.o
 .debug_macro   0x00000000000006dc      0x173 ./System/Src/newlib/startup.o
 .debug_macro   0x000000000000084f      0x1f3 ./System/Src/newlib/syscalls.o
 .debug_macro   0x0000000000000a42       0x1c ./System/Src/newlib/syscalls.o
 .debug_macro   0x0000000000000a5e       0x10 ./System/Src/newlib/syscalls.o
 .debug_macro   0x0000000000000a6e       0x10 ./System/Src/newlib/syscalls.o
 .debug_macro   0x0000000000000a7e       0x10 ./System/Src/newlib/syscalls.o
 .debug_macro   0x0000000000000a8e       0x35 ./System/Src/newlib/syscalls.o
 .debug_macro   0x0000000000000ac3      0x122 ./System/Src/newlib/syscalls.o
 .debug_macro   0x0000000000000be5       0x88 ./System/Src/newlib/syscalls.o
 .debug_macro   0x0000000000000c6d      0x10c ./System/Src/newlib/syscalls.o
 .debug_macro   0x0000000000000d79      0x189 ./System/Src/newlib/syscalls.o
 .debug_macro   0x0000000000000f02       0x16 ./System/Src/newlib/syscalls.o
 .debug_macro   0x0000000000000f18      0x2ef ./System/Src/diag/trace-impl.o
 .debug_macro   0x0000000000001207       0x10 ./System/Src/diag/trace-impl.o
 .debug_macro   0x0000000000001217       0xcf ./System/Src/diag/trace-impl.o
 .debug_macro   0x00000000000012e6       0xbe ./System/Src/diag/trace-impl.o
 .debug_macro   0x00000000000013a4       0x22 ./System/Src/diag/trace-impl.o
 .debug_macro   0x00000000000013c6      0x1fb ./System/Src/diag/trace.o
 .debug_macro   0x00000000000015c1       0x16 ./System/Src/diag/trace.o
 .debug_macro   0x00000000000015d7       0x97 ./System/Src/diag/trace.o
 .debug_macro   0x000000000000166e       0xfd ./System/Src/diag/trace.o
 .debug_macro   0x000000000000176b       0x10 ./System/Src/diag/trace.o
 .debug_macro   0x000000000000177b       0x16 ./System/Src/diag/trace.o
 .debug_macro   0x0000000000001791      0x16f ./System/Src/diag/trace.o
 .debug_macro   0x0000000000001900       0x4c ./System/Src/diag/trace.o
 .debug_macro   0x000000000000194c       0x16 ./System/Src/diag/trace.o
 .debug_macro   0x0000000000001962      0x33f ./System/Src/cortexm/exception-handlers.o
 .debug_macro   0x0000000000001ca1       0x10 ./System/Src/cortexm/exception-handlers.o
 .debug_macro   0x0000000000001cb1      0x180 ./System/Src/cortexm/initialize-hardware.o
 .debug_macro   0x0000000000001e31      0x1a6 ./System/Src/CMSIS/system_gd32f4xx.o
 .debug_macro   0x0000000000001fd7       0x34 ./System/Src/CMSIS/vectors_gd32f4xx.o
 .debug_macro   0x000000000000200b      0x37d ./Src/main.o
 .debug_macro   0x0000000000002388       0xd9 ./Src/main.o
 .debug_macro   0x0000000000002461       0x46 ./Src/main.o
 .debug_macro   0x00000000000024a7      0x199 ./Src/timer.o
 .debug_macro   0x0000000000002640       0x10 ./Src/timer.o