Archive member included to satisfy reference by file (symbol)

c:/users/kovalev/appdata/roaming/xpacks/@gnu-mcu-eclipse/arm-none-eabi-gcc/8.2.1-1.7.1/.content/bin/../lib/gcc/arm-none-eabi/8.2.1/thumb/v7e-m/nofp\libgcc.a(unwind-arm.o)
                              ./System/Src/newlib/cxx.o (__aeabi_unwind_cpp_pr1)
c:/users/kovalev/appdata/roaming/xpacks/@gnu-mcu-eclipse/arm-none-eabi-gcc/8.2.1-1.7.1/.content/bin/../lib/gcc/arm-none-eabi/8.2.1/thumb/v7e-m/nofp\libgcc.a(libunwind.o)
                              c:/users/kovalev/appdata/roaming/xpacks/@gnu-mcu-eclipse/arm-none-eabi-gcc/8.2.1-1.7.1/.content/bin/../lib/gcc/arm-none-eabi/8.2.1/thumb/v7e-m/nofp\libgcc.a(unwind-arm.o) (restore_core_regs)
c:/users/kovalev/appdata/roaming/xpacks/@gnu-mcu-eclipse/arm-none-eabi-gcc/8.2.1-1.7.1/.content/bin/../lib/gcc/arm-none-eabi/8.2.1/thumb/v7e-m/nofp\libgcc.a(pr-support.o)
                              c:/users/kovalev/appdata/roaming/xpacks/@gnu-mcu-eclipse/arm-none-eabi-gcc/8.2.1-1.7.1/.content/bin/../lib/gcc/arm-none-eabi/8.2.1/thumb/v7e-m/nofp\libgcc.a(unwind-arm.o) (__gnu_unwind_execute)
c:/users/kovalev/appdata/roaming/xpacks/@gnu-mcu-eclipse/arm-none-eabi-gcc/8.2.1-1.7.1/.content/bin/../lib/gcc/arm-none-eabi/8.2.1/../../../../arm-none-eabi/lib/thumb/v7e-m/nofp\libg_nano.a(lib_a-abs.o)
                              ./Src/ILI9341_GFX.o (abs)
c:/users/kovalev/appdata/roaming/xpacks/@gnu-mcu-eclipse/arm-none-eabi-gcc/8.2.1-1.7.1/.content/bin/../lib/gcc/arm-none-eabi/8.2.1/../../../../arm-none-eabi/lib/thumb/v7e-m/nofp\libg_nano.a(lib_a-errno.o)
                              ./System/Src/newlib/sbrk.o (__errno)
c:/users/kovalev/appdata/roaming/xpacks/@gnu-mcu-eclipse/arm-none-eabi-gcc/8.2.1-1.7.1/.content/bin/../lib/gcc/arm-none-eabi/8.2.1/../../../../arm-none-eabi/lib/thumb/v7e-m/nofp\libg_nano.a(lib_a-impure.o)
                              c:/users/kovalev/appdata/roaming/xpacks/@gnu-mcu-eclipse/arm-none-eabi-gcc/8.2.1-1.7.1/.content/bin/../lib/gcc/arm-none-eabi/8.2.1/../../../../arm-none-eabi/lib/thumb/v7e-m/nofp\libg_nano.a(lib_a-errno.o) (_impure_ptr)
c:/users/kovalev/appdata/roaming/xpacks/@gnu-mcu-eclipse/arm-none-eabi-gcc/8.2.1-1.7.1/.content/bin/../lib/gcc/arm-none-eabi/8.2.1/../../../../arm-none-eabi/lib/thumb/v7e-m/nofp\libg_nano.a(lib_a-memcpy-stub.o)
                              c:/users/kovalev/appdata/roaming/xpacks/@gnu-mcu-eclipse/arm-none-eabi-gcc/8.2.1-1.7.1/.content/bin/../lib/gcc/arm-none-eabi/8.2.1/thumb/v7e-m/nofp\libgcc.a(unwind-arm.o) (memcpy)
c:/users/kovalev/appdata/roaming/xpacks/@gnu-mcu-eclipse/arm-none-eabi-gcc/8.2.1-1.7.1/.content/bin/../lib/gcc/arm-none-eabi/8.2.1/../../../../arm-none-eabi/lib/thumb/v7e-m/nofp\libg_nano.a(lib_a-nano-vfprintf_float.o)
                              (_printf_float)
c:/users/kovalev/appdata/roaming/xpacks/@gnu-mcu-eclipse/arm-none-eabi-gcc/8.2.1-1.7.1/.content/bin/../lib/gcc/arm-none-eabi/8.2.1/../../../../arm-none-eabi/lib/thumb/v7e-m/nofp\libg_nano.a(lib_a-nano-vfprintf_i.o)
                              c:/users/kovalev/appdata/roaming/xpacks/@gnu-mcu-eclipse/arm-none-eabi-gcc/8.2.1-1.7.1/.content/bin/../lib/gcc/arm-none-eabi/8.2.1/../../../../arm-none-eabi/lib/thumb/v7e-m/nofp\libg_nano.a(lib_a-nano-vfprintf_float.o) (_printf_common)
c:/users/kovalev/appdata/roaming/xpacks/@gnu-mcu-eclipse/arm-none-eabi-gcc/8.2.1-1.7.1/.content/bin/../lib/gcc/arm-none-eabi/8.2.1/../../../../arm-none-eabi/lib/thumb/v7e-m/nofp\libg_nano.a(lib_a-nano-vfscanf_float.o)
                              (_scanf_float)
c:/users/kovalev/appdata/roaming/xpacks/@gnu-mcu-eclipse/arm-none-eabi-gcc/8.2.1-1.7.1/.content/bin/../lib/gcc/arm-none-eabi/8.2.1/../../../../arm-none-eabi/lib/thumb/v7e-m/nofp\libg_nano.a(lib_a-sf_nan.o)
                              c:/users/kovalev/appdata/roaming/xpacks/@gnu-mcu-eclipse/arm-none-eabi-gcc/8.2.1-1.7.1/.content/bin/../lib/gcc/arm-none-eabi/8.2.1/../../../../arm-none-eabi/lib/thumb/v7e-m/nofp\libg_nano.a(lib_a-nano-vfscanf_float.o) (nanf)
c:/users/kovalev/appdata/roaming/xpacks/@gnu-mcu-eclipse/arm-none-eabi-gcc/8.2.1-1.7.1/.content/bin/../lib/gcc/arm-none-eabi/8.2.1/../../../../arm-none-eabi/lib/thumb/v7e-m/nofp\libg_nano.a(lib_a-sprintf.o)
                              c:/users/kovalev/appdata/roaming/xpacks/@gnu-mcu-eclipse/arm-none-eabi-gcc/8.2.1-1.7.1/.content/bin/../lib/gcc/arm-none-eabi/8.2.1/../../../../arm-none-eabi/lib/thumb/v7e-m/nofp\libg_nano.a(lib_a-nano-vfscanf_float.o) (sprintf)
c:/users/kovalev/appdata/roaming/xpacks/@gnu-mcu-eclipse/arm-none-eabi-gcc/8.2.1-1.7.1/.content/bin/../lib/gcc/arm-none-eabi/8.2.1/../../../../arm-none-eabi/lib/thumb/v7e-m/nofp\libg_nano.a(lib_a-strlen.o)
                              ./System/Src/diag/trace.o (strlen)
c:/users/kovalev/appdata/roaming/xpacks/@gnu-mcu-eclipse/arm-none-eabi-gcc/8.2.1-1.7.1/.content/bin/../lib/gcc/arm-none-eabi/8.2.1/../../../../arm-none-eabi/lib/thumb/v7e-m/nofp\libg_nano.a(lib_a-strtod.o)
[...]
Memory Configuration

Name             Origin             Length             Attributes
FLASH            0x0000000008000000 0x0000000000080000 xr
RAM              0x0000000020000000 0x0000000000030000 xrw
CCMRAM           0x0000000010000000 0x0000000000000000 xrw
FLASHB1          0x0000000000000000 0x0000000000000000 xr
EXTMEMB0         0x0000000000000000 0x0000000000000000 xr
EXTMEMB1         0x0000000000000000 0x0000000000000000 xr
EXTMEMB2         0x0000000000000000 0x0000000000000000 xr
EXTMEMB3         0x0000000000000000 0x0000000000000000 xr
*default*        0x0000000000000000 0xffffffffffffffff

Linker script and memory map

LOAD ./System/Src/newlib/assert.o
LOAD ./System/Src/newlib/cxx.o
LOAD ./System/Src/newlib/exit.o
LOAD ./System/Src/newlib/sbrk.o
LOAD ./System/Src/newlib/startup.o
LOAD ./System/Src/newlib/syscalls.o
LOAD ./System/Src/gd32f4xx/gd32f4xx_adc.o
LOAD ./System/Src/gd32f4xx/gd32f4xx_can.o
LOAD ./System/Src/gd32f4xx/gd32f4xx_crc.o
LOAD ./System/Src/gd32f4xx/gd32f4xx_ctc.o
LOAD ./System/Src/gd32f4xx/gd32f4xx_dac.o
LOAD ./System/Src/gd32f4xx/gd32f4xx_dbg.o
LOAD ./System/Src/gd32f4xx/gd32f4xx_dci.o
LOAD ./System/Src/gd32f4xx/gd32f4xx_dma.o
LOAD ./System/Src/gd32f4xx/gd32f4xx_enet.o
LOAD ./System/Src/gd32f4xx/gd32f4xx_exmc.o
LOAD ./System/Src/gd32f4xx/gd32f4xx_exti.o
LOAD ./System/Src/gd32f4xx/gd32f4xx_fmc.o
LOAD ./System/Src/gd32f4xx/gd32f4xx_fwdgt.o
LOAD ./System/Src/gd32f4xx/gd32f4xx_gpio.o
LOAD ./System/Src/gd32f4xx/gd32f4xx_i2c.o
LOAD ./System/Src/gd32f4xx/gd32f4xx_ipa.o
LOAD ./System/Src/gd32f4xx/gd32f4xx_iref.o
LOAD ./System/Src/gd32f4xx/gd32f4xx_misc.o
LOAD ./System/Src/gd32f4xx/gd32f4xx_pmu.o
LOAD ./System/Src/gd32f4xx/gd32f4xx_rcu.o
LOAD ./System/Src/gd32f4xx/gd32f4xx_rtc.o
LOAD ./System/Src/gd32f4xx/gd32f4xx_sdio.o
LOAD ./System/Src/gd32f4xx/gd32f4xx_spi.o
LOAD ./System/Src/gd32f4xx/gd32f4xx_syscfg.o
LOAD ./System/Src/gd32f4xx/gd32f4xx_timer.o
LOAD ./System/Src/gd32f4xx/gd32f4xx_tli.o
LOAD ./System/Src/gd32f4xx/gd32f4xx_trng.o
LOAD ./System/Src/gd32f4xx/gd32f4xx_usart.o
LOAD ./System/Src/gd32f4xx/gd32f4xx_wwdgt.o
LOAD ./System/Src/diag/trace-impl.o
LOAD ./System/Src/diag/trace.o
LOAD ./System/Src/cortexm/exception-handlers.o
LOAD ./System/Src/cortexm/initialize-hardware.o
LOAD ./System/Src/cortexm/reset-hardware.o
LOAD ./System/Src/CMSIS/system_gd32f4xx.o
LOAD ./System/Src/CMSIS/vectors_gd32f4xx.o
LOAD ./Src/ILI9341_GFX.o
LOAD ./Src/fonts.o
LOAD ./Src/main.o
LOAD ./Src/systick.o
LOAD ./Src/timer.o
LOAD ./Src/write.o
LOAD ./Src/xpt2046_touch.o
LOAD c:/users/kovalev/appdata/roaming/xpacks/@gnu-mcu-eclipse/arm-none-eabi-gcc/8.2.1-1.7.1/.content/bin/../lib/gcc/arm-none-eabi/8.2.1/../../../../arm-none-eabi/lib/thumb/v7e-m/nofp\libstdc++_nano.a
LOAD c:/users/kovalev/appdata/roaming/xpacks/@gnu-mcu-eclipse/arm-none-eabi-gcc/8.2.1-1.7.1/.content/bin/../lib/gcc/arm-none-eabi/8.2.1/../../../../arm-none-eabi/lib/thumb/v7e-m/nofp\libm.a
START GROUP
LOAD c:/users/kovalev/appdata/roaming/xpacks/@gnu-mcu-eclipse/arm-none-eabi-gcc/8.2.1-1.7.1/.content/bin/../lib/gcc/arm-none-eabi/8.2.1/thumb/v7e-m/nofp\libgcc.a
LOAD c:/users/kovalev/appdata/roaming/xpacks/@gnu-mcu-eclipse/arm-none-eabi-gcc/8.2.1-1.7.1/.content/bin/../lib/gcc/arm-none-eabi/8.2.1/../../../../arm-none-eabi/lib/thumb/v7e-m/nofp\libg_nano.a
LOAD c:/users/kovalev/appdata/roaming/xpacks/@gnu-mcu-eclipse/arm-none-eabi-gcc/8.2.1-1.7.1/.content/bin/../lib/gcc/arm-none-eabi/8.2.1/../../../../arm-none-eabi/lib/thumb/v7e-m/nofp\libc_nano.a
END GROUP
START GROUP
LOAD c:/users/kovalev/appdata/roaming/xpacks/@gnu-mcu-eclipse/arm-none-eabi-gcc/8.2.1-1.7.1/.content/bin/../lib/gcc/arm-none-eabi/8.2.1/thumb/v7e-m/nofp\libgcc.a
LOAD c:/users/kovalev/appdata/roaming/xpacks/@gnu-mcu-eclipse/arm-none-eabi-gcc/8.2.1-1.7.1/.content/bin/../lib/gcc/arm-none-eabi/8.2.1/../../../../arm-none-eabi/lib/thumb/v7e-m/nofp\libc_nano.a
END GROUP
                0x0000000020030000                __stack = (ORIGIN (RAM) + LENGTH (RAM))
                0x0000000020030000                _estack = __stack
                0x0000000000000400                __Main_Stack_Size = 0x400
                [!provide]                        PROVIDE (_Main_Stack_Size = __Main_Stack_Size)
                0x000000002002fc00                __Main_Stack_Limit = (__stack - __Main_Stack_Size)
                [!provide]                        PROVIDE (_Main_Stack_Limit = __Main_Stack_Limit)
                0x0000000000000400                _Minimum_Stack_Size = 0x400
                0x0000000020000298                PROVIDE (_Heap_Begin = _end_noinit)
                0x000000002002fc00                PROVIDE (_Heap_Limit = (__stack - __Main_Stack_Size))

.isr_vector     0x0000000008000000      0x3ca
 FILL mask 0xff
                0x0000000008000000                __vectors_start = ABSOLUTE (.)
                0x0000000008000000                __vectors_start__ = ABSOLUTE (.)
 *(.isr_vector)
 .isr_vector    0x0000000008000000      0x188 ./System/Src/CMSIS/vectors_gd32f4xx.o
                0x0000000008000000                __isr_vectors
 *(.cfmconfig)
 *(.after_vectors .after_vectors.*)
 .after_vectors
                0x0000000008000188      0x114 ./System/Src/newlib/startup.o
                0x0000000008000188                _start
 .after_vectors
                0x000000000800029c      0x12c ./System/Src/cortexm/exception-handlers.o
                0x000000000800029c                Reset_Handler
                0x00000000080002a2                NMI_Handler
                0x00000000080002a6                HardFault_Handler
                0x00000000080002ba                HardFault_Handler_C
                0x0000000008000318                MemManage_Handler
                0x000000000800031c                BusFault_Handler
                0x0000000008000330                BusFault_Handler_C
                0x0000000008000364                UsageFault_Handler
                0x0000000008000378                UsageFault_Handler_C
                0x00000000080003ac                SVC_Handler
                0x00000000080003b0                DebugMon_Handler
                0x00000000080003b4                PendSV_Handler
 .after_vectors
                0x00000000080003c8        0x2 ./System/Src/CMSIS/vectors_gd32f4xx.o
                0x00000000080003c8                RTC_Alarm_IRQHandler
                0x00000000080003c8                EXTI2_IRQHandler
                0x00000000080003c8                TIMER2_IRQHandler
                0x00000000080003c8                LVD_IRQHandler
                0x00000000080003c8                CAN1_EWMC_IRQHandler
                0x00000000080003c8                TIMER7_UP_TIMER12_IRQHandler
                0x00000000080003c8                SDIO_IRQHandler
                0x00000000080003c8                EXTI3_IRQHandler
                0x00000000080003c8                DCI_IRQHandler
                0x00000000080003c8                USBFS_WKUP_IRQHandler
                0x00000000080003c8                USBHS_IRQHandler
                0x00000000080003c8                TIMER5_DAC_IRQHandler
                0x00000000080003c8                TIMER0_TRG_CMT_TIMER10_IRQHandler
                0x00000000080003c8                USBFS_IRQHandler
                0x00000000080003c8                TIMER3_IRQHandler
                0x00000000080003c8                DMA0_Channel6_IRQHandler
                0x00000000080003c8                I2C0_EV_IRQHandler
                0x00000000080003c8                EXTI0_IRQHandler
                0x00000000080003c8                I2C2_EV_IRQHandler
                0x00000000080003c8                CAN1_RX0_IRQHandler
                0x00000000080003c8                FPU_IRQHandler
                0x00000000080003c8                TIMER7_TRG_CMT_TIMER13_IRQHandler
                0x00000000080003c8                TIMER4_IRQHandler
                0x00000000080003c8                SPI1_IRQHandler
                0x00000000080003c8                DMA0_Channel0_IRQHandler
                0x00000000080003c8                USART5_IRQHandler
                0x00000000080003c8                TIMER0_BRK_TIMER8_IRQHandler
                0x00000000080003c8                DMA1_Channel0_IRQHandler
                0x00000000080003c8                TIMER7_BRK_TIMER11_IRQHandler
                0x00000000080003c8                TIMER6_IRQHandler
                0x00000000080003c8                DMA1_Channel4_IRQHandler
                0x00000000080003c8                DMA0_Channel3_IRQHandler
                0x00000000080003c8                I2C0_ER_IRQHandler
                0x00000000080003c8                TIMER0_UP_TIMER9_IRQHandler
                0x00000000080003c8                DMA1_Channel7_IRQHandler
                0x00000000080003c8                CAN1_RX1_IRQHandler
                0x00000000080003c8                DMA0_Channel2_IRQHandler
                0x00000000080003c8                USART0_IRQHandler
                0x00000000080003c8                TIMER1_IRQHandler
                0x00000000080003c8                I2C1_EV_IRQHandler
                0x00000000080003c8                DMA1_Channel6_IRQHandler
                0x00000000080003c8                UART4_IRQHandler
                0x00000000080003c8                EXTI10_15_IRQHandler
                0x00000000080003c8                DMA1_Channel1_IRQHandler
                0x00000000080003c8                Default_Handler
                0x00000000080003c8                TIMER7_Channel_IRQHandler
                0x00000000080003c8                ADC_IRQHandler
                0x00000000080003c8                DMA0_Channel7_IRQHandler
                0x00000000080003c8                CAN0_TX_IRQHandler
                0x00000000080003c8                WWDGT_IRQHandler
                0x00000000080003c8                TAMPER_STAMP_IRQHandler
                0x00000000080003c8                RTC_WKUP_IRQHandler
                0x00000000080003c8                SPI2_IRQHandler
                0x00000000080003c8                CAN1_TX_IRQHandler
                0x00000000080003c8                RCU_CTC_IRQHandler
                0x00000000080003c8                DMA1_Channel5_IRQHandler
                0x00000000080003c8                EXTI4_IRQHandler
                0x00000000080003c8                CAN0_RX1_IRQHandler
                0x00000000080003c8                DMA0_Channel5_IRQHandler
                0x00000000080003c8                DMA1_Channel3_IRQHandler
                0x00000000080003c8                EXTI5_9_IRQHandler
                0x00000000080003c8                DMA0_Channel1_IRQHandler
                0x00000000080003c8                TIMER0_Channel_IRQHandler
                0x00000000080003c8                EXTI1_IRQHandler
                0x00000000080003c8                USBHS_EP1_In_IRQHandler
                0x00000000080003c8                SPI0_IRQHandler
                0x00000000080003c8                USART2_IRQHandler
                0x00000000080003c8                CAN0_EWMC_IRQHandler
                0x00000000080003c8                CAN0_RX0_IRQHandler
                0x00000000080003c8                I2C2_ER_IRQHandler
                0x00000000080003c8                DMA1_Channel2_IRQHandler
                0x00000000080003c8                USART1_IRQHandler
                0x00000000080003c8                UART3_IRQHandler
                0x00000000080003c8                I2C1_ER_IRQHandler
                0x00000000080003c8                FMC_IRQHandler
                0x00000000080003c8                USBHS_WKUP_IRQHandler
                0x00000000080003c8                DMA0_Channel4_IRQHandler
                0x00000000080003c8                TRNG_IRQHandler
                0x00000000080003c8                USBHS_EP1_Out_IRQHandler

.inits          0x00000000080003cc       0x28
                0x00000000080003cc                __data_regions_array_start = .
                0x00000000080003cc        0x4 LONG 0x80054c8 LOADADDR (.data)
                0x00000000080003d0        0x4 LONG 0x20000000 ADDR (.data)
                0x00000000080003d4        0x4 LONG 0x200001e8 (ADDR (.data) + SIZEOF (.data))
                0x00000000080003d8        0x4 LONG 0x80054c8 LOADADDR (.data_CCMRAM)
                0x00000000080003dc        0x4 LONG 0x10000000 ADDR (.data_CCMRAM)
                0x00000000080003e0        0x4 LONG 0x10000000 (ADDR (.data_CCMRAM) + SIZEOF (.data_CCMRAM))
                0x00000000080003e4                __data_regions_array_end = .
                0x00000000080003e4                __bss_regions_array_start = .
                0x00000000080003e4        0x4 LONG 0x200001e8 ADDR (.bss)
                0x00000000080003e8        0x4 LONG 0x20000298 (ADDR (.bss) + SIZEOF (.bss))
                0x00000000080003ec        0x4 LONG 0x10000000 ADDR (.bss_CCMRAM)
                0x00000000080003f0        0x4 LONG 0x10000000 (ADDR (.bss_CCMRAM) + SIZEOF (.bss_CCMRAM))
                0x00000000080003f4                __bss_regions_array_end = .
 *(.init)
 *(.fini)
                0x00000000080003f4                . = ALIGN (0x4)
                0x00000000080003f4                PROVIDE (__preinit_array_start = .)
 *(.preinit_array_sysinit .preinit_array_sysinit.*)
 *(.preinit_array_platform .preinit_array_platform.*)
 *(.preinit_array .preinit_array.*)
                0x00000000080003f4                PROVIDE (__preinit_array_end = .)
                0x00000000080003f4                . = ALIGN (0x4)
                0x00000000080003f4                PROVIDE (__init_array_start = .)
 *(SORT_BY_NAME(.init_array.*))
 *(.init_array)
                0x00000000080003f4                PROVIDE (__init_array_end = .)
                0x00000000080003f4                . = ALIGN (0x4)
                0x00000000080003f4                PROVIDE (__fini_array_start = .)
 *(SORT_BY_NAME(.fini_array.*))
 *(.fini_array)
                0x00000000080003f4                PROVIDE (__fini_array_end = .)

.flashtext
 *(.flashtext .flashtext.*)

.text           0x0000000008000400     0x50c5
 *(.text .text.*)
 .text._exit    0x0000000008000400        0x2 ./System/Src/newlib/exit.o
                0x0000000008000400                _exit
 *fill*         0x0000000008000402        0x2 
 .text._sbrk    0x0000000008000404       0x44 ./System/Src/newlib/sbrk.o
                0x0000000008000404                _sbrk
 .text.__initialize_args
                0x0000000008000448       0x10 ./System/Src/newlib/syscalls.o
                0x0000000008000448                __initialize_args
 .text.gpio_mode_set
                0x0000000008000458       0x46 ./System/Src/gd32f4xx/gd32f4xx_gpio.o
                0x0000000008000458                gpio_mode_set
 .text.gpio_output_options_set
                0x000000000800049e       0x44 ./System/Src/gd32f4xx/gd32f4xx_gpio.o
                0x000000000800049e                gpio_output_options_set
 .text.gpio_bit_set
                0x00000000080004e2        0x4 ./System/Src/gd32f4xx/gd32f4xx_gpio.o
                0x00000000080004e2                gpio_bit_set
 .text.gpio_bit_reset
                0x00000000080004e6        0x4 ./System/Src/gd32f4xx/gd32f4xx_gpio.o
                0x00000000080004e6                gpio_bit_reset
 .text.gpio_af_set
                0x00000000080004ea       0x60 ./System/Src/gd32f4xx/gd32f4xx_gpio.o
                0x00000000080004ea                gpio_af_set
 .text.rcu_periph_clock_enable
                0x000000000800054a       0x1c ./System/Src/gd32f4xx/gd32f4xx_rcu.o
                0x000000000800054a                rcu_periph_clock_enable
 .text.spi_init
                0x0000000008000566       0x2e ./System/Src/gd32f4xx/gd32f4xx_spi.o
                0x0000000008000566                spi_init
 .text.spi_enable
                0x0000000008000594        0xa ./System/Src/gd32f4xx/gd32f4xx_spi.o
                0x0000000008000594                spi_enable
 .text._trace_write_semihosting_debug
                0x000000000800059e       0x60 ./System/Src/diag/trace-impl.o
 .text.trace_write
                0x00000000080005fe        0x8 ./System/Src/diag/trace-impl.o
                0x00000000080005fe                trace_write
 *fill*         0x0000000008000606        0x2 
 .text.trace_printf
                0x0000000008000608       0x34 ./System/Src/diag/trace.o
                0x0000000008000608                trace_printf
 .text.dumpExceptionStack
                0x000000000800063c       0xf4 ./System/Src/cortexm/exception-handlers.o
                0x000000000800063c                dumpExceptionStack
 .text.isSemihosting
                0x0000000008000730       0x20 ./System/Src/cortexm/exception-handlers.o
                0x0000000008000730                isSemihosting
 .text.__initialize_hardware_early
                0x0000000008000750       0x18 ./System/Src/cortexm/initialize-hardware.o
                0x0000000008000750                __initialize_hardware_early
 .text.__initialize_hardware
                0x0000000008000768        0x8 ./System/Src/cortexm/initialize-hardware.o
                0x0000000008000768                __initialize_hardware
 .text.system_clock_240m_irc16m
                0x0000000008000770       0xcc ./System/Src/CMSIS/system_gd32f4xx.o
 .text.system_clock_config
                0x000000000800083c        0x8 ./System/Src/CMSIS/system_gd32f4xx.o
 .text.SystemInit
                0x0000000008000844       0x9c ./System/Src/CMSIS/system_gd32f4xx.o
                0x0000000008000844                SystemInit
 .text.SystemCoreClockUpdate
                0x00000000080008e0       0xa4 ./System/Src/CMSIS/system_gd32f4xx.o
                0x00000000080008e0                SystemCoreClockUpdate
 .text.rcu_config
                0x0000000008000984       0x24 ./Src/main.o
                0x0000000008000984                rcu_config
 .text.gpio_config
                0x00000000080009a8       0x7c ./Src/main.o
                0x00000000080009a8                gpio_config
 .text.spi_config
                0x0000000008000a24       0x34 ./Src/main.o
                0x0000000008000a24                spi_config
 .text.main     0x0000000008000a58       0x44 ./Src/main.o
                0x0000000008000a58                main
 .text.systick_config
                0x0000000008000a9c       0x40 ./Src/systick.o
                0x0000000008000a9c                systick_config
 .text.delay_1ms
                0x0000000008000adc       0x10 ./Src/systick.o
                0x0000000008000adc                delay_1ms
 .text.timer_tick
                0x0000000008000aec       0x14 ./Src/timer.o
                0x0000000008000aec                timer_tick
 .text.SysTick_Handler
                0x0000000008000b00        0x8 ./Src/timer.o
                0x0000000008000b00                SysTick_Handler
 .text.__errno  0x0000000008000b08        0xc c:/users/kovalev/appdata/roaming/xpacks/@gnu-mcu-eclipse/arm-none-eabi-gcc/8.2.1-1.7.1/.content/bin/../lib/gcc/arm-none-eabi/8.2.1/../../../../arm-none-eabi/lib/thumb/v7e-m/nofp\libg_nano.a(lib_a-errno.o)
                0x0000000008000b08                __errno
 .text.memcpy   0x0000000008000b14       0x1c c:/users/kovalev/appdata/roaming/xpacks/@gnu-mcu-eclipse/arm-none-eabi-gcc/8.2.1-1.7.1/.content/bin/../lib/gcc/arm-none-eabi/8.2.1/../../../../arm-none-eabi/lib/thumb/v7e-m/nofp\libg_nano.a(lib_a-memcpy-stub.o)
                0x0000000008000b14                memcpy
 .text.__cvt    0x0000000008000b30       0xbc c:/users/kovalev/appdata/roaming/xpacks/@gnu-mcu-eclipse/arm-none-eabi-gcc/8.2.1-1.7.1/.content/bin/../lib/gcc/arm-none-eabi/8.2.1/../../../../arm-none-eabi/lib/thumb/v7e-m/nofp\libg_nano.a(lib_a-nano-vfprintf_float.o)
                0x0000000008000b30                __cvt
 .text.__exponent
                0x0000000008000bec       0x64 c:/users/kovalev/appdata/roaming/xpacks/@gnu-mcu-eclipse/arm-none-eabi-gcc/8.2.1-1.7.1/.content/bin/../lib/gcc/arm-none-eabi/8.2.1/../../../../arm-none-eabi/lib/thumb/v7e-m/nofp\libg_nano.a(lib_a-nano-vfprintf_float.o)
                0x0000000008000bec                __exponent
 .text._printf_float
                0x0000000008000c50      0x444 c:/users/kovalev/appdata/roaming/xpacks/@gnu-mcu-eclipse/arm-none-eabi-gcc/8.2.1-1.7.1/.content/bin/../lib/gcc/arm-none-eabi/8.2.1/../../../../arm-none-eabi/lib/thumb/v7e-m/nofp\libg_nano.a(lib_a-nano-vfprintf_float.o)
                0x0000000008000c50                _printf_float
 .text._printf_common
                0x0000000008001094       0xea c:/users/kovalev/appdata/roaming/xpacks/@gnu-mcu-eclipse/arm-none-eabi-gcc/8.2.1-1.7.1/.content/bin/../lib/gcc/arm-none-eabi/8.2.1/../../../../arm-none-eabi/lib/thumb/v7e-m/nofp\libg_nano.a(lib_a-nano-vfprintf_i.o)
                0x0000000008001094                _printf_common
 *fill*         0x000000000800117e        0x2 
 .text._printf_i
                0x0000000008001180      0x228 c:/users/kovalev/appdata/roaming/xpacks/@gnu-mcu-eclipse/arm-none-eabi-gcc/8.2.1-1.7.1/.content/bin/../lib/gcc/arm-none-eabi/8.2.1/../../../../arm-none-eabi/lib/thumb/v7e-m/nofp\libg_nano.a(lib_a-nano-vfprintf_i.o)
                0x0000000008001180                _printf_i
 .text._scanf_float
                0x00000000080013a8      0x3c0 c:/users/kovalev/appdata/roaming/xpacks/@gnu-mcu-eclipse/arm-none-eabi-gcc/8.2.1-1.7.1/.content/bin/../lib/gcc/arm-none-eabi/8.2.1/../../../../arm-none-eabi/lib/thumb/v7e-m/nofp\libg_nano.a(lib_a-nano-vfscanf_float.o)
                0x00000000080013a8                _scanf_float
 .text.nanf     0x0000000008001768        0x8 c:/users/kovalev/appdata/roaming/xpacks/@gnu-mcu-eclipse/arm-none-eabi-gcc/8.2.1-1.7.1/.content/bin/../lib/gcc/arm-none-eabi/8.2.1/../../../../arm-none-eabi/lib/thumb/v7e-m/nofp\libg_nano.a(lib_a-sf_nan.o)
                0x0000000008001768                nanf
 .text.sprintf  0x0000000008001770       0x40 c:/users/kovalev/appdata/roaming/xpacks/@gnu-mcu-eclipse/arm-none-eabi-gcc/8.2.1-1.7.1/.content/bin/../lib/gcc/arm-none-eabi/8.2.1/../../../../arm-none-eabi/lib/thumb/v7e-m/nofp\libg_nano.a(lib_a-sprintf.o)
                0x0000000008001770                siprintf
                0x0000000008001770                sprintf
 .text          0x00000000080017b0       0x10 c:/users/kovalev/appdata/roaming/xpacks/@gnu-mcu-eclipse/arm-none-eabi-gcc/8.2.1-1.7.1/.content/bin/../lib/gcc/arm-none-eabi/8.2.1/../../../../arm-none-eabi/lib/thumb/v7e-m/nofp\libg_nano.a(lib_a-strlen.o)
                0x00000000080017b0                strlen
 .text.sulp     0x00000000080017c0       0x42 c:/users/kovalev/appdata/roaming/xpacks/@gnu-mcu-eclipse/arm-none-eabi-gcc/8.2.1-1.7.1/.content/bin/../lib/gcc/arm-none-eabi/8.2.1/../../../../arm-none-eabi/lib/thumb/v7e-m/nofp\libg_nano.a(lib_a-strtod.o)
 *fill*         0x0000000008001802        0x6 
 .text._strtod_l
                0x0000000008001808      0xbf0 c:/users/kovalev/appdata/roaming/xpacks/@gnu-mcu-eclipse/arm-none-eabi-gcc/8.2.1-1.7.1/.content/bin/../lib/gcc/arm-none-eabi/8.2.1/../../../../arm-none-eabi/lib/thumb/v7e-m/nofp\libg_nano.a(lib_a-strtod.o)
                0x0000000008001808                _strtod_l
 .text._strtod_r
                0x00000000080023f8        0xc c:/users/kovalev/appdata/roaming/xpacks/@gnu-mcu-eclipse/arm-none-eabi-gcc/8.2.1-1.7.1/.content/bin/../lib/gcc/arm-none-eabi/8.2.1/../../../../arm-none-eabi/lib/thumb/v7e-m/nofp\libg_nano.a(lib_a-strtod.o)
                0x00000000080023f8                _strtod_r
 .text._strtol_l.isra.0
                0x0000000008002404       0xf0 c:/users/kovalev/appdata/roaming/xpacks/@gnu-mcu-eclipse/arm-none-eabi-gcc/8.2.1-1.7.1/.content/bin/../lib/gcc/arm-none-eabi/8.2.1/../../../../arm-none-eabi/lib/thumb/v7e-m/nofp\libg_nano.a(lib_a-strtol.o)
 .text._strtol_r
                0x00000000080024f4        0x4 c:/users/kovalev/appdata/roaming/xpacks/@gnu-mcu-eclipse/arm-none-eabi-gcc/8.2.1-1.7.1/.content/bin/../lib/gcc/arm-none-eabi/8.2.1/../../../../arm-none-eabi/lib/thumb/v7e-m/nofp\libg_nano.a(lib_a-strtol.o)
                0x00000000080024f4                _strtol_r
 .text._vsnprintf_r
                0x00000000080024f8       0x58 c:/users/kovalev/appdata/roaming/xpacks/@gnu-mcu-eclipse/arm-none-eabi-gcc/8.2.1-1.7.1/.content/bin/../lib/gcc/arm-none-eabi/8.2.1/../../../../arm-none-eabi/lib/thumb/v7e-m/nofp\libg_nano.a(lib_a-vsnprintf.o)
                0x00000000080024f8                _vsniprintf_r
                0x00000000080024f8                _vsnprintf_r
 .text.vsnprintf
                0x0000000008002550       0x1c c:/users/kovalev/appdata/roaming/xpacks/@gnu-mcu-eclipse/arm-none-eabi-gcc/8.2.1-1.7.1/.content/bin/../lib/gcc/arm-none-eabi/8.2.1/../../../../arm-none-eabi/lib/thumb/v7e-m/nofp\libg_nano.a(lib_a-vsnprintf.o)
                0x0000000008002550                vsniprintf
                0x0000000008002550                vsnprintf
 .text.quorem   0x000000000800256c      0x112 c:/users/kovalev/appdata/roaming/xpacks/@gnu-mcu-eclipse/arm-none-eabi-gcc/8.2.1-1.7.1/.content/bin/../lib/gcc/arm-none-eabi/8.2.1/../../../../arm-none-eabi/lib/thumb/v7e-m/nofp\libg_nano.a(lib_a-dtoa.o)
 *fill*         0x000000000800267e        0x2 
 .text._dtoa_r  0x0000000008002680      0xb5c c:/users/kovalev/appdata/roaming/xpacks/@gnu-mcu-eclipse/arm-none-eabi-gcc/8.2.1-1.7.1/.content/bin/../lib/gcc/arm-none-eabi/8.2.1/../../../../arm-none-eabi/lib/thumb/v7e-m/nofp\libg_nano.a(lib_a-dtoa.o)
                0x0000000008002680                _dtoa_r
 .text.rshift   0x00000000080031dc       0x74 c:/users/kovalev/appdata/roaming/xpacks/@gnu-mcu-eclipse/arm-none-eabi-gcc/8.2.1-1.7.1/.content/bin/../lib/gcc/arm-none-eabi/8.2.1/../../../../arm-none-eabi/lib/thumb/v7e-m/nofp\libg_nano.a(lib_a-gdtoa-gethex.o)
 .text.__hexdig_fun
                0x0000000008003250       0x2a c:/users/kovalev/appdata/roaming/xpacks/@gnu-mcu-eclipse/arm-none-eabi-gcc/8.2.1-1.7.1/.content/bin/../lib/gcc/arm-none-eabi/8.2.1/../../../../arm-none-eabi/lib/thumb/v7e-m/nofp\libg_nano.a(lib_a-gdtoa-gethex.o)
                0x0000000008003250                __hexdig_fun
 *fill*         0x000000000800327a        0x2 
 .text.__gethex
                0x000000000800327c      0x448 c:/users/kovalev/appdata/roaming/xpacks/@gnu-mcu-eclipse/arm-none-eabi-gcc/8.2.1-1.7.1/.content/bin/../lib/gcc/arm-none-eabi/8.2.1/../../../../arm-none-eabi/lib/thumb/v7e-m/nofp\libg_nano.a(lib_a-gdtoa-gethex.o)
                0x000000000800327c                __gethex
 .text.L_shift  0x00000000080036c4       0x24 c:/users/kovalev/appdata/roaming/xpacks/@gnu-mcu-eclipse/arm-none-eabi-gcc/8.2.1-1.7.1/.content/bin/../lib/gcc/arm-none-eabi/8.2.1/../../../../arm-none-eabi/lib/thumb/v7e-m/nofp\libg_nano.a(lib_a-gdtoa-hexnan.o)
 .text.__match  0x00000000080036e8       0x28 c:/users/kovalev/appdata/roaming/xpacks/@gnu-mcu-eclipse/arm-none-eabi-gcc/8.2.1-1.7.1/.content/bin/../lib/gcc/arm-none-eabi/8.2.1/../../../../arm-none-eabi/lib/thumb/v7e-m/nofp\libg_nano.a(lib_a-gdtoa-hexnan.o)
                0x00000000080036e8                __match
 .text.__hexnan
                0x0000000008003710      0x120 c:/users/kovalev/appdata/roaming/xpacks/@gnu-mcu-eclipse/arm-none-eabi-gcc/8.2.1-1.7.1/.content/bin/../lib/gcc/arm-none-eabi/8.2.1/../../../../arm-none-eabi/lib/thumb/v7e-m/nofp\libg_nano.a(lib_a-gdtoa-hexnan.o)
                0x0000000008003710                __hexnan
 .text._localeconv_r
                0x0000000008003830        0x8 c:/users/kovalev/appdata/roaming/xpacks/@gnu-mcu-eclipse/arm-none-eabi-gcc/8.2.1-1.7.1/.content/bin/../lib/gcc/arm-none-eabi/8.2.1/../../../../arm-none-eabi/lib/thumb/v7e-m/nofp\libg_nano.a(lib_a-localeconv.o)
                0x0000000008003830                _localeconv_r
 .text.malloc   0x0000000008003838       0x10 c:/users/kovalev/appdata/roaming/xpacks/@gnu-mcu-eclipse/arm-none-eabi-gcc/8.2.1-1.7.1/.content/bin/../lib/gcc/arm-none-eabi/8.2.1/../../../../arm-none-eabi/lib/thumb/v7e-m/nofp\libg_nano.a(lib_a-malloc.o)
                0x0000000008003838                malloc
 .text.__ascii_mbtowc
                0x0000000008003848       0x24 c:/users/kovalev/appdata/roaming/xpacks/@gnu-mcu-eclipse/arm-none-eabi-gcc/8.2.1-1.7.1/.content/bin/../lib/gcc/arm-none-eabi/8.2.1/../../../../arm-none-eabi/lib/thumb/v7e-m/nofp\libg_nano.a(lib_a-mbtowc_r.o)
                0x0000000008003848                __ascii_mbtowc
 *fill*         0x000000000800386c        0x4 
 .text          0x0000000008003870       0xa0 c:/users/kovalev/appdata/roaming/xpacks/@gnu-mcu-eclipse/arm-none-eabi-gcc/8.2.1-1.7.1/.content/bin/../lib/gcc/arm-none-eabi/8.2.1/../../../../arm-none-eabi/lib/thumb/v7e-m/nofp\libg_nano.a(lib_a-memchr.o)
                0x0000000008003870                memchr
 .text._Balloc  0x0000000008003910       0x68 c:/users/kovalev/appdata/roaming/xpacks/@gnu-mcu-eclipse/arm-none-eabi-gcc/8.2.1-1.7.1/.content/bin/../lib/gcc/arm-none-eabi/8.2.1/../../../../arm-none-eabi/lib/thumb/v7e-m/nofp\libg_nano.a(lib_a-mprec.o)
                0x0000000008003910                _Balloc
 .text._Bfree   0x0000000008003978       0x2e c:/users/kovalev/appdata/roaming/xpacks/@gnu-mcu-eclipse/arm-none-eabi-gcc/8.2.1-1.7.1/.content/bin/../lib/gcc/arm-none-eabi/8.2.1/../../../../arm-none-eabi/lib/thumb/v7e-m/nofp\libg_nano.a(lib_a-mprec.o)
                0x0000000008003978                _Bfree
 .text.__multadd
                0x00000000080039a6       0x76 c:/users/kovalev/appdata/roaming/xpacks/@gnu-mcu-eclipse/arm-none-eabi-gcc/8.2.1-1.7.1/.content/bin/../lib/gcc/arm-none-eabi/8.2.1/../../../../arm-none-eabi/lib/thumb/v7e-m/nofp\libg_nano.a(lib_a-mprec.o)
                0x00000000080039a6                __multadd
 .text.__s2b    0x0000000008003a1c       0x7c c:/users/kovalev/appdata/roaming/xpacks/@gnu-mcu-eclipse/arm-none-eabi-gcc/8.2.1-1.7.1/.content/bin/../lib/gcc/arm-none-eabi/8.2.1/../../../../arm-none-eabi/lib/thumb/v7e-m/nofp\libg_nano.a(lib_a-mprec.o)
                0x0000000008003a1c                __s2b
 .text.__hi0bits
                0x0000000008003a98       0x40 c:/users/kovalev/appdata/roaming/xpacks/@gnu-mcu-eclipse/arm-none-eabi-gcc/8.2.1-1.7.1/.content/bin/../lib/gcc/arm-none-eabi/8.2.1/../../../../arm-none-eabi/lib/thumb/v7e-m/nofp\libg_nano.a(lib_a-mprec.o)
                0x0000000008003a98                __hi0bits
 .text.__lo0bits
                0x0000000008003ad8       0x60 c:/users/kovalev/appdata/roaming/xpacks/@gnu-mcu-eclipse/arm-none-eabi-gcc/8.2.1-1.7.1/.content/bin/../lib/gcc/arm-none-eabi/8.2.1/../../../../arm-none-eabi/lib/thumb/v7e-m/nofp\libg_nano.a(lib_a-mprec.o)
                0x0000000008003ad8                __lo0bits
 .text.__i2b    0x0000000008003b38       0x12 c:/users/kovalev/appdata/roaming/xpacks/@gnu-mcu-eclipse/arm-none-eabi-gcc/8.2.1-1.7.1/.content/bin/../lib/gcc/arm-none-eabi/8.2.1/../../../../arm-none-eabi/lib/thumb/v7e-m/nofp\libg_nano.a(lib_a-mprec.o)
                0x0000000008003b38                __i2b
 .text.__multiply
                0x0000000008003b4a      0x120 c:/users/kovalev/appdata/roaming/xpacks/@gnu-mcu-eclipse/arm-none-eabi-gcc/8.2.1-1.7.1/.content/bin/../lib/gcc/arm-none-eabi/8.2.1/../../../../arm-none-eabi/lib/thumb/v7e-m/nofp\libg_nano.a(lib_a-mprec.o)
                0x0000000008003b4a                __multiply
 *fill*         0x0000000008003c6a        0x2 
 .text.__pow5mult
                0x0000000008003c6c       0x9c c:/users/kovalev/appdata/roaming/xpacks/@gnu-mcu-eclipse/arm-none-eabi-gcc/8.2.1-1.7.1/.content/bin/../lib/gcc/arm-none-eabi/8.2.1/../../../../arm-none-eabi/lib/thumb/v7e-m/nofp\libg_nano.a(lib_a-mprec.o)
                0x0000000008003c6c                __pow5mult
 .text.__lshift
                0x0000000008003d08       0xa6 c:/users/kovalev/appdata/roaming/xpacks/@gnu-mcu-eclipse/arm-none-eabi-gcc/8.2.1-1.7.1/.content/bin/../lib/gcc/arm-none-eabi/8.2.1/../../../../arm-none-eabi/lib/thumb/v7e-m/nofp\libg_nano.a(lib_a-mprec.o)
                0x0000000008003d08                __lshift
 .text.__mcmp   0x0000000008003dae       0x34 c:/users/kovalev/appdata/roaming/xpacks/@gnu-mcu-eclipse/arm-none-eabi-gcc/8.2.1-1.7.1/.content/bin/../lib/gcc/arm-none-eabi/8.2.1/../../../../arm-none-eabi/lib/thumb/v7e-m/nofp\libg_nano.a(lib_a-mprec.o)
                0x0000000008003dae                __mcmp
 .text.__mdiff  0x0000000008003de2       0xba c:/users/kovalev/appdata/roaming/xpacks/@gnu-mcu-eclipse/arm-none-eabi-gcc/8.2.1-1.7.1/.content/bin/../lib/gcc/arm-none-eabi/8.2.1/../../../../arm-none-eabi/lib/thumb/v7e-m/nofp\libg_nano.a(lib_a-mprec.o)
                0x0000000008003de2                __mdiff
 .text.__ulp    0x0000000008003e9c       0x44 c:/users/kovalev/appdata/roaming/xpacks/@gnu-mcu-eclipse/arm-none-eabi-gcc/8.2.1-1.7.1/.content/bin/../lib/gcc/arm-none-eabi/8.2.1/../../../../arm-none-eabi/lib/thumb/v7e-m/nofp\libg_nano.a(lib_a-mprec.o)
                0x0000000008003e9c                __ulp
 .text.__b2d    0x0000000008003ee0       0xa8 c:/users/kovalev/appdata/roaming/xpacks/@gnu-mcu-eclipse/arm-none-eabi-gcc/8.2.1-1.7.1/.content/bin/../lib/gcc/arm-none-eabi/8.2.1/../../../../arm-none-eabi/lib/thumb/v7e-m/nofp\libg_nano.a(lib_a-mprec.o)
                0x0000000008003ee0                __b2d
 .text.__d2b    0x0000000008003f88       0x9c c:/users/kovalev/appdata/roaming/xpacks/@gnu-mcu-eclipse/arm-none-eabi-gcc/8.2.1-1.7.1/.content/bin/../lib/gcc/arm-none-eabi/8.2.1/../../../../arm-none-eabi/lib/thumb/v7e-m/nofp\libg_nano.a(lib_a-mprec.o)
                0x0000000008003f88                __d2b
 .text.__ratio  0x0000000008004024       0x5c c:/users/kovalev/appdata/roaming/xpacks/@gnu-mcu-eclipse/arm-none-eabi-gcc/8.2.1-1.7.1/.content/bin/../lib/gcc/arm-none-eabi/8.2.1/../../../../arm-none-eabi/lib/thumb/v7e-m/nofp\libg_nano.a(lib_a-mprec.o)
                0x0000000008004024                __ratio
 .text.__copybits
                0x0000000008004080       0x34 c:/users/kovalev/appdata/roaming/xpacks/@gnu-mcu-eclipse/arm-none-eabi-gcc/8.2.1-1.7.1/.content/bin/../lib/gcc/arm-none-eabi/8.2.1/../../../../arm-none-eabi/lib/thumb/v7e-m/nofp\libg_nano.a(lib_a-mprec.o)
                0x0000000008004080                __copybits
 .text.__any_on
                0x00000000080040b4       0x42 c:/users/kovalev/appdata/roaming/xpacks/@gnu-mcu-eclipse/arm-none-eabi-gcc/8.2.1-1.7.1/.content/bin/../lib/gcc/arm-none-eabi/8.2.1/../../../../arm-none-eabi/lib/thumb/v7e-m/nofp\libg_nano.a(lib_a-mprec.o)
                0x00000000080040b4                __any_on
 .text._calloc_r
                0x00000000080040f6       0x1c c:/users/kovalev/appdata/roaming/xpacks/@gnu-mcu-eclipse/arm-none-eabi-gcc/8.2.1-1.7.1/.content/bin/../lib/gcc/arm-none-eabi/8.2.1/../../../../arm-none-eabi/lib/thumb/v7e-m/nofp\libg_nano.a(lib_a-nano-callocr.o)
                0x00000000080040f6                _calloc_r
 *fill*         0x0000000008004112        0x2 
 .text._free_r  0x0000000008004114       0x9c c:/users/kovalev/appdata/roaming/xpacks/@gnu-mcu-eclipse/arm-none-eabi-gcc/8.2.1-1.7.1/.content/bin/../lib/gcc/arm-none-eabi/8.2.1/../../../../arm-none-eabi/lib/thumb/v7e-m/nofp\libg_nano.a(lib_a-nano-freer.o)
                0x0000000008004114                _free_r
 .text._malloc_r
                0x00000000080041b0       0xb4 c:/users/kovalev/appdata/roaming/xpacks/@gnu-mcu-eclipse/arm-none-eabi-gcc/8.2.1-1.7.1/.content/bin/../lib/gcc/arm-none-eabi/8.2.1/../../../../arm-none-eabi/lib/thumb/v7e-m/nofp\libg_nano.a(lib_a-nano-mallocr.o)
                0x00000000080041b0                _malloc_r
 .text.__ssputs_r
                0x0000000008004264       0xb6 c:/users/kovalev/appdata/roaming/xpacks/@gnu-mcu-eclipse/arm-none-eabi-gcc/8.2.1-1.7.1/.content/bin/../lib/gcc/arm-none-eabi/8.2.1/../../../../arm-none-eabi/lib/thumb/v7e-m/nofp\libg_nano.a(lib_a-nano-svfprintf.o)
                0x0000000008004264                __ssputs_r
 *fill*         0x000000000800431a        0x2 
 .text._svfprintf_r
                0x000000000800431c      0x1f0 c:/users/kovalev/appdata/roaming/xpacks/@gnu-mcu-eclipse/arm-none-eabi-gcc/8.2.1-1.7.1/.content/bin/../lib/gcc/arm-none-eabi/8.2.1/../../../../arm-none-eabi/lib/thumb/v7e-m/nofp\libg_nano.a(lib_a-nano-svfprintf.o)
                0x000000000800431c                _svfiprintf_r
                0x000000000800431c                _svfprintf_r
 .text.nan      0x000000000800450c        0xc c:/users/kovalev/appdata/roaming/xpacks/@gnu-mcu-eclipse/arm-none-eabi-gcc/8.2.1-1.7.1/.content/bin/../lib/gcc/arm-none-eabi/8.2.1/../../../../arm-none-eabi/lib/thumb/v7e-m/nofp\libg_nano.a(lib_a-s_nan.o)
                0x000000000800450c                nan
 .text._sbrk_r  0x0000000008004518       0x20 c:/users/kovalev/appdata/roaming/xpacks/@gnu-mcu-eclipse/arm-none-eabi-gcc/8.2.1-1.7.1/.content/bin/../lib/gcc/arm-none-eabi/8.2.1/../../../../arm-none-eabi/lib/thumb/v7e-m/nofp\libg_nano.a(lib_a-sbrkr.o)
                0x0000000008004518                _sbrk_r
 .text.strncmp  0x0000000008004538       0x24 c:/users/kovalev/appdata/roaming/xpacks/@gnu-mcu-eclipse/arm-none-eabi-gcc/8.2.1-1.7.1/.content/bin/../lib/gcc/arm-none-eabi/8.2.1/../../../../arm-none-eabi/lib/thumb/v7e-m/nofp\libg_nano.a(lib_a-strncmp.o)
                0x0000000008004538                strncmp
 .text.__ascii_wctomb
                0x000000000800455c       0x1a c:/users/kovalev/appdata/roaming/xpacks/@gnu-mcu-eclipse/arm-none-eabi-gcc/8.2.1-1.7.1/.content/bin/../lib/gcc/arm-none-eabi/8.2.1/../../../../arm-none-eabi/lib/thumb/v7e-m/nofp\libg_nano.a(lib_a-wctomb_r.o)
                0x000000000800455c                __ascii_wctomb
 .text.memmove  0x0000000008004576       0x34 c:/users/kovalev/appdata/roaming/xpacks/@gnu-mcu-eclipse/arm-none-eabi-gcc/8.2.1-1.7.1/.content/bin/../lib/gcc/arm-none-eabi/8.2.1/../../../../arm-none-eabi/lib/thumb/v7e-m/nofp\libg_nano.a(lib_a-memmove.o)
                0x0000000008004576                memmove
 .text.memset   0x00000000080045aa       0x10 c:/users/kovalev/appdata/roaming/xpacks/@gnu-mcu-eclipse/arm-none-eabi-gcc/8.2.1-1.7.1/.content/bin/../lib/gcc/arm-none-eabi/8.2.1/../../../../arm-none-eabi/lib/thumb/v7e-m/nofp\libg_nano.a(lib_a-memset.o)
                0x00000000080045aa                memset
 *fill*         0x00000000080045ba        0x2 
 .text.__malloc_lock
                0x00000000080045bc        0xc c:/users/kovalev/appdata/roaming/xpacks/@gnu-mcu-eclipse/arm-none-eabi-gcc/8.2.1-1.7.1/.content/bin/../lib/gcc/arm-none-eabi/8.2.1/../../../../arm-none-eabi/lib/thumb/v7e-m/nofp\libg_nano.a(lib_a-mlock.o)
                0x00000000080045bc                __malloc_lock
 .text.__malloc_unlock
                0x00000000080045c8        0xc c:/users/kovalev/appdata/roaming/xpacks/@gnu-mcu-eclipse/arm-none-eabi-gcc/8.2.1-1.7.1/.content/bin/../lib/gcc/arm-none-eabi/8.2.1/../../../../arm-none-eabi/lib/thumb/v7e-m/nofp\libg_nano.a(lib_a-mlock.o)
                0x00000000080045c8                __malloc_unlock
 .text._realloc_r
                0x00000000080045d4       0x4c c:/users/kovalev/appdata/roaming/xpacks/@gnu-mcu-eclipse/arm-none-eabi-gcc/8.2.1-1.7.1/.content/bin/../lib/gcc/arm-none-eabi/8.2.1/../../../../arm-none-eabi/lib/thumb/v7e-m/nofp\libg_nano.a(lib_a-nano-reallocr.o)
                0x00000000080045d4                _realloc_r
 .text.__retarget_lock_acquire_recursive
                0x0000000008004620        0x2 c:/users/kovalev/appdata/roaming/xpacks/@gnu-mcu-eclipse/arm-none-eabi-gcc/8.2.1-1.7.1/.content/bin/../lib/gcc/arm-none-eabi/8.2.1/../../../../arm-none-eabi/lib/thumb/v7e-m/nofp\libg_nano.a(lib_a-lock.o)
                0x0000000008004620                __retarget_lock_acquire_recursive
 .text.__retarget_lock_release_recursive
                0x0000000008004622        0x2 c:/users/kovalev/appdata/roaming/xpacks/@gnu-mcu-eclipse/arm-none-eabi-gcc/8.2.1-1.7.1/.content/bin/../lib/gcc/arm-none-eabi/8.2.1/../../../../arm-none-eabi/lib/thumb/v7e-m/nofp\libg_nano.a(lib_a-lock.o)
                0x0000000008004622                __retarget_lock_release_recursive
 .text._malloc_usable_size_r
                0x0000000008004624       0x10 c:/users/kovalev/appdata/roaming/xpacks/@gnu-mcu-eclipse/arm-none-eabi-gcc/8.2.1-1.7.1/.content/bin/../lib/gcc/arm-none-eabi/8.2.1/../../../../arm-none-eabi/lib/thumb/v7e-m/nofp\libg_nano.a(lib_a-nano-msizer.o)
                0x0000000008004624                _malloc_usable_size_r
 .text          0x0000000008004634      0x378 c:/users/kovalev/appdata/roaming/xpacks/@gnu-mcu-eclipse/arm-none-eabi-gcc/8.2.1-1.7.1/.content/bin/../lib/gcc/arm-none-eabi/8.2.1/thumb/v7e-m/nofp\libgcc.a(_arm_addsubdf3.o)
                0x0000000008004634                __aeabi_drsub
                0x000000000800463c                __aeabi_dsub
                0x000000000800463c                __subdf3
                0x0000000008004640                __aeabi_dadd
                0x0000000008004640                __adddf3
                0x00000000080048b8                __floatunsidf
                0x00000000080048b8                __aeabi_ui2d
                0x00000000080048d8                __floatsidf
                0x00000000080048d8                __aeabi_i2d
                0x00000000080048fc                __aeabi_f2d
                0x00000000080048fc                __extendsfdf2
                0x0000000008004940                __floatundidf
                0x0000000008004940                __aeabi_ul2d
                0x0000000008004950                __floatdidf
                0x0000000008004950                __aeabi_l2d
 .text          0x00000000080049ac      0x424 c:/users/kovalev/appdata/roaming/xpacks/@gnu-mcu-eclipse/arm-none-eabi-gcc/8.2.1-1.7.1/.content/bin/../lib/gcc/arm-none-eabi/8.2.1/thumb/v7e-m/nofp\libgcc.a(_arm_muldivdf3.o)
                0x00000000080049ac                __aeabi_dmul
                0x00000000080049ac                __muldf3
                0x0000000008004c00                __divdf3
                0x0000000008004c00                __aeabi_ddiv
 .text          0x0000000008004dd0      0x110 c:/users/kovalev/appdata/roaming/xpacks/@gnu-mcu-eclipse/arm-none-eabi-gcc/8.2.1-1.7.1/.content/bin/../lib/gcc/arm-none-eabi/8.2.1/thumb/v7e-m/nofp\libgcc.a(_arm_cmpdf2.o)
                0x0000000008004dd0                __gtdf2
                0x0000000008004dd0                __gedf2
                0x0000000008004dd8                __ltdf2
                0x0000000008004dd8                __ledf2
                0x0000000008004de0                __nedf2
                0x0000000008004de0                __eqdf2
                0x0000000008004de0                __cmpdf2
                0x0000000008004e5c                __aeabi_cdrcmple
                0x0000000008004e6c                __aeabi_cdcmpeq
                0x0000000008004e6c                __aeabi_cdcmple
                0x0000000008004e7c                __aeabi_dcmpeq
                0x0000000008004e90                __aeabi_dcmplt
                0x0000000008004ea4                __aeabi_dcmple
                0x0000000008004eb8                __aeabi_dcmpge
                0x0000000008004ecc                __aeabi_dcmpgt
 .text          0x0000000008004ee0       0x2c c:/users/kovalev/appdata/roaming/xpacks/@gnu-mcu-eclipse/arm-none-eabi-gcc/8.2.1-1.7.1/.content/bin/../lib/gcc/arm-none-eabi/8.2.1/thumb/v7e-m/nofp\libgcc.a(_arm_unorddf2.o)
                0x0000000008004ee0                __unorddf2
                0x0000000008004ee0                __aeabi_dcmpun
 .text          0x0000000008004f0c       0x50 c:/users/kovalev/appdata/roaming/xpacks/@gnu-mcu-eclipse/arm-none-eabi-gcc/8.2.1-1.7.1/.content/bin/../lib/gcc/arm-none-eabi/8.2.1/thumb/v7e-m/nofp\libgcc.a(_arm_fixdfsi.o)
                0x0000000008004f0c                __aeabi_d2iz
                0x0000000008004f0c                __fixdfsi
 .text          0x0000000008004f5c       0x40 c:/users/kovalev/appdata/roaming/xpacks/@gnu-mcu-eclipse/arm-none-eabi-gcc/8.2.1-1.7.1/.content/bin/../lib/gcc/arm-none-eabi/8.2.1/thumb/v7e-m/nofp\libgcc.a(_arm_fixunsdfsi.o)
                0x0000000008004f5c                __aeabi_d2uiz
                0x0000000008004f5c                __fixunsdfsi
 .text          0x0000000008004f9c       0xa0 c:/users/kovalev/appdata/roaming/xpacks/@gnu-mcu-eclipse/arm-none-eabi-gcc/8.2.1-1.7.1/.content/bin/../lib/gcc/arm-none-eabi/8.2.1/thumb/v7e-m/nofp\libgcc.a(_arm_truncdfsf2.o)
                0x0000000008004f9c                __truncdfsf2
                0x0000000008004f9c                __aeabi_d2f
 .text.__fixdfdi
                0x000000000800503c       0x34 c:/users/kovalev/appdata/roaming/xpacks/@gnu-mcu-eclipse/arm-none-eabi-gcc/8.2.1-1.7.1/.content/bin/../lib/gcc/arm-none-eabi/8.2.1/thumb/v7e-m/nofp\libgcc.a(_fixdfdi.o)
                0x000000000800503c                __fixdfdi
                0x000000000800503c                __aeabi_d2lz
 .text.__fixunsdfdi
                0x0000000008005070       0x3c c:/users/kovalev/appdata/roaming/xpacks/@gnu-mcu-eclipse/arm-none-eabi-gcc/8.2.1-1.7.1/.content/bin/../lib/gcc/arm-none-eabi/8.2.1/thumb/v7e-m/nofp\libgcc.a(_fixunsdfdi.o)
                0x0000000008005070                __fixunsdfdi
                0x0000000008005070                __aeabi_d2ulz
 *(.rodata .rodata.* .constdata .constdata.*)
 .rodata.dumpExceptionStack.str1.4
                0x00000000080050ac      0x11a ./System/Src/cortexm/exception-handlers.o
 *fill*         0x00000000080051c6        0x2 
 .rodata.str1.4
                0x00000000080051c8       0x2c ./System/Src/cortexm/exception-handlers.o
                                         0x2a (size before relaxing)
 .rodata        0x00000000080051f4       0x10 ./System/Src/CMSIS/system_gd32f4xx.o
 .rodata._printf_float.str1.1
                0x0000000008005204       0x12 c:/users/kovalev/appdata/roaming/xpacks/@gnu-mcu-eclipse/arm-none-eabi-gcc/8.2.1-1.7.1/.content/bin/../lib/gcc/arm-none-eabi/8.2.1/../../../../arm-none-eabi/lib/thumb/v7e-m/nofp\libg_nano.a(lib_a-nano-vfprintf_float.o)
 .rodata._printf_i.str1.1
                0x0000000008005216       0x22 c:/users/kovalev/appdata/roaming/xpacks/@gnu-mcu-eclipse/arm-none-eabi-gcc/8.2.1-1.7.1/.content/bin/../lib/gcc/arm-none-eabi/8.2.1/../../../../arm-none-eabi/lib/thumb/v7e-m/nofp\libg_nano.a(lib_a-nano-vfprintf_i.o)
 .rodata._scanf_float.str1.1
                0x0000000008005238        0x5 c:/users/kovalev/appdata/roaming/xpacks/@gnu-mcu-eclipse/arm-none-eabi-gcc/8.2.1-1.7.1/.content/bin/../lib/gcc/arm-none-eabi/8.2.1/../../../../arm-none-eabi/lib/thumb/v7e-m/nofp\libg_nano.a(lib_a-nano-vfscanf_float.o)
                                          0x6 (size before relaxing)
 .rodata._strtod_l.str1.1
                0x000000000800523d        0x5 c:/users/kovalev/appdata/roaming/xpacks/@gnu-mcu-eclipse/arm-none-eabi-gcc/8.2.1-1.7.1/.content/bin/../lib/gcc/arm-none-eabi/8.2.1/../../../../arm-none-eabi/lib/thumb/v7e-m/nofp\libg_nano.a(lib_a-strtod.o)
                                          0xd (size before relaxing)
 *fill*         0x000000000800523d        0x3 
 .rodata.fpi.6223
                0x0000000008005240       0x14 c:/users/kovalev/appdata/roaming/xpacks/@gnu-mcu-eclipse/arm-none-eabi-gcc/8.2.1-1.7.1/.content/bin/../lib/gcc/arm-none-eabi/8.2.1/../../../../arm-none-eabi/lib/thumb/v7e-m/nofp\libg_nano.a(lib_a-strtod.o)
 .rodata.fpinan.6259
                0x0000000008005254       0x14 c:/users/kovalev/appdata/roaming/xpacks/@gnu-mcu-eclipse/arm-none-eabi-gcc/8.2.1-1.7.1/.content/bin/../lib/gcc/arm-none-eabi/8.2.1/../../../../arm-none-eabi/lib/thumb/v7e-m/nofp\libg_nano.a(lib_a-strtod.o)
 .rodata.tinytens
                0x0000000008005268       0x28 c:/users/kovalev/appdata/roaming/xpacks/@gnu-mcu-eclipse/arm-none-eabi-gcc/8.2.1-1.7.1/.content/bin/../lib/gcc/arm-none-eabi/8.2.1/../../../../arm-none-eabi/lib/thumb/v7e-m/nofp\libg_nano.a(lib_a-strtod.o)
 .rodata._ctype_
                0x0000000008005290      0x101 c:/users/kovalev/appdata/roaming/xpacks/@gnu-mcu-eclipse/arm-none-eabi-gcc/8.2.1-1.7.1/.content/bin/../lib/gcc/arm-none-eabi/8.2.1/../../../../arm-none-eabi/lib/thumb/v7e-m/nofp\libg_nano.a(lib_a-ctype_.o)
                0x0000000008005290                _ctype_
 .rodata._dtoa_r.str1.1
                0x0000000008005391        0xd c:/users/kovalev/appdata/roaming/xpacks/@gnu-mcu-eclipse/arm-none-eabi-gcc/8.2.1-1.7.1/.content/bin/../lib/gcc/arm-none-eabi/8.2.1/../../../../arm-none-eabi/lib/thumb/v7e-m/nofp\libg_nano.a(lib_a-dtoa.o)
                                          0xf (size before relaxing)
 *fill*         0x000000000800539e        0x2 
 .rodata._C_numeric_locale
                0x00000000080053a0        0xc c:/users/kovalev/appdata/roaming/xpacks/@gnu-mcu-eclipse/arm-none-eabi-gcc/8.2.1-1.7.1/.content/bin/../lib/gcc/arm-none-eabi/8.2.1/../../../../arm-none-eabi/lib/thumb/v7e-m/nofp\libg_nano.a(lib_a-lnumeric.o)
                0x00000000080053a0                _C_numeric_locale
 .rodata.str1.1
                0x00000000080053ac        0x2 c:/users/kovalev/appdata/roaming/xpacks/@gnu-mcu-eclipse/arm-none-eabi-gcc/8.2.1-1.7.1/.content/bin/../lib/gcc/arm-none-eabi/8.2.1/../../../../arm-none-eabi/lib/thumb/v7e-m/nofp\libg_nano.a(lib_a-lnumeric.o)
                                          0x3 (size before relaxing)
 .rodata._setlocale_r.str1.1
                0x00000000080053ae        0x8 c:/users/kovalev/appdata/roaming/xpacks/@gnu-mcu-eclipse/arm-none-eabi-gcc/8.2.1-1.7.1/.content/bin/../lib/gcc/arm-none-eabi/8.2.1/../../../../arm-none-eabi/lib/thumb/v7e-m/nofp\libg_nano.a(lib_a-locale.o)
                                          0x9 (size before relaxing)
 .rodata.str1.1
                0x00000000080053b6        0x2 c:/users/kovalev/appdata/roaming/xpacks/@gnu-mcu-eclipse/arm-none-eabi-gcc/8.2.1-1.7.1/.content/bin/../lib/gcc/arm-none-eabi/8.2.1/../../../../arm-none-eabi/lib/thumb/v7e-m/nofp\libg_nano.a(lib_a-locale.o)
 *fill*         0x00000000080053b6        0x2 
 .rodata.__mprec_bigtens
                0x00000000080053b8       0x28 c:/users/kovalev/appdata/roaming/xpacks/@gnu-mcu-eclipse/arm-none-eabi-gcc/8.2.1-1.7.1/.content/bin/../lib/gcc/arm-none-eabi/8.2.1/../../../../arm-none-eabi/lib/thumb/v7e-m/nofp\libg_nano.a(lib_a-mprec.o)
                0x00000000080053b8                __mprec_bigtens
 .rodata.__mprec_tens
                0x00000000080053e0       0xc8 c:/users/kovalev/appdata/roaming/xpacks/@gnu-mcu-eclipse/arm-none-eabi-gcc/8.2.1-1.7.1/.content/bin/../lib/gcc/arm-none-eabi/8.2.1/../../../../arm-none-eabi/lib/thumb/v7e-m/nofp\libg_nano.a(lib_a-mprec.o)
                0x00000000080053e0                __mprec_tens
 .rodata.p05.6147
                0x00000000080054a8        0xc c:/users/kovalev/appdata/roaming/xpacks/@gnu-mcu-eclipse/arm-none-eabi-gcc/8.2.1-1.7.1/.content/bin/../lib/gcc/arm-none-eabi/8.2.1/../../../../arm-none-eabi/lib/thumb/v7e-m/nofp\libg_nano.a(lib_a-mprec.o)
 .rodata._svfprintf_r.str1.1
                0x00000000080054b4       0x11 c:/users/kovalev/appdata/roaming/xpacks/@gnu-mcu-eclipse/arm-none-eabi-gcc/8.2.1-1.7.1/.content/bin/../lib/gcc/arm-none-eabi/8.2.1/../../../../arm-none-eabi/lib/thumb/v7e-m/nofp\libg_nano.a(lib_a-nano-svfprintf.o)
 *(vtable)
 *(.eh_frame*)
 *(.glue_7)
 .glue_7        0x00000000080054c5        0x0 linker stubs
 *(.glue_7t)
 .glue_7t       0x00000000080054c5        0x0 linker stubs

.vfp11_veneer   0x00000000080054c8        0x0
 .vfp11_veneer  0x00000000080054c8        0x0 linker stubs

.v4_bx          0x00000000080054c8        0x0
 .v4_bx         0x00000000080054c8        0x0 linker stubs

.iplt           0x00000000080054c8        0x0
 .iplt          0x00000000080054c8        0x0 ./System/Src/newlib/exit.o

.rel.dyn        0x00000000080054c8        0x0
 .rel.iplt      0x00000000080054c8        0x0 ./System/Src/newlib/exit.o

.ARM.extab
 *(.ARM.extab* .gnu.linkonce.armextab.*)
                0x00000000080054c8                . = ALIGN (0x4)
                0x00000000080054c8                __exidx_start = .

.ARM.exidx
 *(.ARM.exidx* .gnu.linkonce.armexidx.*)
                0x00000000080054c8                __exidx_end = .
                0x00000000080054c8                . = ALIGN (0x4)
                0x00000000080054c8                _etext = .
                0x00000000080054c8                __etext = .

.data_CCMRAM    0x0000000010000000        0x0 load address 0x00000000080054c8
 FILL mask 0xff
 *(.data.CCMRAM .data.CCMRAM.*)
                0x0000000010000000                . = ALIGN (0x4)
                0x00000000080054c8                _sidata = LOADADDR (.data)

.data           0x0000000020000000      0x1e8 load address 0x00000000080054c8
 FILL mask 0xff
                0x0000000020000000                _sdata = .
                0x0000000020000000                __data_start__ = .
 *(.data_begin .data_begin.*)
 .data_begin    0x0000000020000000        0x4 ./System/Src/newlib/startup.o
 *(.data .data.*)
 .data.argv.4374
                0x0000000020000004        0x8 ./System/Src/newlib/syscalls.o
 .data.SystemCoreClock
                0x000000002000000c        0x4 ./System/Src/CMSIS/system_gd32f4xx.o
                0x000000002000000c                SystemCoreClock
 .data._impure_ptr
                0x0000000020000010        0x4 c:/users/kovalev/appdata/roaming/xpacks/@gnu-mcu-eclipse/arm-none-eabi-gcc/8.2.1-1.7.1/.content/bin/../lib/gcc/arm-none-eabi/8.2.1/../../../../arm-none-eabi/lib/thumb/v7e-m/nofp\libg_nano.a(lib_a-impure.o)
                0x0000000020000010                _impure_ptr
 .data.impure_data
                0x0000000020000014       0x60 c:/users/kovalev/appdata/roaming/xpacks/@gnu-mcu-eclipse/arm-none-eabi-gcc/8.2.1-1.7.1/.content/bin/../lib/gcc/arm-none-eabi/8.2.1/../../../../arm-none-eabi/lib/thumb/v7e-m/nofp\libg_nano.a(lib_a-impure.o)
 .data.numempty
                0x0000000020000074        0x2 c:/users/kovalev/appdata/roaming/xpacks/@gnu-mcu-eclipse/arm-none-eabi-gcc/8.2.1-1.7.1/.content/bin/../lib/gcc/arm-none-eabi/8.2.1/../../../../arm-none-eabi/lib/thumb/v7e-m/nofp\libg_nano.a(lib_a-lnumeric.o)
 *fill*         0x0000000020000076        0x2 ff
 .data.__global_locale
                0x0000000020000078      0x16c c:/users/kovalev/appdata/roaming/xpacks/@gnu-mcu-eclipse/arm-none-eabi-gcc/8.2.1-1.7.1/.content/bin/../lib/gcc/arm-none-eabi/8.2.1/../../../../arm-none-eabi/lib/thumb/v7e-m/nofp\libg_nano.a(lib_a-locale.o)
                0x0000000020000078                __global_locale
 *(.data_end .data_end.*)
 .data_end      0x00000000200001e4        0x4 ./System/Src/newlib/startup.o
                0x00000000200001e8                . = ALIGN (0x4)
                0x00000000200001e8                _edata = .
                0x00000000200001e8                __data_end__ = .

.igot.plt       0x00000000200001e8        0x0 load address 0x00000000080056b0
 .igot.plt      0x00000000200001e8        0x0 ./System/Src/newlib/exit.o

.bss_CCMRAM     0x0000000010000000        0x0
 *(.bss.CCMRAM .bss.CCMRAM.*)

.bss            0x00000000200001e8       0xb0
                0x00000000200001e8                __bss_start__ = .
                0x00000000200001e8                _sbss = .
 *(.bss_begin .bss_begin.*)
 .bss_begin     0x00000000200001e8        0x4 ./System/Src/newlib/startup.o
 *(.bss .bss.*)
 .bss.current_heap_end.4004
                0x00000000200001ec        0x4 ./System/Src/newlib/sbrk.o
 .bss.name.4373
                0x00000000200001f0        0x1 ./System/Src/newlib/syscalls.o
 *fill*         0x00000000200001f1        0x3 
 .bss.buf.5248  0x00000000200001f4       0x80 ./System/Src/diag/trace.o
 .bss.__malloc_free_list
                0x0000000020000274        0x4 c:/users/kovalev/appdata/roaming/xpacks/@gnu-mcu-eclipse/arm-none-eabi-gcc/8.2.1-1.7.1/.content/bin/../lib/gcc/arm-none-eabi/8.2.1/../../../../arm-none-eabi/lib/thumb/v7e-m/nofp\libg_nano.a(lib_a-nano-mallocr.o)
                0x0000000020000274                __malloc_free_list
 .bss.__malloc_sbrk_start
                0x0000000020000278        0x4 c:/users/kovalev/appdata/roaming/xpacks/@gnu-mcu-eclipse/arm-none-eabi-gcc/8.2.1-1.7.1/.content/bin/../lib/gcc/arm-none-eabi/8.2.1/../../../../arm-none-eabi/lib/thumb/v7e-m/nofp\libg_nano.a(lib_a-nano-mallocr.o)
                0x0000000020000278                __malloc_sbrk_start
 *(COMMON)
 COMMON         0x000000002000027c        0x4 ./System/Src/newlib/syscalls.o
                0x000000002000027c                errno
 COMMON         0x0000000020000280        0x4 ./Src/systick.o
                0x0000000020000280                delay
 COMMON         0x0000000020000284        0x4 ./Src/timer.o
                0x0000000020000284                timer_delayCount
 COMMON         0x0000000020000288        0x9 c:/users/kovalev/appdata/roaming/xpacks/@gnu-mcu-eclipse/arm-none-eabi-gcc/8.2.1-1.7.1/.content/bin/../lib/gcc/arm-none-eabi/8.2.1/../../../../arm-none-eabi/lib/thumb/v7e-m/nofp\libg_nano.a(lib_a-lock.o)
                0x0000000020000288                __lock___atexit_recursive_mutex
                0x0000000020000289                __lock___arc4random_mutex
                0x000000002000028a                __lock___env_recursive_mutex
                0x000000002000028b                __lock___sinit_recursive_mutex
                0x000000002000028c                __lock___malloc_recursive_mutex
                0x000000002000028d                __lock___at_quick_exit_mutex
                0x000000002000028e                __lock___dd_hash_mutex
                0x000000002000028f                __lock___tz_mutex
                0x0000000020000290                __lock___sfp_recursive_mutex
 *(.bss_end .bss_end.*)
 *fill*         0x0000000020000291        0x3 
 .bss_end       0x0000000020000294        0x4 ./System/Src/newlib/startup.o
                0x0000000020000298                . = ALIGN (0x4)
                0x0000000020000298                __bss_end__ = .
                0x0000000020000298                _ebss = .

.noinit_CCMRAM
 *(.noinit.CCMRAM .noinit.CCMRAM.*)

.noinit         0x0000000020000298        0x0
                0x0000000020000298                _noinit = .
 *(.noinit .noinit.*)
                0x0000000020000298                . = ALIGN (0x4)
                0x0000000020000298                _end_noinit = .
                [!provide]                        PROVIDE (end = _end_noinit)
                [!provide]                        PROVIDE (_end = _end_noinit)
                [!provide]                        PROVIDE (__end = _end_noinit)
                [!provide]                        PROVIDE (__end__ = _end_noinit)

._check_stack   0x0000000020000298      0x400
                0x0000000020000698                . = (. + _Minimum_Stack_Size)
 *fill*         0x0000000020000298      0x400 

.b1text
 *(.b1text)
 *(.b1rodata)
 *(.b1rodata.*)

.eb0text
 *(.eb0text)
 *(.eb0rodata)
 *(.eb0rodata.*)

.eb1text
 *(.eb1text)
 *(.eb1rodata)
 *(.eb1rodata.*)

.eb2text
 *(.eb2text)
 *(.eb2rodata)
 *(.eb2rodata.*)

.eb3text
 *(.eb3text)
 *(.eb3rodata)
 *(.eb3rodata.*)

.stab
 *(.stab)

.stabstr
 *(.stabstr)

.stab.excl
 *(.stab.excl)

.stab.exclstr
 *(.stab.exclstr)

.stab.index
 *(.stab.index)

.stab.indexstr
 *(.stab.indexstr)

.comment        0x0000000000000000       0x68
 *(.comment)
 .comment       0x0000000000000000       0x68 ./System/Src/newlib/exit.o
                                         0x69 (size before relaxing)
 .comment       0x0000000000000068       0x69 ./System/Src/newlib/sbrk.o
 .comment       0x0000000000000068       0x69 ./System/Src/newlib/startup.o
 .comment       0x0000000000000068       0x69 ./System/Src/newlib/syscalls.o
 .comment       0x0000000000000068       0x69 ./System/Src/gd32f4xx/gd32f4xx_gpio.o
 .comment       0x0000000000000068       0x69 ./System/Src/gd32f4xx/gd32f4xx_rcu.o
 .comment       0x0000000000000068       0x69 ./System/Src/gd32f4xx/gd32f4xx_spi.o
 .comment       0x0000000000000068       0x69 ./System/Src/diag/trace-impl.o
 .comment       0x0000000000000068       0x69 ./System/Src/diag/trace.o
 .comment       0x0000000000000068       0x69 ./System/Src/cortexm/exception-handlers.o
 .comment       0x0000000000000068       0x69 ./System/Src/cortexm/initialize-hardware.o
 .comment       0x0000000000000068       0x69 ./System/Src/CMSIS/system_gd32f4xx.o
 .comment       0x0000000000000068       0x69 ./System/Src/CMSIS/vectors_gd32f4xx.o
 .comment       0x0000000000000068       0x69 ./Src/main.o
 .comment       0x0000000000000068       0x69 ./Src/systick.o
 .comment       0x0000000000000068       0x69 ./Src/timer.o

.ARM.attributes
                0x0000000000000000       0x2c
 .ARM.attributes
                0x0000000000000000       0x2e ./System/Src/newlib/exit.o
 .ARM.attributes
                0x000000000000002e       0x2e ./System/Src/newlib/sbrk.o
 .ARM.attributes
                0x000000000000005c       0x2e ./System/Src/newlib/startup.o
 .ARM.attributes
                0x000000000000008a       0x2e ./System/Src/newlib/syscalls.o
 .ARM.attributes
                0x00000000000000b8       0x2e ./System/Src/gd32f4xx/gd32f4xx_gpio.o
 .ARM.attributes
                0x00000000000000e6       0x2e ./System/Src/gd32f4xx/gd32f4xx_rcu.o
 .ARM.attributes
                0x0000000000000114       0x2e ./System/Src/gd32f4xx/gd32f4xx_spi.o
 .ARM.attributes
                0x0000000000000142       0x2e ./System/Src/diag/trace-impl.o
 .ARM.attributes
                0x0000000000000170       0x2e ./System/Src/diag/trace.o
 .ARM.attributes
                0x000000000000019e       0x2e ./System/Src/cortexm/exception-handlers.o
 .ARM.attributes
                0x00000000000001cc       0x2e ./System/Src/cortexm/initialize-hardware.o
 .ARM.attributes
                0x00000000000001fa       0x2e ./System/Src/CMSIS/system_gd32f4xx.o
 .ARM.attributes
                0x0000000000000228       0x2e ./System/Src/CMSIS/vectors_gd32f4xx.o
 .ARM.attributes
                0x0000000000000256       0x2e ./Src/main.o
 .ARM.attributes
                0x0000000000000284       0x2e ./Src/systick.o
 .ARM.attributes
                0x00000000000002b2       0x2e ./Src/timer.o
 .ARM.attributes
                0x00000000000002e0       0x2e c:/users/kovalev/appdata/roaming/xpacks/@gnu-mcu-eclipse/arm-none-eabi-gcc/8.2.1-1.7.1/.content/bin/../lib/gcc/arm-none-eabi/8.2.1/../../../../arm-none-eabi/lib/thumb/v7e-m/nofp\libg_nano.a(lib_a-errno.o)
 .ARM.attributes
                0x000000000000030e       0x2e c:/users/kovalev/appdata/roaming/xpacks/@gnu-mcu-eclipse/arm-none-eabi-gcc/8.2.1-1.7.1/.content/bin/../lib/gcc/arm-none-eabi/8.2.1/../../../../arm-none-eabi/lib/thumb/v7e-m/nofp\libg_nano.a(lib_a-impure.o)
 .ARM.attributes
                0x000000000000033c       0x2e c:/users/kovalev/appdata/roaming/xpacks/@gnu-mcu-eclipse/arm-none-eabi-gcc/8.2.1-1.7.1/.content/bin/../lib/gcc/arm-none-eabi/8.2.1/../../../../arm-none-eabi/lib/thumb/v7e-m/nofp\libg_nano.a(lib_a-memcpy-stub.o)
 .ARM.attributes
                0x000000000000036a       0x2e c:/users/kovalev/appdata/roaming/xpacks/@gnu-mcu-eclipse/arm-none-eabi-gcc/8.2.1-1.7.1/.content/bin/../lib/gcc/arm-none-eabi/8.2.1/../../../../arm-none-eabi/lib/thumb/v7e-m/nofp\libg_nano.a(lib_a-nano-vfprintf_float.o)
 .ARM.attributes
                0x0000000000000398       0x2e c:/users/kovalev/appdata/roaming/xpacks/@gnu-mcu-eclipse/arm-none-eabi-gcc/8.2.1-1.7.1/.content/bin/../lib/gcc/arm-none-eabi/8.2.1/../../../../arm-none-eabi/lib/thumb/v7e-m/nofp\libg_nano.a(lib_a-nano-vfprintf_i.o)
 .ARM.attributes
                0x00000000000003c6       0x2e c:/users/kovalev/appdata/roaming/xpacks/@gnu-mcu-eclipse/arm-none-eabi-gcc/8.2.1-1.7.1/.content/bin/../lib/gcc/arm-none-eabi/8.2.1/../../../../arm-none-eabi/lib/thumb/v7e-m/nofp\libg_nano.a(lib_a-nano-vfscanf_float.o)
 .ARM.attributes
                0x00000000000003f4       0x2e c:/users/kovalev/appdata/roaming/xpacks/@gnu-mcu-eclipse/arm-none-eabi-gcc/8.2.1-1.7.1/.content/bin/../lib/gcc/arm-none-eabi/8.2.1/../../../../arm-none-eabi/lib/thumb/v7e-m/nofp\libg_nano.a(lib_a-sf_nan.o)
 .ARM.attributes
                0x0000000000000422       0x2e c:/users/kovalev/appdata/roaming/xpacks/@gnu-mcu-eclipse/arm-none-eabi-gcc/8.2.1-1.7.1/.content/bin/../lib/gcc/arm-none-eabi/8.2.1/../../../../arm-none-eabi/lib/thumb/v7e-m/nofp\libg_nano.a(lib_a-sprintf.o)
 .ARM.attributes
                0x0000000000000450       0x17 c:/users/kovalev/appdata/roaming/xpacks/@gnu-mcu-eclipse/arm-none-eabi-gcc/8.2.1-1.7.1/.content/bin/../lib/gcc/arm-none-eabi/8.2.1/../../../../arm-none-eabi/lib/thumb/v7e-m/nofp\libg_nano.a(lib_a-strlen.o)
 .ARM.attributes
                0x0000000000000467       0x2e c:/users/kovalev/appdata/roaming/xpacks/@gnu-mcu-eclipse/arm-none-eabi-gcc/8.2.1-1.7.1/.content/bin/../lib/gcc/arm-none-eabi/8.2.1/../../../../arm-none-eabi/lib/thumb/v7e-m/nofp\libg_nano.a(lib_a-strtod.o)
 .ARM.attributes
                0x0000000000000495       0x2e c:/users/kovalev/appdata/roaming/xpacks/@gnu-mcu-eclipse/arm-none-eabi-gcc/8.2.1-1.7.1/.content/bin/../lib/gcc/arm-none-eabi/8.2.1/../../../../arm-none-eabi/lib/thumb/v7e-m/nofp\libg_nano.a(lib_a-strtol.o)
 .ARM.attributes
                0x00000000000004c3       0x2e c:/users/kovalev/appdata/roaming/xpacks/@gnu-mcu-eclipse/arm-none-eabi-gcc/8.2.1-1.7.1/.content/bin/../lib/gcc/arm-none-eabi/8.2.1/../../../../arm-none-eabi/lib/thumb/v7e-m/nofp\libg_nano.a(lib_a-vsnprintf.o)
 .ARM.attributes
                0x00000000000004f1       0x2e c:/users/kovalev/appdata/roaming/xpacks/@gnu-mcu-eclipse/arm-none-eabi-gcc/8.2.1-1.7.1/.content/bin/../lib/gcc/arm-none-eabi/8.2.1/../../../../arm-none-eabi/lib/thumb/v7e-m/nofp\libg_nano.a(lib_a-ctype_.o)
 .ARM.attributes
                0x000000000000051f       0x2e c:/users/kovalev/appdata/roaming/xpacks/@gnu-mcu-eclipse/arm-none-eabi-gcc/8.2.1-1.7.1/.content/bin/../lib/gcc/arm-none-eabi/8.2.1/../../../../arm-none-eabi/lib/thumb/v7e-m/nofp\libg_nano.a(lib_a-dtoa.o)
 .ARM.attributes
                0x000000000000054d       0x2e c:/users/kovalev/appdata/roaming/xpacks/@gnu-mcu-eclipse/arm-none-eabi-gcc/8.2.1-1.7.1/.content/bin/../lib/gcc/arm-none-eabi/8.2.1/../../../../arm-none-eabi/lib/thumb/v7e-m/nofp\libg_nano.a(lib_a-gdtoa-gethex.o)
 .ARM.attributes
                0x000000000000057b       0x2e c:/users/kovalev/appdata/roaming/xpacks/@gnu-mcu-eclipse/arm-none-eabi-gcc/8.2.1-1.7.1/.content/bin/../lib/gcc/arm-none-eabi/8.2.1/../../../../arm-none-eabi/lib/thumb/v7e-m/nofp\libg_nano.a(lib_a-gdtoa-hexnan.o)
 .ARM.attributes
                0x00000000000005a9       0x2e c:/users/kovalev/appdata/roaming/xpacks/@gnu-mcu-eclipse/arm-none-eabi-gcc/8.2.1-1.7.1/.content/bin/../lib/gcc/arm-none-eabi/8.2.1/../../../../arm-none-eabi/lib/thumb/v7e-m/nofp\libg_nano.a(lib_a-lnumeric.o)
 .ARM.attributes
                0x00000000000005d7       0x2e c:/users/kovalev/appdata/roaming/xpacks/@gnu-mcu-eclipse/arm-none-eabi-gcc/8.2.1-1.7.1/.content/bin/../lib/gcc/arm-none-eabi/8.2.1/../../../../arm-none-eabi/lib/thumb/v7e-m/nofp\libg_nano.a(lib_a-locale.o)
 .ARM.attributes
                0x0000000000000605       0x2e c:/users/kovalev/appdata/roaming/xpacks/@gnu-mcu-eclipse/arm-none-eabi-gcc/8.2.1-1.7.1/.content/bin/../lib/gcc/arm-none-eabi/8.2.1/../../../../arm-none-eabi/lib/thumb/v7e-m/nofp\libg_nano.a(lib_a-localeconv.o)
 .ARM.attributes
                0x0000000000000633       0x2e c:/users/kovalev/appdata/roaming/xpacks/@gnu-mcu-eclipse/arm-none-eabi-gcc/8.2.1-1.7.1/.content/bin/../lib/gcc/arm-none-eabi/8.2.1/../../../../arm-none-eabi/lib/thumb/v7e-m/nofp\libg_nano.a(lib_a-malloc.o)
 .ARM.attributes
                0x0000000000000661       0x2e c:/users/kovalev/appdata/roaming/xpacks/@gnu-mcu-eclipse/arm-none-eabi-gcc/8.2.1-1.7.1/.content/bin/../lib/gcc/arm-none-eabi/8.2.1/../../../../arm-none-eabi/lib/thumb/v7e-m/nofp\libg_nano.a(lib_a-mbtowc_r.o)
 .ARM.attributes
                0x000000000000068f       0x1c c:/users/kovalev/appdata/roaming/xpacks/@gnu-mcu-eclipse/arm-none-eabi-gcc/8.2.1-1.7.1/.content/bin/../lib/gcc/arm-none-eabi/8.2.1/../../../../arm-none-eabi/lib/thumb/v7e-m/nofp\libg_nano.a(lib_a-memchr.o)
 .ARM.attributes
                0x00000000000006ab       0x2e c:/users/kovalev/appdata/roaming/xpacks/@gnu-mcu-eclipse/arm-none-eabi-gcc/8.2.1-1.7.1/.content/bin/../lib/gcc/arm-none-eabi/8.2.1/../../../../arm-none-eabi/lib/thumb/v7e-m/nofp\libg_nano.a(lib_a-mprec.o)
 .ARM.attributes
                0x00000000000006d9       0x2e c:/users/kovalev/appdata/roaming/xpacks/@gnu-mcu-eclipse/arm-none-eabi-gcc/8.2.1-1.7.1/.content/bin/../lib/gcc/arm-none-eabi/8.2.1/../../../../arm-none-eabi/lib/thumb/v7e-m/nofp\libg_nano.a(lib_a-nano-callocr.o)
 .ARM.attributes
                0x0000000000000707       0x2e c:/users/kovalev/appdata/roaming/xpacks/@gnu-mcu-eclipse/arm-none-eabi-gcc/8.2.1-1.7.1/.content/bin/../lib/gcc/arm-none-eabi/8.2.1/../../../../arm-none-eabi/lib/thumb/v7e-m/nofp\libg_nano.a(lib_a-nano-freer.o)
 .ARM.attributes
                0x0000000000000735       0x2e c:/users/kovalev/appdata/roaming/xpacks/@gnu-mcu-eclipse/arm-none-eabi-gcc/8.2.1-1.7.1/.content/bin/../lib/gcc/arm-none-eabi/8.2.1/../../../../arm-none-eabi/lib/thumb/v7e-m/nofp\libg_nano.a(lib_a-nano-mallocr.o)
 .ARM.attributes
                0x0000000000000763       0x2e c:/users/kovalev/appdata/roaming/xpacks/@gnu-mcu-eclipse/arm-none-eabi-gcc/8.2.1-1.7.1/.content/bin/../lib/gcc/arm-none-eabi/8.2.1/../../../../arm-none-eabi/lib/thumb/v7e-m/nofp\libg_nano.a(lib_a-nano-svfprintf.o)
 .ARM.attributes
                0x0000000000000791       0x2e c:/users/kovalev/appdata/roaming/xpacks/@gnu-mcu-eclipse/arm-none-eabi-gcc/8.2.1-1.7.1/.content/bin/../lib/gcc/arm-none-eabi/8.2.1/../../../../arm-none-eabi/lib/thumb/v7e-m/nofp\libg_nano.a(lib_a-s_nan.o)
 .ARM.attributes
                0x00000000000007bf       0x2e c:/users/kovalev/appdata/roaming/xpacks/@gnu-mcu-eclipse/arm-none-eabi-gcc/8.2.1-1.7.1/.content/bin/../lib/gcc/arm-none-eabi/8.2.1/../../../../arm-none-eabi/lib/thumb/v7e-m/nofp\libg_nano.a(lib_a-sbrkr.o)
 .ARM.attributes
                0x00000000000007ed       0x2e c:/users/kovalev/appdata/roaming/xpacks/@gnu-mcu-eclipse/arm-none-eabi-gcc/8.2.1-1.7.1/.content/bin/../lib/gcc/arm-none-eabi/8.2.1/../../../../arm-none-eabi/lib/thumb/v7e-m/nofp\libg_nano.a(lib_a-strncmp.o)
 .ARM.attributes
                0x000000000000081b       0x2e c:/users/kovalev/appdata/roaming/xpacks/@gnu-mcu-eclipse/arm-none-eabi-gcc/8.2.1-1.7.1/.content/bin/../lib/gcc/arm-none-eabi/8.2.1/../../../../arm-none-eabi/lib/thumb/v7e-m/nofp\libg_nano.a(lib_a-wctomb_r.o)
 .ARM.attributes
                0x0000000000000849       0x2e c:/users/kovalev/appdata/roaming/xpacks/@gnu-mcu-eclipse/arm-none-eabi-gcc/8.2.1-1.7.1/.content/bin/../lib/gcc/arm-none-eabi/8.2.1/../../../../arm-none-eabi/lib/thumb/v7e-m/nofp\libg_nano.a(lib_a-memmove.o)
 .ARM.attributes
                0x0000000000000877       0x2e c:/users/kovalev/appdata/roaming/xpacks/@gnu-mcu-eclipse/arm-none-eabi-gcc/8.2.1-1.7.1/.content/bin/../lib/gcc/arm-none-eabi/8.2.1/../../../../arm-none-eabi/lib/thumb/v7e-m/nofp\libg_nano.a(lib_a-memset.o)
 .ARM.attributes
                0x00000000000008a5       0x2e c:/users/kovalev/appdata/roaming/xpacks/@gnu-mcu-eclipse/arm-none-eabi-gcc/8.2.1-1.7.1/.content/bin/../lib/gcc/arm-none-eabi/8.2.1/../../../../arm-none-eabi/lib/thumb/v7e-m/nofp\libg_nano.a(lib_a-mlock.o)
 .ARM.attributes
                0x00000000000008d3       0x2e c:/users/kovalev/appdata/roaming/xpacks/@gnu-mcu-eclipse/arm-none-eabi-gcc/8.2.1-1.7.1/.content/bin/../lib/gcc/arm-none-eabi/8.2.1/../../../../arm-none-eabi/lib/thumb/v7e-m/nofp\libg_nano.a(lib_a-nano-reallocr.o)
 .ARM.attributes
                0x0000000000000901       0x2e c:/users/kovalev/appdata/roaming/xpacks/@gnu-mcu-eclipse/arm-none-eabi-gcc/8.2.1-1.7.1/.content/bin/../lib/gcc/arm-none-eabi/8.2.1/../../../../arm-none-eabi/lib/thumb/v7e-m/nofp\libg_nano.a(lib_a-lock.o)
 .ARM.attributes
                0x000000000000092f       0x2e c:/users/kovalev/appdata/roaming/xpacks/@gnu-mcu-eclipse/arm-none-eabi-gcc/8.2.1-1.7.1/.content/bin/../lib/gcc/arm-none-eabi/8.2.1/../../../../arm-none-eabi/lib/thumb/v7e-m/nofp\libg_nano.a(lib_a-nano-msizer.o)
 .ARM.attributes
                0x000000000000095d       0x1e c:/users/kovalev/appdata/roaming/xpacks/@gnu-mcu-eclipse/arm-none-eabi-gcc/8.2.1-1.7.1/.content/bin/../lib/gcc/arm-none-eabi/8.2.1/thumb/v7e-m/nofp\libgcc.a(_arm_addsubdf3.o)
 .ARM.attributes
                0x000000000000097b       0x1e c:/users/kovalev/appdata/roaming/xpacks/@gnu-mcu-eclipse/arm-none-eabi-gcc/8.2.1-1.7.1/.content/bin/../lib/gcc/arm-none-eabi/8.2.1/thumb/v7e-m/nofp\libgcc.a(_arm_muldivdf3.o)
 .ARM.attributes
                0x0000000000000999       0x1e c:/users/kovalev/appdata/roaming/xpacks/@gnu-mcu-eclipse/arm-none-eabi-gcc/8.2.1-1.7.1/.content/bin/../lib/gcc/arm-none-eabi/8.2.1/thumb/v7e-m/nofp\libgcc.a(_arm_cmpdf2.o)
 .ARM.attributes
                0x00000000000009b7       0x1e c:/users/kovalev/appdata/roaming/xpacks/@gnu-mcu-eclipse/arm-none-eabi-gcc/8.2.1-1.7.1/.content/bin/../lib/gcc/arm-none-eabi/8.2.1/thumb/v7e-m/nofp\libgcc.a(_arm_unorddf2.o)
 .ARM.attributes
                0x00000000000009d5       0x1e c:/users/kovalev/appdata/roaming/xpacks/@gnu-mcu-eclipse/arm-none-eabi-gcc/8.2.1-1.7.1/.content/bin/../lib/gcc/arm-none-eabi/8.2.1/thumb/v7e-m/nofp\libgcc.a(_arm_fixdfsi.o)
 .ARM.attributes
                0x00000000000009f3       0x1e c:/users/kovalev/appdata/roaming/xpacks/@gnu-mcu-eclipse/arm-none-eabi-gcc/8.2.1-1.7.1/.content/bin/../lib/gcc/arm-none-eabi/8.2.1/thumb/v7e-m/nofp\libgcc.a(_arm_fixunsdfsi.o)
 .ARM.attributes
                0x0000000000000a11       0x1e c:/users/kovalev/appdata/roaming/xpacks/@gnu-mcu-eclipse/arm-none-eabi-gcc/8.2.1-1.7.1/.content/bin/../lib/gcc/arm-none-eabi/8.2.1/thumb/v7e-m/nofp\libgcc.a(_arm_truncdfsf2.o)
 .ARM.attributes
                0x0000000000000a2f       0x2e c:/users/kovalev/appdata/roaming/xpacks/@gnu-mcu-eclipse/arm-none-eabi-gcc/8.2.1-1.7.1/.content/bin/../lib/gcc/arm-none-eabi/8.2.1/thumb/v7e-m/nofp\libgcc.a(_fixdfdi.o)
 .ARM.attributes
                0x0000000000000a5d       0x2e c:/users/kovalev/appdata/roaming/xpacks/@gnu-mcu-eclipse/arm-none-eabi-gcc/8.2.1-1.7.1/.content/bin/../lib/gcc/arm-none-eabi/8.2.1/thumb/v7e-m/nofp\libgcc.a(_fixunsdfdi.o)

.debug
 *(.debug)

.line
 *(.line)

.debug_srcinfo
 *(.debug_srcinfo)

.debug_sfnames
 *(.debug_sfnames)

.debug_aranges  0x0000000000000000      0x648
 *(.debug_aranges)
 .debug_aranges
                0x0000000000000000       0x28 ./System/Src/newlib/exit.o
 .debug_aranges
                0x0000000000000028       0x20 ./System/Src/newlib/sbrk.o
 .debug_aranges
                0x0000000000000048       0x40 ./System/Src/newlib/startup.o
 .debug_aranges
                0x0000000000000088       0x30 ./System/Src/newlib/syscalls.o
 .debug_aranges
                0x00000000000000b8       0x90 ./System/Src/gd32f4xx/gd32f4xx_gpio.o
 .debug_aranges
                0x0000000000000148      0x190 ./System/Src/gd32f4xx/gd32f4xx_rcu.o
 .debug_aranges
                0x00000000000002d8      0x158 ./System/Src/gd32f4xx/gd32f4xx_spi.o
 .debug_aranges
                0x0000000000000430       0x30 ./System/Src/diag/trace-impl.o
 .debug_aranges
                0x0000000000000460       0x38 ./System/Src/diag/trace.o
 .debug_aranges
                0x0000000000000498       0x90 ./System/Src/cortexm/exception-handlers.o
 .debug_aranges
                0x0000000000000528       0x28 ./System/Src/cortexm/initialize-hardware.o
 .debug_aranges
                0x0000000000000550       0x38 ./System/Src/CMSIS/system_gd32f4xx.o
 .debug_aranges
                0x0000000000000588       0x20 ./System/Src/CMSIS/vectors_gd32f4xx.o
 .debug_aranges
                0x00000000000005a8       0x38 ./Src/main.o
 .debug_aranges
                0x00000000000005e0       0x30 ./Src/systick.o
 .debug_aranges
                0x0000000000000610       0x38 ./Src/timer.o

.debug_pubnames
 *(.debug_pubnames)

.debug_info     0x0000000000000000     0xdfa0
 *(.debug_info .gnu.linkonce.wi.*)
 .debug_info    0x0000000000000000      0x9e7 ./System/Src/newlib/exit.o
 .debug_info    0x00000000000009e7      0x9d4 ./System/Src/newlib/sbrk.o
 .debug_info    0x00000000000013bb      0x4ce ./System/Src/newlib/startup.o
 .debug_info    0x0000000000001889      0xab9 ./System/Src/newlib/syscalls.o
 .debug_info    0x0000000000002342     0x1180 ./System/Src/gd32f4xx/gd32f4xx_gpio.o
 .debug_info    0x00000000000034c2     0x1ebd ./System/Src/gd32f4xx/gd32f4xx_rcu.o
 .debug_info    0x000000000000537f     0x16ee ./System/Src/gd32f4xx/gd32f4xx_spi.o
 .debug_info    0x0000000000006a6d      0xcdb ./System/Src/diag/trace-impl.o
 .debug_info    0x0000000000007748      0xbdb ./System/Src/diag/trace.o
 .debug_info    0x0000000000008323     0x1313 ./System/Src/cortexm/exception-handlers.o
 .debug_info    0x0000000000009636      0xc08 ./System/Src/cortexm/initialize-hardware.o
 .debug_info    0x000000000000a23e      0xb9a ./System/Src/CMSIS/system_gd32f4xx.o
 .debug_info    0x000000000000add8       0xd1 ./System/Src/CMSIS/vectors_gd32f4xx.o
 .debug_info    0x000000000000aea9      0xfba ./Src/main.o
 .debug_info    0x000000000000be63     0x109c ./Src/systick.o
 .debug_info    0x000000000000ceff     0x10a1 ./Src/timer.o

.debug_abbrev   0x0000000000000000     0x2954
 *(.debug_abbrev)
 .debug_abbrev  0x0000000000000000      0x222 ./System/Src/newlib/exit.o
 .debug_abbrev  0x0000000000000222      0x232 ./System/Src/newlib/sbrk.o
 .debug_abbrev  0x0000000000000454      0x1d7 ./System/Src/newlib/startup.o
 .debug_abbrev  0x000000000000062b      0x26d ./System/Src/newlib/syscalls.o
 .debug_abbrev  0x0000000000000898      0x34a ./System/Src/gd32f4xx/gd32f4xx_gpio.o
 .debug_abbrev  0x0000000000000be2      0x329 ./System/Src/gd32f4xx/gd32f4xx_rcu.o
 .debug_abbrev  0x0000000000000f0b      0x314 ./System/Src/gd32f4xx/gd32f4xx_spi.o
 .debug_abbrev  0x000000000000121f      0x34e ./System/Src/diag/trace-impl.o
 .debug_abbrev  0x000000000000156d      0x2c6 ./System/Src/diag/trace.o
 .debug_abbrev  0x0000000000001833      0x372 ./System/Src/cortexm/exception-handlers.o
 .debug_abbrev  0x0000000000001ba5      0x20a ./System/Src/cortexm/initialize-hardware.o
 .debug_abbrev  0x0000000000001daf      0x2b6 ./System/Src/CMSIS/system_gd32f4xx.o
 .debug_abbrev  0x0000000000002065       0xa5 ./System/Src/CMSIS/vectors_gd32f4xx.o
 .debug_abbrev  0x000000000000210a      0x25d ./Src/main.o
 .debug_abbrev  0x0000000000002367      0x2ff ./Src/systick.o
 .debug_abbrev  0x0000000000002666      0x2ee ./Src/timer.o

.debug_line     0x0000000000000000     0x76cd
 *(.debug_line)
 .debug_line    0x0000000000000000      0x405 ./System/Src/newlib/exit.o
 .debug_line    0x0000000000000405      0x3fa ./System/Src/newlib/sbrk.o
 .debug_line    0x00000000000007ff      0x61b ./System/Src/newlib/startup.o
 .debug_line    0x0000000000000e1a      0x509 ./System/Src/newlib/syscalls.o
 .debug_line    0x0000000000001323      0x997 ./System/Src/gd32f4xx/gd32f4xx_gpio.o
 .debug_line    0x0000000000001cba     0x114f ./System/Src/gd32f4xx/gd32f4xx_rcu.o
 .debug_line    0x0000000000002e09      0xdb4 ./System/Src/gd32f4xx/gd32f4xx_spi.o
 .debug_line    0x0000000000003bbd      0x7c0 ./System/Src/diag/trace-impl.o
 .debug_line    0x000000000000437d      0x4e2 ./System/Src/diag/trace.o
 .debug_line    0x000000000000485f      0x99f ./System/Src/cortexm/exception-handlers.o
 .debug_line    0x00000000000051fe      0x625 ./System/Src/cortexm/initialize-hardware.o
 .debug_line    0x0000000000005823      0x88a ./System/Src/CMSIS/system_gd32f4xx.o
 .debug_line    0x00000000000060ad      0x135 ./System/Src/CMSIS/vectors_gd32f4xx.o
 .debug_line    0x00000000000061e2      0x762 ./Src/main.o
 .debug_line    0x0000000000006944      0x6a8 ./Src/systick.o
 .debug_line    0x0000000000006fec      0x6e1 ./Src/timer.o

.debug_frame    0x0000000000000000     0x1af8
 *(.debug_frame)
 .debug_frame   0x0000000000000000       0x38 ./System/Src/newlib/exit.o
 .debug_frame   0x0000000000000038       0x28 ./System/Src/newlib/sbrk.o
 .debug_frame   0x0000000000000060       0x7c ./System/Src/newlib/startup.o
 .debug_frame   0x00000000000000dc       0x50 ./System/Src/newlib/syscalls.o
 .debug_frame   0x000000000000012c      0x13c ./System/Src/gd32f4xx/gd32f4xx_gpio.o
 .debug_frame   0x0000000000000268      0x344 ./System/Src/gd32f4xx/gd32f4xx_rcu.o
 .debug_frame   0x00000000000005ac      0x2c0 ./System/Src/gd32f4xx/gd32f4xx_spi.o
 .debug_frame   0x000000000000086c       0x64 ./System/Src/diag/trace-impl.o
 .debug_frame   0x00000000000008d0       0x94 ./System/Src/diag/trace.o
 .debug_frame   0x0000000000000964      0x158 ./System/Src/cortexm/exception-handlers.o
 .debug_frame   0x0000000000000abc       0x40 ./System/Src/cortexm/initialize-hardware.o
 .debug_frame   0x0000000000000afc       0x70 ./System/Src/CMSIS/system_gd32f4xx.o
 .debug_frame   0x0000000000000b6c       0x20 ./System/Src/CMSIS/vectors_gd32f4xx.o
 .debug_frame   0x0000000000000b8c       0x74 ./Src/main.o
 .debug_frame   0x0000000000000c00       0x40 ./Src/systick.o
 .debug_frame   0x0000000000000c40       0x58 ./Src/timer.o
 .debug_frame   0x0000000000000c98       0x20 c:/users/kovalev/appdata/roaming/xpacks/@gnu-mcu-eclipse/arm-none-eabi-gcc/8.2.1-1.7.1/.content/bin/../lib/gcc/arm-none-eabi/8.2.1/../../../../arm-none-eabi/lib/thumb/v7e-m/nofp\libg_nano.a(lib_a-errno.o)
 .debug_frame   0x0000000000000cb8       0x28 c:/users/kovalev/appdata/roaming/xpacks/@gnu-mcu-eclipse/arm-none-eabi-gcc/8.2.1-1.7.1/.content/bin/../lib/gcc/arm-none-eabi/8.2.1/../../../../arm-none-eabi/lib/thumb/v7e-m/nofp\libg_nano.a(lib_a-memcpy-stub.o)
 .debug_frame   0x0000000000000ce0       0x94 c:/users/kovalev/appdata/roaming/xpacks/@gnu-mcu-eclipse/arm-none-eabi-gcc/8.2.1-1.7.1/.content/bin/../lib/gcc/arm-none-eabi/8.2.1/../../../../arm-none-eabi/lib/thumb/v7e-m/nofp\libg_nano.a(lib_a-nano-vfprintf_float.o)
 .debug_frame   0x0000000000000d74       0x60 c:/users/kovalev/appdata/roaming/xpacks/@gnu-mcu-eclipse/arm-none-eabi-gcc/8.2.1-1.7.1/.content/bin/../lib/gcc/arm-none-eabi/8.2.1/../../../../arm-none-eabi/lib/thumb/v7e-m/nofp\libg_nano.a(lib_a-nano-vfprintf_i.o)
 .debug_frame   0x0000000000000dd4       0x40 c:/users/kovalev/appdata/roaming/xpacks/@gnu-mcu-eclipse/arm-none-eabi-gcc/8.2.1-1.7.1/.content/bin/../lib/gcc/arm-none-eabi/8.2.1/../../../../arm-none-eabi/lib/thumb/v7e-m/nofp\libg_nano.a(lib_a-nano-vfscanf_float.o)
 .debug_frame   0x0000000000000e14       0x20 c:/users/kovalev/appdata/roaming/xpacks/@gnu-mcu-eclipse/arm-none-eabi-gcc/8.2.1-1.7.1/.content/bin/../lib/gcc/arm-none-eabi/8.2.1/../../../../arm-none-eabi/lib/thumb/v7e-m/nofp\libg_nano.a(lib_a-sf_nan.o)
 .debug_frame   0x0000000000000e34       0x6c c:/users/kovalev/appdata/roaming/xpacks/@gnu-mcu-eclipse/arm-none-eabi-gcc/8.2.1-1.7.1/.content/bin/../lib/gcc/arm-none-eabi/8.2.1/../../../../arm-none-eabi/lib/thumb/v7e-m/nofp\libg_nano.a(lib_a-sprintf.o)
 .debug_frame   0x0000000000000ea0       0xe8 c:/users/kovalev/appdata/roaming/xpacks/@gnu-mcu-eclipse/arm-none-eabi-gcc/8.2.1-1.7.1/.content/bin/../lib/gcc/arm-none-eabi/8.2.1/../../../../arm-none-eabi/lib/thumb/v7e-m/nofp\libg_nano.a(lib_a-strtod.o)
 .debug_frame   0x0000000000000f88       0x64 c:/users/kovalev/appdata/roaming/xpacks/@gnu-mcu-eclipse/arm-none-eabi-gcc/8.2.1-1.7.1/.content/bin/../lib/gcc/arm-none-eabi/8.2.1/../../../../arm-none-eabi/lib/thumb/v7e-m/nofp\libg_nano.a(lib_a-strtol.o)
 .debug_frame   0x0000000000000fec       0x4c c:/users/kovalev/appdata/roaming/xpacks/@gnu-mcu-eclipse/arm-none-eabi-gcc/8.2.1-1.7.1/.content/bin/../lib/gcc/arm-none-eabi/8.2.1/../../../../arm-none-eabi/lib/thumb/v7e-m/nofp\libg_nano.a(lib_a-vsnprintf.o)
 .debug_frame   0x0000000000001038       0x6c c:/users/kovalev/appdata/roaming/xpacks/@gnu-mcu-eclipse/arm-none-eabi-gcc/8.2.1-1.7.1/.content/bin/../lib/gcc/arm-none-eabi/8.2.1/../../../../arm-none-eabi/lib/thumb/v7e-m/nofp\libg_nano.a(lib_a-dtoa.o)
 .debug_frame   0x00000000000010a4       0x70 c:/users/kovalev/appdata/roaming/xpacks/@gnu-mcu-eclipse/arm-none-eabi-gcc/8.2.1-1.7.1/.content/bin/../lib/gcc/arm-none-eabi/8.2.1/../../../../arm-none-eabi/lib/thumb/v7e-m/nofp\libg_nano.a(lib_a-gdtoa-gethex.o)
 .debug_frame   0x0000000000001114       0x74 c:/users/kovalev/appdata/roaming/xpacks/@gnu-mcu-eclipse/arm-none-eabi-gcc/8.2.1-1.7.1/.content/bin/../lib/gcc/arm-none-eabi/8.2.1/../../../../arm-none-eabi/lib/thumb/v7e-m/nofp\libg_nano.a(lib_a-gdtoa-hexnan.o)
 .debug_frame   0x0000000000001188       0x20 c:/users/kovalev/appdata/roaming/xpacks/@gnu-mcu-eclipse/arm-none-eabi-gcc/8.2.1-1.7.1/.content/bin/../lib/gcc/arm-none-eabi/8.2.1/../../../../arm-none-eabi/lib/thumb/v7e-m/nofp\libg_nano.a(lib_a-lnumeric.o)
 .debug_frame   0x00000000000011a8       0x48 c:/users/kovalev/appdata/roaming/xpacks/@gnu-mcu-eclipse/arm-none-eabi-gcc/8.2.1-1.7.1/.content/bin/../lib/gcc/arm-none-eabi/8.2.1/../../../../arm-none-eabi/lib/thumb/v7e-m/nofp\libg_nano.a(lib_a-locale.o)
 .debug_frame   0x00000000000011f0       0x40 c:/users/kovalev/appdata/roaming/xpacks/@gnu-mcu-eclipse/arm-none-eabi-gcc/8.2.1-1.7.1/.content/bin/../lib/gcc/arm-none-eabi/8.2.1/../../../../arm-none-eabi/lib/thumb/v7e-m/nofp\libg_nano.a(lib_a-localeconv.o)
 .debug_frame   0x0000000000001230       0x30 c:/users/kovalev/appdata/roaming/xpacks/@gnu-mcu-eclipse/arm-none-eabi-gcc/8.2.1-1.7.1/.content/bin/../lib/gcc/arm-none-eabi/8.2.1/../../../../arm-none-eabi/lib/thumb/v7e-m/nofp\libg_nano.a(lib_a-malloc.o)
 .debug_frame   0x0000000000001260       0x48 c:/users/kovalev/appdata/roaming/xpacks/@gnu-mcu-eclipse/arm-none-eabi-gcc/8.2.1-1.7.1/.content/bin/../lib/gcc/arm-none-eabi/8.2.1/../../../../arm-none-eabi/lib/thumb/v7e-m/nofp\libg_nano.a(lib_a-mbtowc_r.o)
 .debug_frame   0x00000000000012a8      0x248 c:/users/kovalev/appdata/roaming/xpacks/@gnu-mcu-eclipse/arm-none-eabi-gcc/8.2.1-1.7.1/.content/bin/../lib/gcc/arm-none-eabi/8.2.1/../../../../arm-none-eabi/lib/thumb/v7e-m/nofp\libg_nano.a(lib_a-mprec.o)
 .debug_frame   0x00000000000014f0       0x2c c:/users/kovalev/appdata/roaming/xpacks/@gnu-mcu-eclipse/arm-none-eabi-gcc/8.2.1-1.7.1/.content/bin/../lib/gcc/arm-none-eabi/8.2.1/../../../../arm-none-eabi/lib/thumb/v7e-m/nofp\libg_nano.a(lib_a-nano-callocr.o)
 .debug_frame   0x000000000000151c       0x38 c:/users/kovalev/appdata/roaming/xpacks/@gnu-mcu-eclipse/arm-none-eabi-gcc/8.2.1-1.7.1/.content/bin/../lib/gcc/arm-none-eabi/8.2.1/../../../../arm-none-eabi/lib/thumb/v7e-m/nofp\libg_nano.a(lib_a-nano-freer.o)
 .debug_frame   0x0000000000001554       0x30 c:/users/kovalev/appdata/roaming/xpacks/@gnu-mcu-eclipse/arm-none-eabi-gcc/8.2.1-1.7.1/.content/bin/../lib/gcc/arm-none-eabi/8.2.1/../../../../arm-none-eabi/lib/thumb/v7e-m/nofp\libg_nano.a(lib_a-nano-mallocr.o)
 .debug_frame   0x0000000000001584       0x90 c:/users/kovalev/appdata/roaming/xpacks/@gnu-mcu-eclipse/arm-none-eabi-gcc/8.2.1-1.7.1/.content/bin/../lib/gcc/arm-none-eabi/8.2.1/../../../../arm-none-eabi/lib/thumb/v7e-m/nofp\libg_nano.a(lib_a-nano-svfprintf.o)
 .debug_frame   0x0000000000001614       0x20 c:/users/kovalev/appdata/roaming/xpacks/@gnu-mcu-eclipse/arm-none-eabi-gcc/8.2.1-1.7.1/.content/bin/../lib/gcc/arm-none-eabi/8.2.1/../../../../arm-none-eabi/lib/thumb/v7e-m/nofp\libg_nano.a(lib_a-s_nan.o)
 .debug_frame   0x0000000000001634       0x2c c:/users/kovalev/appdata/roaming/xpacks/@gnu-mcu-eclipse/arm-none-eabi-gcc/8.2.1-1.7.1/.content/bin/../lib/gcc/arm-none-eabi/8.2.1/../../../../arm-none-eabi/lib/thumb/v7e-m/nofp\libg_nano.a(lib_a-sbrkr.o)
 .debug_frame   0x0000000000001660       0x28 c:/users/kovalev/appdata/roaming/xpacks/@gnu-mcu-eclipse/arm-none-eabi-gcc/8.2.1-1.7.1/.content/bin/../lib/gcc/arm-none-eabi/8.2.1/../../../../arm-none-eabi/lib/thumb/v7e-m/nofp\libg_nano.a(lib_a-strncmp.o)
 .debug_frame   0x0000000000001688       0x3c c:/users/kovalev/appdata/roaming/xpacks/@gnu-mcu-eclipse/arm-none-eabi-gcc/8.2.1-1.7.1/.content/bin/../lib/gcc/arm-none-eabi/8.2.1/../../../../arm-none-eabi/lib/thumb/v7e-m/nofp\libg_nano.a(lib_a-wctomb_r.o)
 .debug_frame   0x00000000000016c4       0x28 c:/users/kovalev/appdata/roaming/xpacks/@gnu-mcu-eclipse/arm-none-eabi-gcc/8.2.1-1.7.1/.content/bin/../lib/gcc/arm-none-eabi/8.2.1/../../../../arm-none-eabi/lib/thumb/v7e-m/nofp\libg_nano.a(lib_a-memmove.o)
 .debug_frame   0x00000000000016ec       0x20 c:/users/kovalev/appdata/roaming/xpacks/@gnu-mcu-eclipse/arm-none-eabi-gcc/8.2.1-1.7.1/.content/bin/../lib/gcc/arm-none-eabi/8.2.1/../../../../arm-none-eabi/lib/thumb/v7e-m/nofp\libg_nano.a(lib_a-memset.o)
 .debug_frame   0x000000000000170c       0x30 c:/users/kovalev/appdata/roaming/xpacks/@gnu-mcu-eclipse/arm-none-eabi-gcc/8.2.1-1.7.1/.content/bin/../lib/gcc/arm-none-eabi/8.2.1/../../../../arm-none-eabi/lib/thumb/v7e-m/nofp\libg_nano.a(lib_a-mlock.o)
 .debug_frame   0x000000000000173c       0x3c c:/users/kovalev/appdata/roaming/xpacks/@gnu-mcu-eclipse/arm-none-eabi-gcc/8.2.1-1.7.1/.content/bin/../lib/gcc/arm-none-eabi/8.2.1/../../../../arm-none-eabi/lib/thumb/v7e-m/nofp\libg_nano.a(lib_a-nano-reallocr.o)
 .debug_frame   0x0000000000001778       0xb0 c:/users/kovalev/appdata/roaming/xpacks/@gnu-mcu-eclipse/arm-none-eabi-gcc/8.2.1-1.7.1/.content/bin/../lib/gcc/arm-none-eabi/8.2.1/../../../../arm-none-eabi/lib/thumb/v7e-m/nofp\libg_nano.a(lib_a-lock.o)
 .debug_frame   0x0000000000001828       0x20 c:/users/kovalev/appdata/roaming/xpacks/@gnu-mcu-eclipse/arm-none-eabi-gcc/8.2.1-1.7.1/.content/bin/../lib/gcc/arm-none-eabi/8.2.1/../../../../arm-none-eabi/lib/thumb/v7e-m/nofp\libg_nano.a(lib_a-nano-msizer.o)
 .debug_frame   0x0000000000001848       0xac c:/users/kovalev/appdata/roaming/xpacks/@gnu-mcu-eclipse/arm-none-eabi-gcc/8.2.1-1.7.1/.content/bin/../lib/gcc/arm-none-eabi/8.2.1/thumb/v7e-m/nofp\libgcc.a(_arm_addsubdf3.o)
 .debug_frame   0x00000000000018f4       0x50 c:/users/kovalev/appdata/roaming/xpacks/@gnu-mcu-eclipse/arm-none-eabi-gcc/8.2.1-1.7.1/.content/bin/../lib/gcc/arm-none-eabi/8.2.1/thumb/v7e-m/nofp\libgcc.a(_arm_muldivdf3.o)
 .debug_frame   0x0000000000001944       0xc4 c:/users/kovalev/appdata/roaming/xpacks/@gnu-mcu-eclipse/arm-none-eabi-gcc/8.2.1-1.7.1/.content/bin/../lib/gcc/arm-none-eabi/8.2.1/thumb/v7e-m/nofp\libgcc.a(_arm_cmpdf2.o)
 .debug_frame   0x0000000000001a08       0x20 c:/users/kovalev/appdata/roaming/xpacks/@gnu-mcu-eclipse/arm-none-eabi-gcc/8.2.1-1.7.1/.content/bin/../lib/gcc/arm-none-eabi/8.2.1/thumb/v7e-m/nofp\libgcc.a(_arm_unorddf2.o)
 .debug_frame   0x0000000000001a28       0x24 c:/users/kovalev/appdata/roaming/xpacks/@gnu-mcu-eclipse/arm-none-eabi-gcc/8.2.1-1.7.1/.content/bin/../lib/gcc/arm-none-eabi/8.2.1/thumb/v7e-m/nofp\libgcc.a(_arm_fixdfsi.o)
 .debug_frame   0x0000000000001a4c       0x24 c:/users/kovalev/appdata/roaming/xpacks/@gnu-mcu-eclipse/arm-none-eabi-gcc/8.2.1-1.7.1/.content/bin/../lib/gcc/arm-none-eabi/8.2.1/thumb/v7e-m/nofp\libgcc.a(_arm_fixunsdfsi.o)
 .debug_frame   0x0000000000001a70       0x24 c:/users/kovalev/appdata/roaming/xpacks/@gnu-mcu-eclipse/arm-none-eabi-gcc/8.2.1-1.7.1/.content/bin/../lib/gcc/arm-none-eabi/8.2.1/thumb/v7e-m/nofp\libgcc.a(_arm_truncdfsf2.o)
 .debug_frame   0x0000000000001a94       0x38 c:/users/kovalev/appdata/roaming/xpacks/@gnu-mcu-eclipse/arm-none-eabi-gcc/8.2.1-1.7.1/.content/bin/../lib/gcc/arm-none-eabi/8.2.1/thumb/v7e-m/nofp\libgcc.a(_fixdfdi.o)
 .debug_frame   0x0000000000001acc       0x2c c:/users/kovalev/appdata/roaming/xpacks/@gnu-mcu-eclipse/arm-none-eabi-gcc/8.2.1-1.7.1/.content/bin/../lib/gcc/arm-none-eabi/8.2.1/thumb/v7e-m/nofp\libgcc.a(_fixunsdfdi.o)

.debug_str      0x0000000000000000    0x334d2
 *(.debug_str)
 .debug_str     0x0000000000000000     0x7c9a ./System/Src/newlib/exit.o
                                       0x7e6c (size before relaxing)
 .debug_str     0x0000000000007c9a      0x4f4 ./System/Src/newlib/sbrk.o
                                       0x721e (size before relaxing)
 .debug_str     0x000000000000818e      0xbb3 ./System/Src/newlib/startup.o
                                       0x6959 (size before relaxing)
 .debug_str     0x0000000000008d41      0xdee ./System/Src/newlib/syscalls.o
                                       0x806a (size before relaxing)
 .debug_str     0x0000000000009b2f    0x26afd ./System/Src/gd32f4xx/gd32f4xx_gpio.o
                                      0x2d6b5 (size before relaxing)
 .debug_str     0x000000000003062c     0x126a ./System/Src/gd32f4xx/gd32f4xx_rcu.o
                                      0x2e7b0 (size before relaxing)
 .debug_str     0x0000000000031896      0x51d ./System/Src/gd32f4xx/gd32f4xx_spi.o
                                      0x2daea (size before relaxing)
 .debug_str     0x0000000000031db3      0x379 ./System/Src/diag/trace-impl.o
                                      0x2f25e (size before relaxing)
 .debug_str     0x000000000003212c      0x813 ./System/Src/diag/trace.o
                                       0x85e5 (size before relaxing)
 .debug_str     0x000000000003293f      0x1fb ./System/Src/cortexm/exception-handlers.o
                                      0x2f3d7 (size before relaxing)
 .debug_str     0x0000000000032b3a       0x5d ./System/Src/cortexm/initialize-hardware.o
                                      0x2d2d6 (size before relaxing)
 .debug_str     0x0000000000032b97      0x207 ./System/Src/CMSIS/system_gd32f4xx.o
                                      0x2d435 (size before relaxing)
 .debug_str     0x0000000000032d9e       0x56 ./System/Src/CMSIS/vectors_gd32f4xx.o
                                       0x38ed (size before relaxing)
 .debug_str     0x0000000000032df4       0xc7 ./Src/main.o
                                      0x2e9f9 (size before relaxing)
 .debug_str     0x0000000000032ebb      0x5e5 ./Src/systick.o
                                      0x2d878 (size before relaxing)
 .debug_str     0x00000000000334a0       0x32 ./Src/timer.o
                                      0x2d909 (size before relaxing)

.debug_loc      0x0000000000000000     0x25af
 *(.debug_loc)
 .debug_loc     0x0000000000000000       0x15 ./System/Src/newlib/exit.o
 .debug_loc     0x0000000000000015       0x97 ./System/Src/newlib/sbrk.o
 .debug_loc     0x00000000000000ac      0x2a6 ./System/Src/newlib/startup.o
 .debug_loc     0x0000000000000352       0x6f ./System/Src/newlib/syscalls.o
 .debug_loc     0x00000000000003c1      0x3ba ./System/Src/gd32f4xx/gd32f4xx_gpio.o
 .debug_loc     0x000000000000077b      0xf45 ./System/Src/gd32f4xx/gd32f4xx_rcu.o
 .debug_loc     0x00000000000016c0      0x68c ./System/Src/gd32f4xx/gd32f4xx_spi.o
 .debug_loc     0x0000000000001d4c      0x1a1 ./System/Src/diag/trace-impl.o
 .debug_loc     0x0000000000001eed      0x118 ./System/Src/diag/trace.o
 .debug_loc     0x0000000000002005      0x35c ./System/Src/cortexm/exception-handlers.o
 .debug_loc     0x0000000000002361      0x14c ./System/Src/CMSIS/system_gd32f4xx.o
 .debug_loc     0x00000000000024ad       0x9f ./Src/systick.o